Component: ARM Compiler 5.06 update 6 (build 750) Tool: armlink [4d35ed]

==============================================================================

Section Cross References

    startup_stm32l476xx.o(RESET) refers to startup_stm32l476xx.o(STACK) for __initial_sp
    startup_stm32l476xx.o(RESET) refers to startup_stm32l476xx.o(.text) for Reset_Handler
    startup_stm32l476xx.o(RESET) refers to stm32l4xx_it.o(i.NMI_Handler) for NMI_Handler
    startup_stm32l476xx.o(RESET) refers to stm32l4xx_it.o(i.HardFault_Handler) for HardFault_Handler
    startup_stm32l476xx.o(RESET) refers to stm32l4xx_it.o(i.MemManage_Handler) for MemManage_Handler
    startup_stm32l476xx.o(RESET) refers to stm32l4xx_it.o(i.BusFault_Handler) for BusFault_Handler
    startup_stm32l476xx.o(RESET) refers to stm32l4xx_it.o(i.UsageFault_Handler) for UsageFault_Handler
    startup_stm32l476xx.o(RESET) refers to stm32l4xx_it.o(i.SVC_Handler) for SVC_Handler
    startup_stm32l476xx.o(RESET) refers to stm32l4xx_it.o(i.DebugMon_Handler) for DebugMon_Handler
    startup_stm32l476xx.o(RESET) refers to stm32l4xx_it.o(i.PendSV_Handler) for PendSV_Handler
    startup_stm32l476xx.o(RESET) refers to stm32l4xx_it.o(i.SysTick_Handler) for SysTick_Handler
    startup_stm32l476xx.o(RESET) refers to stm32l4xx_it.o(i.DMA1_Channel1_IRQHandler) for DMA1_Channel1_IRQHandler
    startup_stm32l476xx.o(RESET) refers to stm32l4xx_it.o(i.USART1_IRQHandler) for USART1_IRQHandler
    startup_stm32l476xx.o(RESET) refers to stm32l4xx_it.o(i.USART2_IRQHandler) for USART2_IRQHandler
    startup_stm32l476xx.o(RESET) refers to stm32l4xx_it.o(i.USART3_IRQHandler) for USART3_IRQHandler
    startup_stm32l476xx.o(RESET) refers to stm32l4xx_it.o(i.TIM6_DAC_IRQHandler) for TIM6_DAC_IRQHandler
    startup_stm32l476xx.o(RESET) refers to stm32l4xx_it.o(i.LPUART1_IRQHandler) for LPUART1_IRQHandler
    startup_stm32l476xx.o(.text) refers to system_stm32l4xx.o(i.SystemInit) for SystemInit
    startup_stm32l476xx.o(.text) refers to entry.o(.ARM.Collect$$$$00000000) for __main
    main.o(i.SystemClock_Config) refers to memseta.o(.text) for __aeabi_memclr4
    main.o(i.SystemClock_Config) refers to stm32l4xx_hal_rcc.o(i.HAL_RCC_OscConfig) for HAL_RCC_OscConfig
    main.o(i.SystemClock_Config) refers to stm32l4xx_hal_rcc.o(i.HAL_RCC_ClockConfig) for HAL_RCC_ClockConfig
    main.o(i.SystemClock_Config) refers to stm32l4xx_hal_rcc_ex.o(i.HAL_RCCEx_PeriphCLKConfig) for HAL_RCCEx_PeriphCLKConfig
    main.o(i.SystemClock_Config) refers to stm32l4xx_hal_pwr_ex.o(i.HAL_PWREx_ControlVoltageScaling) for HAL_PWREx_ControlVoltageScaling
    main.o(i.main) refers to stm32l4xx_hal.o(i.HAL_Init) for HAL_Init
    main.o(i.main) refers to main.o(i.SystemClock_Config) for SystemClock_Config
    main.o(i.main) refers to gpio.o(i.MX_GPIO_Init) for MX_GPIO_Init
    main.o(i.main) refers to dma.o(i.MX_DMA_Init) for MX_DMA_Init
    main.o(i.main) refers to spi.o(i.MX_SPI3_Init) for MX_SPI3_Init
    main.o(i.main) refers to tim.o(i.MX_TIM6_Init) for MX_TIM6_Init
    main.o(i.main) refers to usart.o(i.MX_LPUART1_UART_Init) for MX_LPUART1_UART_Init
    main.o(i.main) refers to usart.o(i.MX_USART1_UART_Init) for MX_USART1_UART_Init
    main.o(i.main) refers to usart.o(i.MX_USART2_UART_Init) for MX_USART2_UART_Init
    main.o(i.main) refers to usart.o(i.MX_USART3_UART_Init) for MX_USART3_UART_Init
    main.o(i.main) refers to adc.o(i.MX_ADC1_Init) for MX_ADC1_Init
    main.o(i.main) refers to printfa.o(i.__0printf) for __2printf
    main.o(i.main) refers to delay.o(i.delay_init) for delay_init
    main.o(i.main) refers to drv_serial.o(i.drv_serial_init) for drv_serial_init
    main.o(i.main) refers to power.o(i.power_init) for power_init
    main.o(i.main) refers to bsp_change.o(i.new_hard_init) for new_hard_init
    main.o(i.main) refers to tftlcd.o(i.LCD_Init) for LCD_Init
    main.o(i.main) refers to stm32l4xx_hal.o(i.HAL_Delay) for HAL_Delay
    main.o(i.main) refers to stm32l4xx_hal_gpio.o(i.HAL_GPIO_WritePin) for HAL_GPIO_WritePin
    main.o(i.main) refers to example_nbiot_aliyun_air.o(i.example_nbiot_aliyun_air_task) for example_nbiot_aliyun_air_task
    gpio.o(i.MX_GPIO_Init) refers to memseta.o(.text) for __aeabi_memclr4
    gpio.o(i.MX_GPIO_Init) refers to stm32l4xx_hal_gpio.o(i.HAL_GPIO_WritePin) for HAL_GPIO_WritePin
    gpio.o(i.MX_GPIO_Init) refers to stm32l4xx_hal_gpio.o(i.HAL_GPIO_Init) for HAL_GPIO_Init
    adc.o(i.HAL_ADC_MspDeInit) refers to stm32l4xx_hal_gpio.o(i.HAL_GPIO_DeInit) for HAL_GPIO_DeInit
    adc.o(i.HAL_ADC_MspDeInit) refers to stm32l4xx_hal_dma.o(i.HAL_DMA_DeInit) for HAL_DMA_DeInit
    adc.o(i.HAL_ADC_MspInit) refers to memseta.o(.text) for __aeabi_memclr4
    adc.o(i.HAL_ADC_MspInit) refers to stm32l4xx_hal_gpio.o(i.HAL_GPIO_Init) for HAL_GPIO_Init
    adc.o(i.HAL_ADC_MspInit) refers to stm32l4xx_hal_dma.o(i.HAL_DMA_Init) for HAL_DMA_Init
    adc.o(i.HAL_ADC_MspInit) refers to main.o(i.Error_Handler) for Error_Handler
[...]
    ..\\BSP\\hard_change\\bsp_change.c       0x00000000   Number         0  bsp_change.o ABSOLUTE
    ..\\BSP\\lcd_1_3\\tftlcd.c               0x00000000   Number         0  tftlcd.o ABSOLUTE
    ..\\BSP\\sensor\\CCS811\\CCS811.c        0x00000000   Number         0  ccs811.o ABSOLUTE
    ..\\BSP\\sensor\\CCS811\\myiic.c         0x00000000   Number         0  myiic.o ABSOLUTE
    ..\\BSP\\sensor\\power\\power.c          0x00000000   Number         0  power.o ABSOLUTE
    ..\\BSP\\sensor\\sensor.c                0x00000000   Number         0  sensor.o ABSOLUTE
    ..\\BSP\\sensor\\smoke\\smoke.c          0x00000000   Number         0  smoke.o ABSOLUTE
    ..\\COMM\\nbiot\\nbiot.c                 0x00000000   Number         0  nbiot.o ABSOLUTE
    ..\\COMM\\serial_port.c                  0x00000000   Number         0  serial_port.o ABSOLUTE
    ..\\COMM\\wifi_emw3080\\drv_serial.c     0x00000000   Number         0  drv_serial.o ABSOLUTE
    ..\\SYSTEM\\delay\\delay.c               0x00000000   Number         0  delay.o ABSOLUTE
    ..\\example\\nbiot_aliyun_air\\example_nbiot_aliyun_air.c 0x00000000   Number         0  example_nbiot_aliyun_air.o ABSOLUTE
    ..\example\nbiot_aliyun_air\example_nbiot_aliyun_air.c 0x00000000   Number         0  example_nbiot_aliyun_air.o ABSOLUTE
    cdrcmple.s                               0x00000000   Number         0  cdrcmple.o ABSOLUTE
    dc.s                                     0x00000000   Number         0  dc.o ABSOLUTE
    handlers.s                               0x00000000   Number         0  handlers.o ABSOLUTE
    init.s                                   0x00000000   Number         0  init.o ABSOLUTE
    startup_stm32l476xx.s                    0x00000000   Number         0  startup_stm32l476xx.o ABSOLUTE
    RESET                                    0x08000000   Section      392  startup_stm32l476xx.o(RESET)
    .ARM.Collect$$$$00000000                 0x08000188   Section        0  entry.o(.ARM.Collect$$$$00000000)
    .ARM.Collect$$$$00000001                 0x08000188   Section        4  entry2.o(.ARM.Collect$$$$00000001)
    .ARM.Collect$$$$00000004                 0x0800018c   Section        4  entry5.o(.ARM.Collect$$$$00000004)
    .ARM.Collect$$$$00000008                 0x08000190   Section        0  entry7b.o(.ARM.Collect$$$$00000008)
    .ARM.Collect$$$$0000000A                 0x08000190   Section        0  entry8b.o(.ARM.Collect$$$$0000000A)
    .ARM.Collect$$$$0000000B                 0x08000190   Section        8  entry9a.o(.ARM.Collect$$$$0000000B)
    .ARM.Collect$$$$0000000D                 0x08000198   Section        0  entry10a.o(.ARM.Collect$$$$0000000D)
    .ARM.Collect$$$$0000000F                 0x08000198   Section        0  entry11a.o(.ARM.Collect$$$$0000000F)
    .ARM.Collect$$$$00002712                 0x08000198   Section        4  entry2.o(.ARM.Collect$$$$00002712)
    __lit__00000000                          0x08000198   Data           4  entry2.o(.ARM.Collect$$$$00002712)
    .text                                    0x0800019c   Section       36  startup_stm32l476xx.o(.text)
    $v0                                      0x0800019c   Number         0  startup_stm32l476xx.o(.text)
    .text                                    0x080001c0   Section        0  uldiv.o(.text)
    .text                                    0x08000228   Section        0  memseta.o(.text)
    .text                                    0x0800024c   Section        0  dmul.o(.text)
    .text                                    0x08000336   Section        0  uidiv.o(.text)
    .text                                    0x08000362   Section        0  llshl.o(.text)
    .text                                    0x08000380   Section        0  llushr.o(.text)
    .text                                    0x080003a0   Section        0  depilogue.o(.text)
    .text                                    0x080003a0   Section        0  iusefp.o(.text)
    .text                                    0x0800045a   Section        0  dadd.o(.text)
    .text                                    0x080005b8   Section        0  ddiv.o(.text)
    .text                                    0x08000696   Section        0  dfixul.o(.text)
    .text                                    0x080006c8   Section       48  cdrcmple.o(.text)
    .text                                    0x080006f8   Section       36  init.o(.text)
    .text                                    0x0800071c   Section        0  llsshr.o(.text)
    i.ADC_DMAConvCplt                        0x08000740   Section        0  stm32l4xx_hal_adc.o(i.ADC_DMAConvCplt)
    i.ADC_DMAError                           0x080007a8   Section        0  stm32l4xx_hal_adc.o(i.ADC_DMAError)
    i.ADC_DMAHalfConvCplt                    0x080007c2   Section        0  stm32l4xx_hal_adc.o(i.ADC_DMAHalfConvCplt)
    i.ADC_Enable                             0x080007cc   Section        0  stm32l4xx_hal_adc.o(i.ADC_Enable)
    i.BusFault_Handler                       0x08000834   Section        0  stm32l4xx_it.o(i.BusFault_Handler)
    i.DMA1_Channel1_IRQHandler               0x08000838   Section        0  stm32l4xx_it.o(i.DMA1_Channel1_IRQHandler)
    i.DMA_SetConfig                          0x08000844   Section        0  stm32l4xx_hal_dma.o(i.DMA_SetConfig)
    DMA_SetConfig                            0x08000845   Thumb Code    46  stm32l4xx_hal_dma.o(i.DMA_SetConfig)
    i.DebugMon_Handler                       0x08000872   Section        0  stm32l4xx_it.o(i.DebugMon_Handler)
    i.Error_Handler                          0x08000874   Section        0  main.o(i.Error_Handler)
    i.HAL_ADCEx_MultiModeConfigChannel       0x08000878   Section        0  stm32l4xx_hal_adc_ex.o(i.HAL_ADCEx_MultiModeConfigChannel)
    i.HAL_ADC_ConfigChannel                  0x08000968   Section        0  stm32l4xx_hal_adc.o(i.HAL_ADC_ConfigChannel)
    i.HAL_ADC_ConvCpltCallback               0x08000d66   Section        0  stm32l4xx_hal_adc.o(i.HAL_ADC_ConvCpltCallback)
    i.HAL_ADC_ConvHalfCpltCallback           0x08000d68   Section        0  stm32l4xx_hal_adc.o(i.HAL_ADC_ConvHalfCpltCallback)
    i.HAL_ADC_ErrorCallback                  0x08000d6a   Section        0  stm32l4xx_hal_adc.o(i.HAL_ADC_ErrorCallback)
    i.HAL_ADC_Init                           0x08000d6c   Section        0  stm32l4xx_hal_adc.o(i.HAL_ADC_Init)
    i.HAL_ADC_MspInit                        0x08000f34   Section        0  adc.o(i.HAL_ADC_MspInit)
    i.HAL_ADC_Start_DMA                      0x08000fc8   Section        0  stm32l4xx_hal_adc.o(i.HAL_ADC_Start_DMA)
    i.HAL_DMA_Abort_IT                       0x080010b8   Section        0  stm32l4xx_hal_dma.o(i.HAL_DMA_Abort_IT)
    i.HAL_DMA_IRQHandler                     0x08001106   Section        0  stm32l4xx_hal_dma.o(i.HAL_DMA_IRQHandler)
    i.HAL_DMA_Init                           0x080011c0   Section        0  stm32l4xx_hal_dma.o(i.HAL_DMA_Init)
    i.HAL_DMA_Start_IT                       0x08001280   Section        0  stm32l4xx_hal_dma.o(i.HAL_DMA_Start_IT)
    i.HAL_Delay                              0x080012f0   Section        0  stm32l4xx_hal.o(i.HAL_Delay)
    i.HAL_GPIO_Init                          0x08001314   Section        0  stm32l4xx_hal_gpio.o(i.HAL_GPIO_Init)
    i.HAL_GPIO_WritePin                      0x0800157a   Section        0  stm32l4xx_hal_gpio.o(i.HAL_GPIO_WritePin)
    i.HAL_GetTick                            0x08001584   Section        0  stm32l4xx_hal.o(i.HAL_GetTick)
    i.HAL_IncTick                            0x08001590   Section        0  stm32l4xx_hal.o(i.HAL_IncTick)
    i.HAL_Init                               0x080015a0   Section        0  stm32l4xx_hal.o(i.HAL_Init)
    i.HAL_InitTick                           0x080015c0   Section        0  stm32l4xx_hal.o(i.HAL_InitTick)
    i.HAL_MspInit                            0x08001604   Section        0  stm32l4xx_hal_msp.o(i.HAL_MspInit)
    i.HAL_NVIC_EnableIRQ                     0x08001630   Section        0  stm32l4xx_hal_cortex.o(i.HAL_NVIC_EnableIRQ)
    i.HAL_NVIC_SetPriority                   0x0800164c   Section        0  stm32l4xx_hal_cortex.o(i.HAL_NVIC_SetPriority)
    i.HAL_NVIC_SetPriorityGrouping           0x0800168c   Section        0  stm32l4xx_hal_cortex.o(i.HAL_NVIC_SetPriorityGrouping)
    i.HAL_PWREx_ControlVoltageScaling        0x080016b0   Section        0  stm32l4xx_hal_pwr_ex.o(i.HAL_PWREx_ControlVoltageScaling)
    i.HAL_PWREx_GetVoltageRange              0x08001718   Section        0  stm32l4xx_hal_pwr_ex.o(i.HAL_PWREx_GetVoltageRange)
    i.HAL_RCCEx_PeriphCLKConfig              0x08001728   Section        0  stm32l4xx_hal_rcc_ex.o(i.HAL_RCCEx_PeriphCLKConfig)
    i.HAL_RCC_ClockConfig                    0x08001ad8   Section        0  stm32l4xx_hal_rcc.o(i.HAL_RCC_ClockConfig)
    i.HAL_RCC_GetPCLK1Freq                   0x08001bf8   Section        0  stm32l4xx_hal_rcc.o(i.HAL_RCC_GetPCLK1Freq)
    i.HAL_RCC_GetPCLK2Freq                   0x08001c1c   Section        0  stm32l4xx_hal_rcc.o(i.HAL_RCC_GetPCLK2Freq)
    i.HAL_RCC_GetSysClockFreq                0x08001c40   Section        0  stm32l4xx_hal_rcc.o(i.HAL_RCC_GetSysClockFreq)
    i.HAL_RCC_OscConfig                      0x08001ce4   Section        0  stm32l4xx_hal_rcc.o(i.HAL_RCC_OscConfig)
    i.HAL_SPI_Init                           0x0800220c   Section        0  stm32l4xx_hal_spi.o(i.HAL_SPI_Init)
    i.HAL_SPI_MspInit                        0x080022ec   Section        0  spi.o(i.HAL_SPI_MspInit)
    i.HAL_SPI_Transmit                       0x08002354   Section        0  stm32l4xx_hal_spi.o(i.HAL_SPI_Transmit)
    i.HAL_SYSTICK_CLKSourceConfig            0x080024e2   Section        0  stm32l4xx_hal_cortex.o(i.HAL_SYSTICK_CLKSourceConfig)
    i.HAL_SYSTICK_Config                     0x080024fa   Section        0  stm32l4xx_hal_cortex.o(i.HAL_SYSTICK_Config)
    i.HAL_TIMEx_Break2Callback               0x08002522   Section        0  stm32l4xx_hal_tim_ex.o(i.HAL_TIMEx_Break2Callback)
    i.HAL_TIMEx_BreakCallback                0x08002524   Section        0  stm32l4xx_hal_tim_ex.o(i.HAL_TIMEx_BreakCallback)
    i.HAL_TIMEx_CommutCallback               0x08002526   Section        0  stm32l4xx_hal_tim_ex.o(i.HAL_TIMEx_CommutCallback)
    i.HAL_TIMEx_MasterConfigSynchronization  0x08002528   Section        0  stm32l4xx_hal_tim_ex.o(i.HAL_TIMEx_MasterConfigSynchronization)
    i.HAL_TIM_Base_Init                      0x080025c4   Section        0  stm32l4xx_hal_tim.o(i.HAL_TIM_Base_Init)
    i.HAL_TIM_Base_MspInit                   0x08002628   Section        0  tim.o(i.HAL_TIM_Base_MspInit)
    i.HAL_TIM_Base_Start_IT                  0x08002664   Section        0  stm32l4xx_hal_tim.o(i.HAL_TIM_Base_Start_IT)
    i.HAL_TIM_Base_Stop_IT                   0x080026e4   Section        0  stm32l4xx_hal_tim.o(i.HAL_TIM_Base_Stop_IT)
    i.HAL_TIM_IC_CaptureCallback             0x08002714   Section        0  stm32l4xx_hal_tim.o(i.HAL_TIM_IC_CaptureCallback)
    i.HAL_TIM_IRQHandler                     0x08002716   Section        0  stm32l4xx_hal_tim.o(i.HAL_TIM_IRQHandler)
    i.HAL_TIM_OC_DelayElapsedCallback        0x0800289a   Section        0  stm32l4xx_hal_tim.o(i.HAL_TIM_OC_DelayElapsedCallback)
    i.HAL_TIM_PWM_PulseFinishedCallback      0x0800289c   Section        0  stm32l4xx_hal_tim.o(i.HAL_TIM_PWM_PulseFinishedCallback)
    i.HAL_TIM_PeriodElapsedCallback          0x0800289e   Section        0  serial_port.o(i.HAL_TIM_PeriodElapsedCallback)
    i.HAL_TIM_TriggerCallback                0x080028a2   Section        0  stm32l4xx_hal_tim.o(i.HAL_TIM_TriggerCallback)
    i.HAL_UARTEx_WakeupCallback              0x080028a4   Section        0  stm32l4xx_hal_uart_ex.o(i.HAL_UARTEx_WakeupCallback)
    i.HAL_UART_ErrorCallback                 0x080028a6   Section        0  stm32l4xx_hal_uart.o(i.HAL_UART_ErrorCallback)
    i.HAL_UART_IRQHandler                    0x080028a8   Section        0  stm32l4xx_hal_uart.o(i.HAL_UART_IRQHandler)
    i.HAL_UART_Init                          0x08002a0c   Section        0  stm32l4xx_hal_uart.o(i.HAL_UART_Init)
    i.HAL_UART_MspInit                       0x08002a74   Section        0  usart.o(i.HAL_UART_MspInit)
    i.HAL_UART_Receive                       0x08002bd4   Section        0  stm32l4xx_hal_uart.o(i.HAL_UART_Receive)
    i.HAL_UART_Receive_IT                    0x08002cc8   Section        0  stm32l4xx_hal_uart.o(i.HAL_UART_Receive_IT)
    i.HAL_UART_RxCpltCallback                0x08002d74   Section        0  serial_port.o(i.HAL_UART_RxCpltCallback)
    i.HAL_UART_Transmit                      0x08002d78   Section        0  stm32l4xx_hal_uart.o(i.HAL_UART_Transmit)
    i.HAL_UART_TxCpltCallback                0x08002e2e   Section        0  stm32l4xx_hal_uart.o(i.HAL_UART_TxCpltCallback)
    i.HardFault_Handler                      0x08002e30   Section        0  stm32l4xx_it.o(i.HardFault_Handler)
    i.IIC_Init                               0x08002e34   Section        0  myiic.o(i.IIC_Init)
    i.LCD_Address_Set                        0x08002e98   Section        0  tftlcd.o(i.LCD_Address_Set)
    i.LCD_Clear                              0x08002eec   Section        0  tftlcd.o(i.LCD_Clear)
    i.LCD_DrawLine                           0x08002f44   Section        0  tftlcd.o(i.LCD_DrawLine)
    i.LCD_Draw_Point                         0x08003040   Section        0  tftlcd.o(i.LCD_Draw_Point)
    i.LCD_Fill                               0x0800305c   Section        0  tftlcd.o(i.LCD_Fill)
    i.LCD_Gpio_Init                          0x080030e8   Section        0  tftlcd.o(i.LCD_Gpio_Init)
    LCD_Gpio_Init                            0x080030e9   Thumb Code   114  tftlcd.o(i.LCD_Gpio_Init)
    i.LCD_Init                               0x08003164   Section        0  tftlcd.o(i.LCD_Init)
    i.LCD_Pow                                0x08003304   Section        0  tftlcd.o(i.LCD_Pow)
    LCD_Pow                                  0x08003305   Thumb Code    16  tftlcd.o(i.LCD_Pow)
    i.LCD_SPI_Send                           0x08003314   Section        0  tftlcd.o(i.LCD_SPI_Send)
    LCD_SPI_Send                             0x08003315   Thumb Code     4  tftlcd.o(i.LCD_SPI_Send)
    i.LCD_ShowChar                           0x08003318   Section        0  tftlcd.o(i.LCD_ShowChar)
    i.LCD_ShowNum                            0x0800345a   Section        0  tftlcd.o(i.LCD_ShowNum)
    i.LCD_ShowString                         0x080034ca   Section        0  tftlcd.o(i.LCD_ShowString)
    i.LCD_Show_Image                         0x08003518   Section        0  tftlcd.o(i.LCD_Show_Image)
    i.LCD_WriteData                          0x0800355c   Section        0  tftlcd.o(i.LCD_WriteData)
    i.LCD_Write_Cmd                          0x08003570   Section        0  tftlcd.o(i.LCD_Write_Cmd)
    LCD_Write_Cmd                            0x08003571   Thumb Code    24  tftlcd.o(i.LCD_Write_Cmd)
    i.LCD_Write_Data                         0x0800358c   Section        0  tftlcd.o(i.LCD_Write_Data)
    LCD_Write_Data                           0x0800358d   Thumb Code    22  tftlcd.o(i.LCD_Write_Data)
    i.LCD_Write_HalfWord                     0x080035a8   Section        0  tftlcd.o(i.LCD_Write_HalfWord)
    i.LL_ADC_GetOffsetChannel                0x080035d0   Section        0  stm32l4xx_hal_adc.o(i.LL_ADC_GetOffsetChannel)
    LL_ADC_GetOffsetChannel                  0x080035d1   Thumb Code    12  stm32l4xx_hal_adc.o(i.LL_ADC_GetOffsetChannel)
    i.LL_ADC_INJ_IsConversionOngoing         0x080035dc   Section        0  stm32l4xx_hal_adc.o(i.LL_ADC_INJ_IsConversionOngoing)
    LL_ADC_INJ_IsConversionOngoing           0x080035dd   Thumb Code     8  stm32l4xx_hal_adc.o(i.LL_ADC_INJ_IsConversionOngoing)
    i.LL_ADC_REG_IsConversionOngoing         0x080035e4   Section        0  stm32l4xx_hal_adc.o(i.LL_ADC_REG_IsConversionOngoing)
    LL_ADC_REG_IsConversionOngoing           0x080035e5   Thumb Code     8  stm32l4xx_hal_adc.o(i.LL_ADC_REG_IsConversionOngoing)
    i.LL_ADC_REG_IsConversionOngoing         0x080035ec   Section        0  stm32l4xx_hal_adc_ex.o(i.LL_ADC_REG_IsConversionOngoing)
    LL_ADC_REG_IsConversionOngoing           0x080035ed   Thumb Code     8  stm32l4xx_hal_adc_ex.o(i.LL_ADC_REG_IsConversionOngoing)
    i.LL_ADC_REG_IsTriggerSourceSWStart      0x080035f4   Section        0  stm32l4xx_hal_adc.o(i.LL_ADC_REG_IsTriggerSourceSWStart)
    LL_ADC_REG_IsTriggerSourceSWStart        0x080035f5   Thumb Code    16  stm32l4xx_hal_adc.o(i.LL_ADC_REG_IsTriggerSourceSWStart)
    i.LL_ADC_SetChannelSamplingTime          0x08003604   Section        0  stm32l4xx_hal_adc.o(i.LL_ADC_SetChannelSamplingTime)
    LL_ADC_SetChannelSamplingTime            0x08003605   Thumb Code    30  stm32l4xx_hal_adc.o(i.LL_ADC_SetChannelSamplingTime)
    i.LL_ADC_SetOffsetState                  0x08003622   Section        0  stm32l4xx_hal_adc.o(i.LL_ADC_SetOffsetState)
    LL_ADC_SetOffsetState                    0x08003623   Thumb Code    16  stm32l4xx_hal_adc.o(i.LL_ADC_SetOffsetState)
    i.LPUART1_IRQHandler                     0x08003634   Section        0  stm32l4xx_it.o(i.LPUART1_IRQHandler)
    i.MX_ADC1_Init                           0x08003668   Section        0  adc.o(i.MX_ADC1_Init)
    i.MX_DMA_Init                            0x08003718   Section        0  dma.o(i.MX_DMA_Init)
    i.MX_GPIO_Init                           0x08003744   Section        0  gpio.o(i.MX_GPIO_Init)
    i.MX_LPUART1_UART_Init                   0x080037b0   Section        0  usart.o(i.MX_LPUART1_UART_Init)
    i.MX_SPI3_Init                           0x080037f8   Section        0  spi.o(i.MX_SPI3_Init)
    i.MX_TIM6_Init                           0x08003848   Section        0  tim.o(i.MX_TIM6_Init)
    i.MX_USART1_UART_Init                    0x08003890   Section        0  usart.o(i.MX_USART1_UART_Init)
    i.MX_USART2_UART_Init                    0x080038d8   Section        0  usart.o(i.MX_USART2_UART_Init)
    i.MX_USART3_UART_Init                    0x08003920   Section        0  usart.o(i.MX_USART3_UART_Init)
    i.MemManage_Handler                      0x0800395c   Section        0  stm32l4xx_it.o(i.MemManage_Handler)
    i.NMI_Handler                            0x0800395e   Section        0  stm32l4xx_it.o(i.NMI_Handler)
    i.PendSV_Handler                         0x08003960   Section        0  stm32l4xx_it.o(i.PendSV_Handler)
    i.RCCEx_PLLSAI1_Config                   0x08003964   Section        0  stm32l4xx_hal_rcc_ex.o(i.RCCEx_PLLSAI1_Config)
    RCCEx_PLLSAI1_Config                     0x08003965   Thumb Code   278  stm32l4xx_hal_rcc_ex.o(i.RCCEx_PLLSAI1_Config)
    i.RCCEx_PLLSAI2_Config                   0x08003a90   Section        0  stm32l4xx_hal_rcc_ex.o(i.RCCEx_PLLSAI2_Config)
    RCCEx_PLLSAI2_Config                     0x08003a91   Thumb Code   250  stm32l4xx_hal_rcc_ex.o(i.RCCEx_PLLSAI2_Config)
    i.RCC_SetFlashLatencyFromMSIRange        0x08003b98   Section        0  stm32l4xx_hal_rcc.o(i.RCC_SetFlashLatencyFromMSIRange)
    RCC_SetFlashLatencyFromMSIRange          0x08003b99   Thumb Code   116  stm32l4xx_hal_rcc.o(i.RCC_SetFlashLatencyFromMSIRange)
    i.SPI_EndRxTxTransaction                 0x08003c14   Section        0  stm32l4xx_hal_spi.o(i.SPI_EndRxTxTransaction)
    SPI_EndRxTxTransaction                   0x08003c15   Thumb Code    72  stm32l4xx_hal_spi.o(i.SPI_EndRxTxTransaction)
    i.SPI_WaitFifoStateUntilTimeout          0x08003c5c   Section        0  stm32l4xx_hal_spi.o(i.SPI_WaitFifoStateUntilTimeout)
    SPI_WaitFifoStateUntilTimeout            0x08003c5d   Thumb Code   196  stm32l4xx_hal_spi.o(i.SPI_WaitFifoStateUntilTimeout)
    i.SPI_WaitFlagStateUntilTimeout          0x08003d2c   Section        0  stm32l4xx_hal_spi.o(i.SPI_WaitFlagStateUntilTimeout)
    SPI_WaitFlagStateUntilTimeout            0x08003d2d   Thumb Code   180  stm32l4xx_hal_spi.o(i.SPI_WaitFlagStateUntilTimeout)
    i.SVC_Handler                            0x08003de4   Section        0  stm32l4xx_it.o(i.SVC_Handler)
    i.SysTick_Handler                        0x08003de6   Section        0  stm32l4xx_it.o(i.SysTick_Handler)
    i.SystemClock_Config                     0x08003dea   Section        0  main.o(i.SystemClock_Config)
    i.SystemInit                             0x08003e78   Section        0  system_stm32l4xx.o(i.SystemInit)
    i.TIM6_DAC_IRQHandler                    0x08003ebc   Section        0  stm32l4xx_it.o(i.TIM6_DAC_IRQHandler)
    i.TIM_Base_SetConfig                     0x08003ec8   Section        0  stm32l4xx_hal_tim.o(i.TIM_Base_SetConfig)
    i.UART_AdvFeatureConfig                  0x08003f88   Section        0  stm32l4xx_hal_uart.o(i.UART_AdvFeatureConfig)
    i.UART_CheckIdleState                    0x08004050   Section        0  stm32l4xx_hal_uart.o(i.UART_CheckIdleState)
    i.UART_DMAAbortOnError                   0x080040a8   Section        0  stm32l4xx_hal_uart.o(i.UART_DMAAbortOnError)
    UART_DMAAbortOnError                     0x080040a9   Thumb Code    20  stm32l4xx_hal_uart.o(i.UART_DMAAbortOnError)
    i.UART_EndRxTransfer                     0x080040bc   Section        0  stm32l4xx_hal_uart.o(i.UART_EndRxTransfer)
    UART_EndRxTransfer                       0x080040bd   Thumb Code    30  stm32l4xx_hal_uart.o(i.UART_EndRxTransfer)
    i.UART_RxISR_16BIT                       0x080040da   Section        0  stm32l4xx_hal_uart.o(i.UART_RxISR_16BIT)
    UART_RxISR_16BIT                         0x080040db   Thumb Code    90  stm32l4xx_hal_uart.o(i.UART_RxISR_16BIT)
    i.UART_RxISR_8BIT                        0x08004134   Section        0  stm32l4xx_hal_uart.o(i.UART_RxISR_8BIT)
    UART_RxISR_8BIT                          0x08004135   Thumb Code    90  stm32l4xx_hal_uart.o(i.UART_RxISR_8BIT)
    i.UART_SetConfig                         0x08004190   Section        0  stm32l4xx_hal_uart.o(i.UART_SetConfig)
    i.UART_WaitOnFlagUntilTimeout            0x080043dc   Section        0  stm32l4xx_hal_uart.o(i.UART_WaitOnFlagUntilTimeout)
    i.USART1_IRQHandler                      0x08004480   Section        0  stm32l4xx_it.o(i.USART1_IRQHandler)
    i.USART2_IRQHandler                      0x080044b4   Section        0  stm32l4xx_it.o(i.USART2_IRQHandler)
    i.USART3_IRQHandler                      0x080044e8   Section        0  stm32l4xx_it.o(i.USART3_IRQHandler)
    i.UsageFault_Handler                     0x080044f4   Section        0  stm32l4xx_it.o(i.UsageFault_Handler)
    i.__0printf                              0x080044f8   Section        0  printfa.o(i.__0printf)
    i.__0sprintf                             0x08004518   Section        0  printfa.o(i.__0sprintf)
    i.__NVIC_SetPriority                     0x08004540   Section        0  stm32l4xx_hal_cortex.o(i.__NVIC_SetPriority)
    __NVIC_SetPriority                       0x08004541   Thumb Code    32  stm32l4xx_hal_cortex.o(i.__NVIC_SetPriority)
    i.__scatterload_copy                     0x08004560   Section       14  handlers.o(i.__scatterload_copy)
    i.__scatterload_null                     0x0800456e   Section        2  handlers.o(i.__scatterload_null)
    i.__scatterload_zeroinit                 0x08004570   Section       14  handlers.o(i.__scatterload_zeroinit)
    i.__show_title                           0x0800457e   Section        0  gui.o(i.__show_title)
    i.__task_before_nbiot_init               0x08004594   Section        0  example_nbiot_aliyun_air.o(i.__task_before_nbiot_init)
    __task_before_nbiot_init                 0x08004595   Thumb Code   118  example_nbiot_aliyun_air.o(i.__task_before_nbiot_init)
    i._fp_digits                             0x0800462c   Section        0  printfa.o(i._fp_digits)
    _fp_digits                               0x0800462d   Thumb Code   366  printfa.o(i._fp_digits)
    i._printf_core                           0x080047b8   Section        0  printfa.o(i._printf_core)
    _printf_core                             0x080047b9   Thumb Code  1744  printfa.o(i._printf_core)
    i._printf_post_padding                   0x08004e9a   Section        0  printfa.o(i._printf_post_padding)
    _printf_post_padding                     0x08004e9b   Thumb Code    36  printfa.o(i._printf_post_padding)
    i._printf_pre_padding                    0x08004ebe   Section        0  printfa.o(i._printf_pre_padding)
    _printf_pre_padding                      0x08004ebf   Thumb Code    46  printfa.o(i._printf_pre_padding)
    i._sputc                                 0x08004eec   Section        0  printfa.o(i._sputc)
    _sputc                                   0x08004eed   Thumb Code    10  printfa.o(i._sputc)
    i.delay_init                             0x08004ef8   Section        0  delay.o(i.delay_init)
    i.delay_ms                               0x08004f0c   Section        0  delay.o(i.delay_ms)
    i.delay_us                               0x08004f28   Section        0  delay.o(i.delay_us)
    i.drv_serial_init                        0x08004f5c   Section        0  drv_serial.o(i.drv_serial_init)
    i.drv_serial_tim_irhandle                0x08004fa4   Section        0  drv_serial.o(i.drv_serial_tim_irhandle)
    i.drv_serial_usart_irhandle              0x08004fc4   Section        0  drv_serial.o(i.drv_serial_usart_irhandle)
    i.example_nbiot_aliyun_air_task          0x08005034   Section        0  example_nbiot_aliyun_air.o(i.example_nbiot_aliyun_air_task)
    i.fputc                                  0x08005038   Section        0  usart.o(i.fputc)
    i.led_init                               0x08005050   Section        0  bsp_change.o(i.led_init)
    led_init                                 0x08005051   Thumb Code   116  bsp_change.o(i.led_init)
    i.main                                   0x080050cc   Section        0  main.o(i.main)
    i.new_hard_init                          0x0800514c   Section        0  bsp_change.o(i.new_hard_init)
    i.power_init                             0x08005210   Section        0  power.o(i.power_init)
    i.show_smoke_gui                         0x08005228   Section        0  gui.o(i.show_smoke_gui)
    .constdata                               0x080052c0   Section       64  system_stm32l4xx.o(.constdata)
    .constdata                               0x08005300   Section        8  system_stm32l4xx.o(.constdata)
    .constdata                               0x08005308   Section    19380  tftlcd.o(.constdata)
    .constdata                               0x08009ebc   Section    16000  gui.o(.constdata)
    .data                                    0x20000000   Section       12  stm32l4xx_hal.o(.data)
    .data                                    0x2000000c   Section        4  system_stm32l4xx.o(.data)
    .data                                    0x20000010   Section        4  tftlcd.o(.data)
    .data                                    0x20000014   Section        4  delay.o(.data)
    fac_us                                   0x20000014   Data           4  delay.o(.data)
    .data                                    0x20000018   Section        8  smoke.o(.data)
    .data                                    0x20000020   Section       10  ccs811.o(.data)
    .data                                    0x2000002a   Section        4  drv_serial.o(.data)
    .data                                    0x20000030   Section        4  stdout.o(.data)
    .bss                                     0x20000034   Section      172  adc.o(.bss)
    .bss                                     0x200000e0   Section      100  spi.o(.bss)
    .bss                                     0x20000144   Section       76  tim.o(.bss)
    .bss                                     0x20000190   Section      512  usart.o(.bss)
    .bss                                     0x20000390   Section     1152  tftlcd.o(.bss)
    lcd_buf                                  0x20000390   Data        1152  tftlcd.o(.bss)
    .bss                                     0x20000810   Section     2048  drv_serial.o(.bss)
    STACK                                    0x20001010   Section     4096  startup_stm32l476xx.o(STACK)

    Global Symbols

    Symbol Name                              Value     Ov Type        Size  Object(Section)

    BuildAttributes$$THM_ISAv4$E$P$D$K$B$S$7EM$VFPi3$EXTD16$VFPS$VFMA$PE$A:L22UL41UL21$X:L11$S22US41US21$IEEE1$IW$USESV6$~STKCKD$USESV7$~SHL$OSPACE$ROPI$EBA8$MICROLIB$REQ8$PRES8$EABIv2 0x00000000   Number         0  anon$$obj.o ABSOLUTE
    __ARM_use_no_argv                        0x00000000   Number         0  main.o ABSOLUTE
    _printf_a                                0x00000000   Number         0  stubs.o ABSOLUTE
    _printf_c                                0x00000000   Number         0  stubs.o ABSOLUTE
    _printf_charcount                        0x00000000   Number         0  stubs.o ABSOLUTE
    _printf_d                                0x00000000   Number         0  stubs.o ABSOLUTE
    _printf_e                                0x00000000   Number         0  stubs.o ABSOLUTE
    _printf_f                                0x00000000   Number         0  stubs.o ABSOLUTE
    _printf_flags                            0x00000000   Number         0  stubs.o ABSOLUTE
    _printf_fp_dec                           0x00000000   Number         0  stubs.o ABSOLUTE
    _printf_fp_hex                           0x00000000   Number         0  stubs.o ABSOLUTE
    _printf_g                                0x00000000   Number         0  stubs.o ABSOLUTE
    _printf_i                                0x00000000   Number         0  stubs.o ABSOLUTE
    _printf_int_dec                          0x00000000   Number         0  stubs.o ABSOLUTE
    _printf_l                                0x00000000   Number         0  stubs.o ABSOLUTE
    _printf_lc                               0x00000000   Number         0  stubs.o ABSOLUTE
    _printf_ll                               0x00000000   Number         0  stubs.o ABSOLUTE
    _printf_lld                              0x00000000   Number         0  stubs.o ABSOLUTE
    _printf_lli                              0x00000000   Number         0  stubs.o ABSOLUTE
    _printf_llo                              0x00000000   Number         0  stubs.o ABSOLUTE
    _printf_llu                              0x00000000   Number         0  stubs.o ABSOLUTE
    _printf_llx                              0x00000000   Number         0  stubs.o ABSOLUTE
    _printf_longlong_dec                     0x00000000   Number         0  stubs.o ABSOLUTE
    _printf_longlong_hex                     0x00000000   Number         0  stubs.o ABSOLUTE
    _printf_longlong_oct                     0x00000000   Number         0  stubs.o ABSOLUTE
    _printf_ls                               0x00000000   Number         0  stubs.o ABSOLUTE
    _printf_mbtowc                           0x00000000   Number         0  stubs.o ABSOLUTE
    _printf_n                                0x00000000   Number         0  stubs.o ABSOLUTE
    _printf_o                                0x00000000   Number         0  stubs.o ABSOLUTE
    _printf_p                                0x00000000   Number         0  stubs.o ABSOLUTE
    _printf_percent                          0x00000000   Number         0  stubs.o ABSOLUTE
    _printf_pre_padding                      0x00000000   Number         0  stubs.o ABSOLUTE
    _printf_return_value                     0x00000000   Number         0  stubs.o ABSOLUTE
    _printf_s                                0x00000000   Number         0  stubs.o ABSOLUTE
    _printf_sizespec                         0x00000000   Number         0  stubs.o ABSOLUTE
    _printf_str                              0x00000000   Number         0  stubs.o ABSOLUTE
    _printf_truncate_signed                  0x00000000   Number         0  stubs.o ABSOLUTE
    _printf_truncate_unsigned                0x00000000   Number         0  stubs.o ABSOLUTE
    _printf_u                                0x00000000   Number         0  stubs.o ABSOLUTE
    _printf_wc                               0x00000000   Number         0  stubs.o ABSOLUTE
    _printf_wctomb                           0x00000000   Number         0  stubs.o ABSOLUTE
    _printf_widthprec                        0x00000000   Number         0  stubs.o ABSOLUTE
    _printf_x                                0x00000000   Number         0  stubs.o ABSOLUTE
    __cpp_initialize__aeabi_                  - Undefined Weak Reference
    __cxa_finalize                            - Undefined Weak Reference
    __decompress                              - Undefined Weak Reference
    _clock_init                               - Undefined Weak Reference
    _microlib_exit                            - Undefined Weak Reference
    __Vectors_Size                           0x00000188   Number         0  startup_stm32l476xx.o ABSOLUTE
    __Vectors                                0x08000000   Data           4  startup_stm32l476xx.o(RESET)
    __Vectors_End                            0x08000188   Data           0  startup_stm32l476xx.o(RESET)
    __main                                   0x08000189   Thumb Code     0  entry.o(.ARM.Collect$$$$00000000)
    _main_stk                                0x08000189   Thumb Code     0  entry2.o(.ARM.Collect$$$$00000001)
    _main_scatterload                        0x0800018d   Thumb Code     0  entry5.o(.ARM.Collect$$$$00000004)
    __main_after_scatterload                 0x08000191   Thumb Code     0  entry5.o(.ARM.Collect$$$$00000004)
    _main_clock                              0x08000191   Thumb Code     0  entry7b.o(.ARM.Collect$$$$00000008)
    _main_cpp_init                           0x08000191   Thumb Code     0  entry8b.o(.ARM.Collect$$$$0000000A)
    _main_init                               0x08000191   Thumb Code     0  entry9a.o(.ARM.Collect$$$$0000000B)
    __rt_final_cpp                           0x08000199   Thumb Code     0  entry10a.o(.ARM.Collect$$$$0000000D)
    __rt_final_exit                          0x08000199   Thumb Code     0  entry11a.o(.ARM.Collect$$$$0000000F)
    Reset_Handler                            0x0800019d   Thumb Code     8  startup_stm32l476xx.o(.text)
    ADC1_2_IRQHandler                        0x080001b7   Thumb Code     0  startup_stm32l476xx.o(.text)
    ADC3_IRQHandler                          0x080001b7   Thumb Code     0  startup_stm32l476xx.o(.text)
    CAN1_RX0_IRQHandler                      0x080001b7   Thumb Code     0  startup_stm32l476xx.o(.text)
    CAN1_RX1_IRQHandler                      0x080001b7   Thumb Code     0  startup_stm32l476xx.o(.text)
    CAN1_SCE_IRQHandler                      0x080001b7   Thumb Code     0  startup_stm32l476xx.o(.text)
    CAN1_TX_IRQHandler                       0x080001b7   Thumb Code     0  startup_stm32l476xx.o(.text)
    COMP_IRQHandler                          0x080001b7   Thumb Code     0  startup_stm32l476xx.o(.text)
    DFSDM1_FLT0_IRQHandler                   0x080001b7   Thumb Code     0  startup_stm32l476xx.o(.text)
    DFSDM1_FLT1_IRQHandler                   0x080001b7   Thumb Code     0  startup_stm32l476xx.o(.text)
    DFSDM1_FLT2_IRQHandler                   0x080001b7   Thumb Code     0  startup_stm32l476xx.o(.text)
    DFSDM1_FLT3_IRQHandler                   0x080001b7   Thumb Code     0  startup_stm32l476xx.o(.text)
    DMA1_Channel2_IRQHandler                 0x080001b7   Thumb Code     0  startup_stm32l476xx.o(.text)
    DMA1_Channel3_IRQHandler                 0x080001b7   Thumb Code     0  startup_stm32l476xx.o(.text)
    DMA1_Channel4_IRQHandler                 0x080001b7   Thumb Code     0  startup_stm32l476xx.o(.text)
    DMA1_Channel5_IRQHandler                 0x080001b7   Thumb Code     0  startup_stm32l476xx.o(.text)
    DMA1_Channel6_IRQHandler                 0x080001b7   Thumb Code     0  startup_stm32l476xx.o(.text)
    DMA1_Channel7_IRQHandler                 0x080001b7   Thumb Code     0  startup_stm32l476xx.o(.text)
    DMA2_Channel1_IRQHandler                 0x080001b7   Thumb Code     0  startup_stm32l476xx.o(.text)
    DMA2_Channel2_IRQHandler                 0x080001b7   Thumb Code     0  startup_stm32l476xx.o(.text)
    DMA2_Channel3_IRQHandler                 0x080001b7   Thumb Code     0  startup_stm32l476xx.o(.text)
    DMA2_Channel4_IRQHandler                 0x080001b7   Thumb Code     0  startup_stm32l476xx.o(.text)
    DMA2_Channel5_IRQHandler                 0x080001b7   Thumb Code     0  startup_stm32l476xx.o(.text)
    DMA2_Channel6_IRQHandler                 0x080001b7   Thumb Code     0  startup_stm32l476xx.o(.text)
    DMA2_Channel7_IRQHandler                 0x080001b7   Thumb Code     0  startup_stm32l476xx.o(.text)
    EXTI0_IRQHandler                         0x080001b7   Thumb Code     0  startup_stm32l476xx.o(.text)
    EXTI15_10_IRQHandler                     0x080001b7   Thumb Code     0  startup_stm32l476xx.o(.text)
    EXTI1_IRQHandler                         0x080001b7   Thumb Code     0  startup_stm32l476xx.o(.text)
    EXTI2_IRQHandler                         0x080001b7   Thumb Code     0  startup_stm32l476xx.o(.text)
    EXTI3_IRQHandler                         0x080001b7   Thumb Code     0  startup_stm32l476xx.o(.text)
    EXTI4_IRQHandler                         0x080001b7   Thumb Code     0  startup_stm32l476xx.o(.text)
    EXTI9_5_IRQHandler                       0x080001b7   Thumb Code     0  startup_stm32l476xx.o(.text)
    FLASH_IRQHandler                         0x080001b7   Thumb Code     0  startup_stm32l476xx.o(.text)
    FMC_IRQHandler                           0x080001b7   Thumb Code     0  startup_stm32l476xx.o(.text)
    FPU_IRQHandler                           0x080001b7   Thumb Code     0  startup_stm32l476xx.o(.text)
    I2C1_ER_IRQHandler                       0x080001b7   Thumb Code     0  startup_stm32l476xx.o(.text)
    I2C1_EV_IRQHandler                       0x080001b7   Thumb Code     0  startup_stm32l476xx.o(.text)
    I2C2_ER_IRQHandler                       0x080001b7   Thumb Code     0  startup_stm32l476xx.o(.text)
    I2C2_EV_IRQHandler                       0x080001b7   Thumb Code     0  startup_stm32l476xx.o(.text)
    I2C3_ER_IRQHandler                       0x080001b7   Thumb Code     0  startup_stm32l476xx.o(.text)
    I2C3_EV_IRQHandler                       0x080001b7   Thumb Code     0  startup_stm32l476xx.o(.text)
    LCD_IRQHandler                           0x080001b7   Thumb Code     0  startup_stm32l476xx.o(.text)
    LPTIM1_IRQHandler                        0x080001b7   Thumb Code     0  startup_stm32l476xx.o(.text)
    LPTIM2_IRQHandler                        0x080001b7   Thumb Code     0  startup_stm32l476xx.o(.text)
    OTG_FS_IRQHandler                        0x080001b7   Thumb Code     0  startup_stm32l476xx.o(.text)
    PVD_PVM_IRQHandler                       0x080001b7   Thumb Code     0  startup_stm32l476xx.o(.text)
    QUADSPI_IRQHandler                       0x080001b7   Thumb Code     0  startup_stm32l476xx.o(.text)
    RCC_IRQHandler                           0x080001b7   Thumb Code     0  startup_stm32l476xx.o(.text)
    RNG_IRQHandler                           0x080001b7   Thumb Code     0  startup_stm32l476xx.o(.text)
    RTC_Alarm_IRQHandler                     0x080001b7   Thumb Code     0  startup_stm32l476xx.o(.text)
    RTC_WKUP_IRQHandler                      0x080001b7   Thumb Code     0  startup_stm32l476xx.o(.text)
    SAI1_IRQHandler                          0x080001b7   Thumb Code     0  startup_stm32l476xx.o(.text)
    SAI2_IRQHandler                          0x080001b7   Thumb Code     0  startup_stm32l476xx.o(.text)
    SDMMC1_IRQHandler                        0x080001b7   Thumb Code     0  startup_stm32l476xx.o(.text)
    SPI1_IRQHandler                          0x080001b7   Thumb Code     0  startup_stm32l476xx.o(.text)
    SPI2_IRQHandler                          0x080001b7   Thumb Code     0  startup_stm32l476xx.o(.text)
    SPI3_IRQHandler                          0x080001b7   Thumb Code     0  startup_stm32l476xx.o(.text)
    SWPMI1_IRQHandler                        0x080001b7   Thumb Code     0  startup_stm32l476xx.o(.text)
    TAMP_STAMP_IRQHandler                    0x080001b7   Thumb Code     0  startup_stm32l476xx.o(.text)
    TIM1_BRK_TIM15_IRQHandler                0x080001b7   Thumb Code     0  startup_stm32l476xx.o(.text)
    TIM1_CC_IRQHandler                       0x080001b7   Thumb Code     0  startup_stm32l476xx.o(.text)
    TIM1_TRG_COM_TIM17_IRQHandler            0x080001b7   Thumb Code     0  startup_stm32l476xx.o(.text)
    TIM1_UP_TIM16_IRQHandler                 0x080001b7   Thumb Code     0  startup_stm32l476xx.o(.text)
    TIM2_IRQHandler                          0x080001b7   Thumb Code     0  startup_stm32l476xx.o(.text)
    TIM3_IRQHandler                          0x080001b7   Thumb Code     0  startup_stm32l476xx.o(.text)
    TIM4_IRQHandler                          0x080001b7   Thumb Code     0  startup_stm32l476xx.o(.text)
    TIM5_IRQHandler                          0x080001b7   Thumb Code     0  startup_stm32l476xx.o(.text)
    TIM7_IRQHandler                          0x080001b7   Thumb Code     0  startup_stm32l476xx.o(.text)
    TIM8_BRK_IRQHandler                      0x080001b7   Thumb Code     0  startup_stm32l476xx.o(.text)
    TIM8_CC_IRQHandler                       0x080001b7   Thumb Code     0  startup_stm32l476xx.o(.text)
    TIM8_TRG_COM_IRQHandler                  0x080001b7   Thumb Code     0  startup_stm32l476xx.o(.text)
    TIM8_UP_IRQHandler                       0x080001b7   Thumb Code     0  startup_stm32l476xx.o(.text)
    TSC_IRQHandler                           0x080001b7   Thumb Code     0  startup_stm32l476xx.o(.text)
    UART4_IRQHandler                         0x080001b7   Thumb Code     0  startup_stm32l476xx.o(.text)
    UART5_IRQHandler                         0x080001b7   Thumb Code     0  startup_stm32l476xx.o(.text)
    WWDG_IRQHandler                          0x080001b7   Thumb Code     0  startup_stm32l476xx.o(.text)
    __aeabi_uldivmod                         0x080001c1   Thumb Code    98  uldiv.o(.text)
    __aeabi_memset                           0x08000229   Thumb Code    14  memseta.o(.text)
    __aeabi_memset4                          0x08000229   Thumb Code     0  memseta.o(.text)
    __aeabi_memset8                          0x08000229   Thumb Code     0  memseta.o(.text)
    __aeabi_memclr                           0x08000237   Thumb Code     4  memseta.o(.text)
    __aeabi_memclr4                          0x08000237   Thumb Code     0  memseta.o(.text)
    __aeabi_memclr8                          0x08000237   Thumb Code     0  memseta.o(.text)
    _memset$wrapper                          0x0800023b   Thumb Code    18  memseta.o(.text)
    __aeabi_dmul                             0x0800024d   Thumb Code   228  dmul.o(.text)
    __aeabi_uidiv                            0x08000337   Thumb Code     0  uidiv.o(.text)
    __aeabi_uidivmod                         0x08000337   Thumb Code    44  uidiv.o(.text)
    __aeabi_llsl                             0x08000363   Thumb Code    30  llshl.o(.text)
    _ll_shift_l                              0x08000363   Thumb Code     0  llshl.o(.text)
    __aeabi_llsr                             0x08000381   Thumb Code    32  llushr.o(.text)
    _ll_ushift_r                             0x08000381   Thumb Code     0  llushr.o(.text)
    __I$use$fp                               0x080003a1   Thumb Code     0  iusefp.o(.text)
    _double_round                            0x080003a1   Thumb Code    30  depilogue.o(.text)
    _double_epilogue                         0x080003bf   Thumb Code   156  depilogue.o(.text)
    __aeabi_dadd                             0x0800045b   Thumb Code   322  dadd.o(.text)
    __aeabi_dsub                             0x0800059d   Thumb Code     6  dadd.o(.text)
    __aeabi_drsub                            0x080005a3   Thumb Code     6  dadd.o(.text)
    __aeabi_ddiv                             0x080005b9   Thumb Code   222  ddiv.o(.text)
    __aeabi_d2ulz                            0x08000697   Thumb Code    48  dfixul.o(.text)
    __aeabi_cdrcmple                         0x080006c9   Thumb Code    48  cdrcmple.o(.text)
    __scatterload                            0x080006f9   Thumb Code    28  init.o(.text)
    __scatterload_rt2                        0x080006f9   Thumb Code     0  init.o(.text)
    __aeabi_lasr                             0x0800071d   Thumb Code    36  llsshr.o(.text)
    _ll_sshift_r                             0x0800071d   Thumb Code     0  llsshr.o(.text)
    ADC_DMAConvCplt                          0x08000741   Thumb Code   104  stm32l4xx_hal_adc.o(i.ADC_DMAConvCplt)
    ADC_DMAError                             0x080007a9   Thumb Code    26  stm32l4xx_hal_adc.o(i.ADC_DMAError)
    ADC_DMAHalfConvCplt                      0x080007c3   Thumb Code    10  stm32l4xx_hal_adc.o(i.ADC_DMAHalfConvCplt)
    ADC_Enable                               0x080007cd   Thumb Code   100  stm32l4xx_hal_adc.o(i.ADC_Enable)
    BusFault_Handler                         0x08000835   Thumb Code     2  stm32l4xx_it.o(i.BusFault_Handler)
    DMA1_Channel1_IRQHandler                 0x08000839   Thumb Code     6  stm32l4xx_it.o(i.DMA1_Channel1_IRQHandler)
    DebugMon_Handler                         0x08000873   Thumb Code     2  stm32l4xx_it.o(i.DebugMon_Handler)
    Error_Handler                            0x08000875   Thumb Code     2  main.o(i.Error_Handler)
    HAL_ADCEx_MultiModeConfigChannel         0x08000879   Thumb Code   222  stm32l4xx_hal_adc_ex.o(i.HAL_ADCEx_MultiModeConfigChannel)
    HAL_ADC_ConfigChannel                    0x08000969   Thumb Code   968  stm32l4xx_hal_adc.o(i.HAL_ADC_ConfigChannel)
    HAL_ADC_ConvCpltCallback                 0x08000d67   Thumb Code     2  stm32l4xx_hal_adc.o(i.HAL_ADC_ConvCpltCallback)
    HAL_ADC_ConvHalfCpltCallback             0x08000d69   Thumb Code     2  stm32l4xx_hal_adc.o(i.HAL_ADC_ConvHalfCpltCallback)
    HAL_ADC_ErrorCallback                    0x08000d6b   Thumb Code     2  stm32l4xx_hal_adc.o(i.HAL_ADC_ErrorCallback)
    HAL_ADC_Init                             0x08000d6d   Thumb Code   416  stm32l4xx_hal_adc.o(i.HAL_ADC_Init)
    HAL_ADC_MspInit                          0x08000f35   Thumb Code   126  adc.o(i.HAL_ADC_MspInit)
    HAL_ADC_Start_DMA                        0x08000fc9   Thumb Code   212  stm32l4xx_hal_adc.o(i.HAL_ADC_Start_DMA)
    HAL_DMA_Abort_IT                         0x080010b9   Thumb Code    78  stm32l4xx_hal_dma.o(i.HAL_DMA_Abort_IT)
    HAL_DMA_IRQHandler                       0x08001107   Thumb Code   186  stm32l4xx_hal_dma.o(i.HAL_DMA_IRQHandler)
    HAL_DMA_Init                             0x080011c1   Thumb Code   178  stm32l4xx_hal_dma.o(i.HAL_DMA_Init)
    HAL_DMA_Start_IT                         0x08001281   Thumb Code   112  stm32l4xx_hal_dma.o(i.HAL_DMA_Start_IT)
    HAL_Delay                                0x080012f1   Thumb Code    32  stm32l4xx_hal.o(i.HAL_Delay)
    HAL_GPIO_Init                            0x08001315   Thumb Code   570  stm32l4xx_hal_gpio.o(i.HAL_GPIO_Init)
    HAL_GPIO_WritePin                        0x0800157b   Thumb Code    10  stm32l4xx_hal_gpio.o(i.HAL_GPIO_WritePin)
    HAL_GetTick                              0x08001585   Thumb Code     6  stm32l4xx_hal.o(i.HAL_GetTick)
    HAL_IncTick                              0x08001591   Thumb Code    12  stm32l4xx_hal.o(i.HAL_IncTick)
    HAL_Init                                 0x080015a1   Thumb Code    30  stm32l4xx_hal.o(i.HAL_Init)
    HAL_InitTick                             0x080015c1   Thumb Code    58  stm32l4xx_hal.o(i.HAL_InitTick)
    HAL_MspInit                              0x08001605   Thumb Code    38  stm32l4xx_hal_msp.o(i.HAL_MspInit)
    HAL_NVIC_EnableIRQ                       0x08001631   Thumb Code    26  stm32l4xx_hal_cortex.o(i.HAL_NVIC_EnableIRQ)
    HAL_NVIC_SetPriority                     0x0800164d   Thumb Code    60  stm32l4xx_hal_cortex.o(i.HAL_NVIC_SetPriority)
    HAL_NVIC_SetPriorityGrouping             0x0800168d   Thumb Code    26  stm32l4xx_hal_cortex.o(i.HAL_NVIC_SetPriorityGrouping)
    HAL_PWREx_ControlVoltageScaling          0x080016b1   Thumb Code    90  stm32l4xx_hal_pwr_ex.o(i.HAL_PWREx_ControlVoltageScaling)
    HAL_PWREx_GetVoltageRange                0x08001719   Thumb Code    10  stm32l4xx_hal_pwr_ex.o(i.HAL_PWREx_GetVoltageRange)
    HAL_RCCEx_PeriphCLKConfig                0x08001729   Thumb Code   928  stm32l4xx_hal_rcc_ex.o(i.HAL_RCCEx_PeriphCLKConfig)
    HAL_RCC_ClockConfig                      0x08001ad9   Thumb Code   266  stm32l4xx_hal_rcc.o(i.HAL_RCC_ClockConfig)
    HAL_RCC_GetPCLK1Freq                     0x08001bf9   Thumb Code    24  stm32l4xx_hal_rcc.o(i.HAL_RCC_GetPCLK1Freq)
    HAL_RCC_GetPCLK2Freq                     0x08001c1d   Thumb Code    24  stm32l4xx_hal_rcc.o(i.HAL_RCC_GetPCLK2Freq)
    HAL_RCC_GetSysClockFreq                  0x08001c41   Thumb Code   150  stm32l4xx_hal_rcc.o(i.HAL_RCC_GetSysClockFreq)
    HAL_RCC_OscConfig                        0x08001ce5   Thumb Code  1310  stm32l4xx_hal_rcc.o(i.HAL_RCC_OscConfig)
    HAL_SPI_Init                             0x0800220d   Thumb Code   224  stm32l4xx_hal_spi.o(i.HAL_SPI_Init)
    HAL_SPI_MspInit                          0x080022ed   Thumb Code    90  spi.o(i.HAL_SPI_MspInit)
    HAL_SPI_Transmit                         0x08002355   Thumb Code   392  stm32l4xx_hal_spi.o(i.HAL_SPI_Transmit)
    HAL_SYSTICK_CLKSourceConfig              0x080024e3   Thumb Code    24  stm32l4xx_hal_cortex.o(i.HAL_SYSTICK_CLKSourceConfig)
    HAL_SYSTICK_Config                       0x080024fb   Thumb Code    40  stm32l4xx_hal_cortex.o(i.HAL_SYSTICK_Config)
    HAL_TIMEx_Break2Callback                 0x08002523   Thumb Code     2  stm32l4xx_hal_tim_ex.o(i.HAL_TIMEx_Break2Callback)
    HAL_TIMEx_BreakCallback                  0x08002525   Thumb Code     2  stm32l4xx_hal_tim_ex.o(i.HAL_TIMEx_BreakCallback)
    HAL_TIMEx_CommutCallback                 0x08002527   Thumb Code     2  stm32l4xx_hal_tim_ex.o(i.HAL_TIMEx_CommutCallback)
    HAL_TIMEx_MasterConfigSynchronization    0x08002529   Thumb Code   130  stm32l4xx_hal_tim_ex.o(i.HAL_TIMEx_MasterConfigSynchronization)
    HAL_TIM_Base_Init                        0x080025c5   Thumb Code    98  stm32l4xx_hal_tim.o(i.HAL_TIM_Base_Init)
    HAL_TIM_Base_MspInit                     0x08002629   Thumb Code    50  tim.o(i.HAL_TIM_Base_MspInit)
    HAL_TIM_Base_Start_IT                    0x08002665   Thumb Code   100  stm32l4xx_hal_tim.o(i.HAL_TIM_Base_Start_IT)
    HAL_TIM_Base_Stop_IT                     0x080026e5   Thumb Code    48  stm32l4xx_hal_tim.o(i.HAL_TIM_Base_Stop_IT)
    HAL_TIM_IC_CaptureCallback               0x08002715   Thumb Code     2  stm32l4xx_hal_tim.o(i.HAL_TIM_IC_CaptureCallback)
    HAL_TIM_IRQHandler                       0x08002717   Thumb Code   388  stm32l4xx_hal_tim.o(i.HAL_TIM_IRQHandler)
    HAL_TIM_OC_DelayElapsedCallback          0x0800289b   Thumb Code     2  stm32l4xx_hal_tim.o(i.HAL_TIM_OC_DelayElapsedCallback)
    HAL_TIM_PWM_PulseFinishedCallback        0x0800289d   Thumb Code     2  stm32l4xx_hal_tim.o(i.HAL_TIM_PWM_PulseFinishedCallback)
    HAL_TIM_PeriodElapsedCallback            0x0800289f   Thumb Code     4  serial_port.o(i.HAL_TIM_PeriodElapsedCallback)
    HAL_TIM_TriggerCallback                  0x080028a3   Thumb Code     2  stm32l4xx_hal_tim.o(i.HAL_TIM_TriggerCallback)
    HAL_UARTEx_WakeupCallback                0x080028a5   Thumb Code     2  stm32l4xx_hal_uart_ex.o(i.HAL_UARTEx_WakeupCallback)
    HAL_UART_ErrorCallback                   0x080028a7   Thumb Code     2  stm32l4xx_hal_uart.o(i.HAL_UART_ErrorCallback)
    HAL_UART_IRQHandler                      0x080028a9   Thumb Code   348  stm32l4xx_hal_uart.o(i.HAL_UART_IRQHandler)
    HAL_UART_Init                            0x08002a0d   Thumb Code   102  stm32l4xx_hal_uart.o(i.HAL_UART_Init)
    HAL_UART_MspInit                         0x08002a75   Thumb Code   328  usart.o(i.HAL_UART_MspInit)
    HAL_UART_Receive                         0x08002bd5   Thumb Code   238  stm32l4xx_hal_uart.o(i.HAL_UART_Receive)
    HAL_UART_Receive_IT                      0x08002cc9   Thumb Code   164  stm32l4xx_hal_uart.o(i.HAL_UART_Receive_IT)
    HAL_UART_RxCpltCallback                  0x08002d75   Thumb Code     4  serial_port.o(i.HAL_UART_RxCpltCallback)
    HAL_UART_Transmit                        0x08002d79   Thumb Code   182  stm32l4xx_hal_uart.o(i.HAL_UART_Transmit)
    HAL_UART_TxCpltCallback                  0x08002e2f   Thumb Code     2  stm32l4xx_hal_uart.o(i.HAL_UART_TxCpltCallback)
    HardFault_Handler                        0x08002e31   Thumb Code     2  stm32l4xx_it.o(i.HardFault_Handler)
    IIC_Init                                 0x08002e35   Thumb Code    90  myiic.o(i.IIC_Init)
    LCD_Address_Set                          0x08002e99   Thumb Code    82  tftlcd.o(i.LCD_Address_Set)
    LCD_Clear                                0x08002eed   Thumb Code    80  tftlcd.o(i.LCD_Clear)
    LCD_DrawLine                             0x08002f45   Thumb Code   224  tftlcd.o(i.LCD_DrawLine)
    LCD_Draw_Point                           0x08003041   Thumb Code    22  tftlcd.o(i.LCD_Draw_Point)
    LCD_Fill                                 0x0800305d   Thumb Code   122  tftlcd.o(i.LCD_Fill)
    LCD_Init                                 0x08003165   Thumb Code   412  tftlcd.o(i.LCD_Init)
    LCD_ShowChar                             0x08003319   Thumb Code   300  tftlcd.o(i.LCD_ShowChar)
    LCD_ShowNum                              0x0800345b   Thumb Code   106  tftlcd.o(i.LCD_ShowNum)
    LCD_ShowString                           0x080034cb   Thumb Code    76  tftlcd.o(i.LCD_ShowString)
    LCD_Show_Image                           0x08003519   Thumb Code    64  tftlcd.o(i.LCD_Show_Image)
    LCD_WriteData                            0x0800355d   Thumb Code    14  tftlcd.o(i.LCD_WriteData)
    LCD_Write_HalfWord                       0x080035a9   Thumb Code    36  tftlcd.o(i.LCD_Write_HalfWord)
    LPUART1_IRQHandler                       0x08003635   Thumb Code    42  stm32l4xx_it.o(i.LPUART1_IRQHandler)
    MX_ADC1_Init                             0x08003669   Thumb Code   158  adc.o(i.MX_ADC1_Init)
    MX_DMA_Init                              0x08003719   Thumb Code    40  dma.o(i.MX_DMA_Init)
    MX_GPIO_Init                             0x08003745   Thumb Code   100  gpio.o(i.MX_GPIO_Init)
    MX_LPUART1_UART_Init                     0x080037b1   Thumb Code    64  usart.o(i.MX_LPUART1_UART_Init)
    MX_SPI3_Init                             0x080037f9   Thumb Code    72  spi.o(i.MX_SPI3_Init)
    MX_TIM6_Init                             0x08003849   Thumb Code    64  tim.o(i.MX_TIM6_Init)
    MX_USART1_UART_Init                      0x08003891   Thumb Code    64  usart.o(i.MX_USART1_UART_Init)
    MX_USART2_UART_Init                      0x080038d9   Thumb Code    64  usart.o(i.MX_USART2_UART_Init)
    MX_USART3_UART_Init                      0x08003921   Thumb Code    52  usart.o(i.MX_USART3_UART_Init)
    MemManage_Handler                        0x0800395d   Thumb Code     2  stm32l4xx_it.o(i.MemManage_Handler)
    NMI_Handler                              0x0800395f   Thumb Code     2  stm32l4xx_it.o(i.NMI_Handler)
    PendSV_Handler                           0x08003961   Thumb Code     2  stm32l4xx_it.o(i.PendSV_Handler)
    SVC_Handler                              0x08003de5   Thumb Code     2  stm32l4xx_it.o(i.SVC_Handler)
    SysTick_Handler                          0x08003de7   Thumb Code     4  stm32l4xx_it.o(i.SysTick_Handler)
    SystemClock_Config                       0x08003deb   Thumb Code   140  main.o(i.SystemClock_Config)
    SystemInit                               0x08003e79   Thumb Code    56  system_stm32l4xx.o(i.SystemInit)
    TIM6_DAC_IRQHandler                      0x08003ebd   Thumb Code     6  stm32l4xx_it.o(i.TIM6_DAC_IRQHandler)
    TIM_Base_SetConfig                       0x08003ec9   Thumb Code   160  stm32l4xx_hal_tim.o(i.TIM_Base_SetConfig)
    UART_AdvFeatureConfig                    0x08003f89   Thumb Code   200  stm32l4xx_hal_uart.o(i.UART_AdvFeatureConfig)
    UART_CheckIdleState                      0x08004051   Thumb Code    88  stm32l4xx_hal_uart.o(i.UART_CheckIdleState)
    UART_SetConfig                           0x08004191   Thumb Code   548  stm32l4xx_hal_uart.o(i.UART_SetConfig)
    UART_WaitOnFlagUntilTimeout              0x080043dd   Thumb Code   164  stm32l4xx_hal_uart.o(i.UART_WaitOnFlagUntilTimeout)
    USART1_IRQHandler                        0x08004481   Thumb Code    42  stm32l4xx_it.o(i.USART1_IRQHandler)
    USART2_IRQHandler                        0x080044b5   Thumb Code    42  stm32l4xx_it.o(i.USART2_IRQHandler)
    USART3_IRQHandler                        0x080044e9   Thumb Code     6  stm32l4xx_it.o(i.USART3_IRQHandler)
    UsageFault_Handler                       0x080044f5   Thumb Code     2  stm32l4xx_it.o(i.UsageFault_Handler)
    __0printf                                0x080044f9   Thumb Code    22  printfa.o(i.__0printf)
    __1printf                                0x080044f9   Thumb Code     0  printfa.o(i.__0printf)
    __2printf                                0x080044f9   Thumb Code     0  printfa.o(i.__0printf)
    __c89printf                              0x080044f9   Thumb Code     0  printfa.o(i.__0printf)
    printf                                   0x080044f9   Thumb Code     0  printfa.o(i.__0printf)
    __0sprintf                               0x08004519   Thumb Code    34  printfa.o(i.__0sprintf)
    __1sprintf                               0x08004519   Thumb Code     0  printfa.o(i.__0sprintf)
    __2sprintf                               0x08004519   Thumb Code     0  printfa.o(i.__0sprintf)
    __c89sprintf                             0x08004519   Thumb Code     0  printfa.o(i.__0sprintf)
    sprintf                                  0x08004519   Thumb Code     0  printfa.o(i.__0sprintf)
    __scatterload_copy                       0x08004561   Thumb Code    14  handlers.o(i.__scatterload_copy)
    __scatterload_null                       0x0800456f   Thumb Code     2  handlers.o(i.__scatterload_null)
    __scatterload_zeroinit                   0x08004571   Thumb Code    14  handlers.o(i.__scatterload_zeroinit)
    __show_title                             0x0800457f   Thumb Code    22  gui.o(i.__show_title)
    delay_init                               0x08004ef9   Thumb Code    16  delay.o(i.delay_init)
    delay_ms                                 0x08004f0d   Thumb Code    26  delay.o(i.delay_ms)
    delay_us                                 0x08004f29   Thumb Code    48  delay.o(i.delay_us)
    drv_serial_init                          0x08004f5d   Thumb Code    48  drv_serial.o(i.drv_serial_init)
    drv_serial_tim_irhandle                  0x08004fa5   Thumb Code    24  drv_serial.o(i.drv_serial_tim_irhandle)
    drv_serial_usart_irhandle                0x08004fc5   Thumb Code    88  drv_serial.o(i.drv_serial_usart_irhandle)
    example_nbiot_aliyun_air_task            0x08005035   Thumb Code     4  example_nbiot_aliyun_air.o(i.example_nbiot_aliyun_air_task)
    fputc                                    0x08005039   Thumb Code    20  usart.o(i.fputc)
    main                                     0x080050cd   Thumb Code   108  main.o(i.main)
    new_hard_init                            0x0800514d   Thumb Code   182  bsp_change.o(i.new_hard_init)
    power_init                               0x08005211   Thumb Code    16  power.o(i.power_init)
    show_smoke_gui                           0x08005229   Thumb Code   122  gui.o(i.show_smoke_gui)
    AHBPrescTable                            0x080052c0   Data          16  system_stm32l4xx.o(.constdata)
    MSIRangeTable                            0x080052d0   Data          48  system_stm32l4xx.o(.constdata)
    APBPrescTable                            0x08005300   Data           8  system_stm32l4xx.o(.constdata)
    asc2_1206                                0x08005308   Data        1140  tftlcd.o(.constdata)
    asc2_1608                                0x0800577c   Data        1520  tftlcd.o(.constdata)
    asc2_2412                                0x08005d6c   Data        4560  tftlcd.o(.constdata)
    asc2_3216                                0x08006f3c   Data       12160  tftlcd.o(.constdata)
    gImage_temp                              0x08009ebc   Data        3200  gui.o(.constdata)
    gImage_battery                           0x0800ab3c   Data        3200  gui.o(.constdata)
    gImage_wifi_on                           0x0800b7bc   Data        3200  gui.o(.constdata)
    gImage_wifi_off                          0x0800c43c   Data        3200  gui.o(.constdata)
    gImage_smoke                             0x0800d0bc   Data        3200  gui.o(.constdata)
    Region$$Table$$Base                      0x0800dd3c   Number         0  anon$$obj.o(Region$$Table)
    Region$$Table$$Limit                     0x0800dd5c   Number         0  anon$$obj.o(Region$$Table)
    uwTickFreq                               0x20000000   Data           1  stm32l4xx_hal.o(.data)
    uwTickPrio                               0x20000004   Data           4  stm32l4xx_hal.o(.data)
    uwTick                                   0x20000008   Data           4  stm32l4xx_hal.o(.data)
    SystemCoreClock                          0x2000000c   Data           4  system_stm32l4xx.o(.data)
    POINT_COLOR                              0x20000010   Data           2  tftlcd.o(.data)
    BACK_COLOR                               0x20000012   Data           2  tftlcd.o(.data)
    ADC_ConvertedValue                       0x20000018   Data           8  smoke.o(.data)
    temp                                     0x20000020   Data           1  ccs811.o(.data)
    IID                                      0x20000021   Data           1  ccs811.o(.data)
    Boot_Version                             0x20000022   Data           1  ccs811.o(.data)
    App_Version                              0x20000023   Data           1  ccs811.o(.data)
    Status                                   0x20000024   Data           1  ccs811.o(.data)
    MeasureMode                              0x20000025   Data           1  ccs811.o(.data)
    eco2                                     0x20000026   Data           2  ccs811.o(.data)
    tvoc                                     0x20000028   Data           2  ccs811.o(.data)
    rx_data                                  0x2000002a   Data           1  drv_serial.o(.data)
    rx_flag                                  0x2000002b   Data           1  drv_serial.o(.data)
    rx_cnt                                   0x2000002c   Data           2  drv_serial.o(.data)
    __stdout                                 0x20000030   Data           4  stdout.o(.data)
    hadc1                                    0x20000034   Data         100  adc.o(.bss)
    hdma_adc1                                0x20000098   Data          72  adc.o(.bss)
    hspi3                                    0x200000e0   Data         100  spi.o(.bss)
    htim6                                    0x20000144   Data          76  tim.o(.bss)
    hlpuart1                                 0x20000190   Data         128  usart.o(.bss)
    huart1                                   0x20000210   Data         128  usart.o(.bss)
    huart2                                   0x20000290   Data         128  usart.o(.bss)
    huart3                                   0x20000310   Data         128  usart.o(.bss)
    rx_buff                                  0x20000810   Data        1024  drv_serial.o(.bss)
    tx_buff                                  0x20000c10   Data        1024  drv_serial.o(.bss)
    __initial_sp                             0x20002010   Data           0  startup_stm32l476xx.o(STACK)



==============================================================================

Memory Map of the image

  Image Entry point : 0x08000189

  Load Region LR_IROM1 (Base: 0x08000000, Size: 0x0000dd90, Max: 0x00100000, ABSOLUTE)

    Execution Region ER_IROM1 (Exec base: 0x08000000, Load base: 0x08000000, Size: 0x0000dd5c, Max: 0x00100000, ABSOLUTE)

    Exec Addr    Load Addr    Size         Type   Attr      Idx    E Section Name        Object

    0x08000000   0x08000000   0x00000188   Data   RO            3    RESET               startup_stm32l476xx.o
    0x08000188   0x08000188   0x00000000   Code   RO         5746  * .ARM.Collect$$$$00000000  mc_w.l(entry.o)
    0x08000188   0x08000188   0x00000004   Code   RO         6026    .ARM.Collect$$$$00000001  mc_w.l(entry2.o)
    0x0800018c   0x0800018c   0x00000004   Code   RO         6029    .ARM.Collect$$$$00000004  mc_w.l(entry5.o)
    0x08000190   0x08000190   0x00000000   Code   RO         6031    .ARM.Collect$$$$00000008  mc_w.l(entry7b.o)
    0x08000190   0x08000190   0x00000000   Code   RO         6033    .ARM.Collect$$$$0000000A  mc_w.l(entry8b.o)
    0x08000190   0x08000190   0x00000008   Code   RO         6034    .ARM.Collect$$$$0000000B  mc_w.l(entry9a.o)
    0x08000198   0x08000198   0x00000000   Code   RO         6036    .ARM.Collect$$$$0000000D  mc_w.l(entry10a.o)
    0x08000198   0x08000198   0x00000000   Code   RO         6038    .ARM.Collect$$$$0000000F  mc_w.l(entry11a.o)
    0x08000198   0x08000198   0x00000004   Code   RO         6027    .ARM.Collect$$$$00002712  mc_w.l(entry2.o)
    0x0800019c   0x0800019c   0x00000024   Code   RO            4    .text               startup_stm32l476xx.o
    0x080001c0   0x080001c0   0x00000068   Code   RO         5749    .text               mc_w.l(uldiv.o)
    0x08000228   0x08000228   0x00000024   Code   RO         5753    .text               mc_w.l(memseta.o)
    0x0800024c   0x0800024c   0x000000ea   Code   RO         6022    .text               mf_w.l(dmul.o)
    0x08000336   0x08000336   0x0000002c   Code   RO         6041    .text               mc_w.l(uidiv.o)
    0x08000362   0x08000362   0x0000001e   Code   RO         6043    .text               mc_w.l(llshl.o)
    0x08000380   0x08000380   0x00000020   Code   RO         6045    .text               mc_w.l(llushr.o)
    0x080003a0   0x080003a0   0x00000000   Code   RO         6047    .text               mc_w.l(iusefp.o)
    0x080003a0   0x080003a0   0x000000ba   Code   RO         6048    .text               mf_w.l(depilogue.o)
    0x0800045a   0x0800045a   0x0000015e   Code   RO         6050    .text               mf_w.l(dadd.o)
    0x080005b8   0x080005b8   0x000000de   Code   RO         6052    .text               mf_w.l(ddiv.o)
    0x08000696   0x08000696   0x00000030   Code   RO         6054    .text               mf_w.l(dfixul.o)
    0x080006c6   0x080006c6   0x00000002   PAD
    0x080006c8   0x080006c8   0x00000030   Code   RO         6056    .text               mf_w.l(cdrcmple.o)
    0x080006f8   0x080006f8   0x00000024   Code   RO         6058    .text               mc_w.l(init.o)
    0x0800071c   0x0800071c   0x00000024   Code   RO         6060    .text               mc_w.l(llsshr.o)
    0x08000740   0x08000740   0x00000068   Code   RO          617    i.ADC_DMAConvCplt   stm32l4xx_hal_adc.o
    0x080007a8   0x080007a8   0x0000001a   Code   RO          618    i.ADC_DMAError      stm32l4xx_hal_adc.o
    0x080007c2   0x080007c2   0x0000000a   Code   RO          619    i.ADC_DMAHalfConvCplt  stm32l4xx_hal_adc.o
    0x080007cc   0x080007cc   0x00000068   Code   RO          621    i.ADC_Enable        stm32l4xx_hal_adc.o
    0x08000834   0x08000834   0x00000002   Code   RO          473    i.BusFault_Handler  stm32l4xx_it.o
    0x08000836   0x08000836   0x00000002   PAD
    0x08000838   0x08000838   0x0000000c   Code   RO          474    i.DMA1_Channel1_IRQHandler  stm32l4xx_it.o
    0x08000844   0x08000844   0x0000002e   Code   RO         2329    i.DMA_SetConfig     stm32l4xx_hal_dma.o
    0x08000872   0x08000872   0x00000002   Code   RO          475    i.DebugMon_Handler  stm32l4xx_it.o
    0x08000874   0x08000874   0x00000002   Code   RO           13    i.Error_Handler     main.o
    0x08000876   0x08000876   0x00000002   PAD
    0x08000878   0x08000878   0x000000f0   Code   RO          864    i.HAL_ADCEx_MultiModeConfigChannel  stm32l4xx_hal_adc_ex.o
    0x08000968   0x08000968   0x000003fe   Code   RO          623    i.HAL_ADC_ConfigChannel  stm32l4xx_hal_adc.o
    0x08000d66   0x08000d66   0x00000002   Code   RO          624    i.HAL_ADC_ConvCpltCallback  stm32l4xx_hal_adc.o
    0x08000d68   0x08000d68   0x00000002   Code   RO          625    i.HAL_ADC_ConvHalfCpltCallback  stm32l4xx_hal_adc.o
    0x08000d6a   0x08000d6a   0x00000002   Code   RO          627    i.HAL_ADC_ErrorCallback  stm32l4xx_hal_adc.o
    0x08000d6c   0x08000d6c   0x000001c8   Code   RO          632    i.HAL_ADC_Init      stm32l4xx_hal_adc.o
    0x08000f34   0x08000f34   0x00000094   Code   RO          258    i.HAL_ADC_MspInit   adc.o
    0x08000fc8   0x08000fc8   0x000000f0   Code   RO          639    i.HAL_ADC_Start_DMA  stm32l4xx_hal_adc.o
    0x080010b8   0x080010b8   0x0000004e   Code   RO         2331    i.HAL_DMA_Abort_IT  stm32l4xx_hal_dma.o
    0x08001106   0x08001106   0x000000ba   Code   RO         2335    i.HAL_DMA_IRQHandler  stm32l4xx_hal_dma.o
    0x080011c0   0x080011c0   0x000000c0   Code   RO         2336    i.HAL_DMA_Init      stm32l4xx_hal_dma.o
    0x08001280   0x08001280   0x00000070   Code   RO         2340    i.HAL_DMA_Start_IT  stm32l4xx_hal_dma.o
    0x080012f0   0x080012f0   0x00000024   Code   RO         1060    i.HAL_Delay         stm32l4xx_hal.o
    0x08001314   0x08001314   0x00000266   Code   RO         2266    i.HAL_GPIO_Init     stm32l4xx_hal_gpio.o
    0x0800157a   0x0800157a   0x0000000a   Code   RO         2270    i.HAL_GPIO_WritePin  stm32l4xx_hal_gpio.o
    0x08001584   0x08001584   0x0000000c   Code   RO         1064    i.HAL_GetTick       stm32l4xx_hal.o
    0x08001590   0x08001590   0x00000010   Code   RO         1070    i.HAL_IncTick       stm32l4xx_hal.o
    0x080015a0   0x080015a0   0x0000001e   Code   RO         1071    i.HAL_Init          stm32l4xx_hal.o
    0x080015be   0x080015be   0x00000002   PAD
    0x080015c0   0x080015c0   0x00000044   Code   RO         1072    i.HAL_InitTick      stm32l4xx_hal.o
    0x08001604   0x08001604   0x0000002c   Code   RO          592    i.HAL_MspInit       stm32l4xx_hal_msp.o
    0x08001630   0x08001630   0x0000001a   Code   RO         2813    i.HAL_NVIC_EnableIRQ  stm32l4xx_hal_cortex.o
    0x0800164a   0x0800164a   0x00000002   PAD
    0x0800164c   0x0800164c   0x00000040   Code   RO         2819    i.HAL_NVIC_SetPriority  stm32l4xx_hal_cortex.o
    0x0800168c   0x0800168c   0x00000024   Code   RO         2820    i.HAL_NVIC_SetPriorityGrouping  stm32l4xx_hal_cortex.o
    0x080016b0   0x080016b0   0x00000068   Code   RO         2557    i.HAL_PWREx_ControlVoltageScaling  stm32l4xx_hal_pwr_ex.o
    0x08001718   0x08001718   0x00000010   Code   RO         2588    i.HAL_PWREx_GetVoltageRange  stm32l4xx_hal_pwr_ex.o
    0x08001728   0x08001728   0x000003ae   Code   RO         1919    i.HAL_RCCEx_PeriphCLKConfig  stm32l4xx_hal_rcc_ex.o
    0x08001ad6   0x08001ad6   0x00000002   PAD
    0x08001ad8   0x08001ad8   0x00000120   Code   RO         1804    i.HAL_RCC_ClockConfig  stm32l4xx_hal_rcc.o
    0x08001bf8   0x08001bf8   0x00000024   Code   RO         1810    i.HAL_RCC_GetPCLK1Freq  stm32l4xx_hal_rcc.o
    0x08001c1c   0x08001c1c   0x00000024   Code   RO         1811    i.HAL_RCC_GetPCLK2Freq  stm32l4xx_hal_rcc.o
    0x08001c40   0x08001c40   0x000000a4   Code   RO         1812    i.HAL_RCC_GetSysClockFreq  stm32l4xx_hal_rcc.o
    0x08001ce4   0x08001ce4   0x00000528   Code   RO         1815    i.HAL_RCC_OscConfig  stm32l4xx_hal_rcc.o
    0x0800220c   0x0800220c   0x000000e0   Code   RO         3026    i.HAL_SPI_Init      stm32l4xx_hal_spi.o
    0x080022ec   0x080022ec   0x00000068   Code   RO          324    i.HAL_SPI_MspInit   spi.o
    0x08002354   0x08002354   0x0000018e   Code   RO         3034    i.HAL_SPI_Transmit  stm32l4xx_hal_spi.o
    0x080024e2   0x080024e2   0x00000018   Code   RO         2822    i.HAL_SYSTICK_CLKSourceConfig  stm32l4xx_hal_cortex.o
    0x080024fa   0x080024fa   0x00000028   Code   RO         2824    i.HAL_SYSTICK_Config  stm32l4xx_hal_cortex.o
    0x08002522   0x08002522   0x00000002   Code   RO         4082    i.HAL_TIMEx_Break2Callback  stm32l4xx_hal_tim_ex.o
    0x08002524   0x08002524   0x00000002   Code   RO         4083    i.HAL_TIMEx_BreakCallback  stm32l4xx_hal_tim_ex.o
    0x08002526   0x08002526   0x00000002   Code   RO         4084    i.HAL_TIMEx_CommutCallback  stm32l4xx_hal_tim_ex.o
    0x08002528   0x08002528   0x0000009c   Code   RO         4104    i.HAL_TIMEx_MasterConfigSynchronization  stm32l4xx_hal_tim_ex.o
    0x080025c4   0x080025c4   0x00000062   Code   RO         3368    i.HAL_TIM_Base_Init  stm32l4xx_hal_tim.o
    0x08002626   0x08002626   0x00000002   PAD
    0x08002628   0x08002628   0x0000003c   Code   RO          366    i.HAL_TIM_Base_MspInit  tim.o
    0x08002664   0x08002664   0x00000080   Code   RO         3373    i.HAL_TIM_Base_Start_IT  stm32l4xx_hal_tim.o
    0x080026e4   0x080026e4   0x00000030   Code   RO         3376    i.HAL_TIM_Base_Stop_IT  stm32l4xx_hal_tim.o
    0x08002714   0x08002714   0x00000002   Code   RO         3402    i.HAL_TIM_IC_CaptureCallback  stm32l4xx_hal_tim.o
    0x08002716   0x08002716   0x00000184   Code   RO         3416    i.HAL_TIM_IRQHandler  stm32l4xx_hal_tim.o
    0x0800289a   0x0800289a   0x00000002   Code   RO         3419    i.HAL_TIM_OC_DelayElapsedCallback  stm32l4xx_hal_tim.o
    0x0800289c   0x0800289c   0x00000002   Code   RO         3446    i.HAL_TIM_PWM_PulseFinishedCallback  stm32l4xx_hal_tim.o
    0x0800289e   0x0800289e   0x00000004   Code   RO         5411    i.HAL_TIM_PeriodElapsedCallback  serial_port.o
    0x080028a2   0x080028a2   0x00000002   Code   RO         3459    i.HAL_TIM_TriggerCallback  stm32l4xx_hal_tim.o
    0x080028a4   0x080028a4   0x00000002   Code   RO         4748    i.HAL_UARTEx_WakeupCallback  stm32l4xx_hal_uart_ex.o
    0x080028a6   0x080028a6   0x00000002   Code   RO         4391    i.HAL_UART_ErrorCallback  stm32l4xx_hal_uart.o
    0x080028a8   0x080028a8   0x00000164   Code   RO         4394    i.HAL_UART_IRQHandler  stm32l4xx_hal_uart.o
    0x08002a0c   0x08002a0c   0x00000066   Code   RO         4395    i.HAL_UART_Init     stm32l4xx_hal_uart.o
    0x08002a72   0x08002a72   0x00000002   PAD
    0x08002a74   0x08002a74   0x00000160   Code   RO          408    i.HAL_UART_MspInit  usart.o
    0x08002bd4   0x08002bd4   0x000000f4   Code   RO         4398    i.HAL_UART_Receive  stm32l4xx_hal_uart.o
    0x08002cc8   0x08002cc8   0x000000ac   Code   RO         4400    i.HAL_UART_Receive_IT  stm32l4xx_hal_uart.o
    0x08002d74   0x08002d74   0x00000004   Code   RO         5412    i.HAL_UART_RxCpltCallback  serial_port.o
    0x08002d78   0x08002d78   0x000000b6   Code   RO         4404    i.HAL_UART_Transmit  stm32l4xx_hal_uart.o
    0x08002e2e   0x08002e2e   0x00000002   Code   RO         4407    i.HAL_UART_TxCpltCallback  stm32l4xx_hal_uart.o
    0x08002e30   0x08002e30   0x00000002   Code   RO          476    i.HardFault_Handler  stm32l4xx_it.o
    0x08002e32   0x08002e32   0x00000002   PAD
    0x08002e34   0x08002e34   0x00000064   Code   RO         5313    i.IIC_Init          myiic.o
    0x08002e98   0x08002e98   0x00000052   Code   RO         4845    i.LCD_Address_Set   tftlcd.o
    0x08002eea   0x08002eea   0x00000002   PAD
    0x08002eec   0x08002eec   0x00000058   Code   RO         4846    i.LCD_Clear         tftlcd.o
    0x08002f44   0x08002f44   0x000000fc   Code   RO         4849    i.LCD_DrawLine      tftlcd.o
    0x08003040   0x08003040   0x0000001c   Code   RO         4853    i.LCD_Draw_Point    tftlcd.o
    0x0800305c   0x0800305c   0x0000008a   Code   RO         4854    i.LCD_Fill          tftlcd.o
    0x080030e6   0x080030e6   0x00000002   PAD
    0x080030e8   0x080030e8   0x0000007c   Code   RO         4855    i.LCD_Gpio_Init     tftlcd.o
    0x08003164   0x08003164   0x000001a0   Code   RO         4856    i.LCD_Init          tftlcd.o
    0x08003304   0x08003304   0x00000010   Code   RO         4857    i.LCD_Pow           tftlcd.o
    0x08003314   0x08003314   0x00000004   Code   RO         4859    i.LCD_SPI_Send      tftlcd.o
    0x08003318   0x08003318   0x00000142   Code   RO         4860    i.LCD_ShowChar      tftlcd.o
    0x0800345a   0x0800345a   0x00000070   Code   RO         4861    i.LCD_ShowNum       tftlcd.o
    0x080034ca   0x080034ca   0x0000004c   Code   RO         4862    i.LCD_ShowString    tftlcd.o
    0x08003516   0x08003516   0x00000002   PAD
    0x08003518   0x08003518   0x00000044   Code   RO         4863    i.LCD_Show_Image    tftlcd.o
    0x0800355c   0x0800355c   0x00000014   Code   RO         4865    i.LCD_WriteData     tftlcd.o
    0x08003570   0x08003570   0x0000001c   Code   RO         4866    i.LCD_Write_Cmd     tftlcd.o
    0x0800358c   0x0800358c   0x0000001c   Code   RO         4867    i.LCD_Write_Data    tftlcd.o
    0x080035a8   0x080035a8   0x00000028   Code   RO         4868    i.LCD_Write_HalfWord  tftlcd.o
    0x080035d0   0x080035d0   0x0000000c   Code   RO          645    i.LL_ADC_GetOffsetChannel  stm32l4xx_hal_adc.o
    0x080035dc   0x080035dc   0x00000008   Code   RO          646    i.LL_ADC_INJ_IsConversionOngoing  stm32l4xx_hal_adc.o
    0x080035e4   0x080035e4   0x00000008   Code   RO          647    i.LL_ADC_REG_IsConversionOngoing  stm32l4xx_hal_adc.o
    0x080035ec   0x080035ec   0x00000008   Code   RO          874    i.LL_ADC_REG_IsConversionOngoing  stm32l4xx_hal_adc_ex.o
    0x080035f4   0x080035f4   0x00000010   Code   RO          648    i.LL_ADC_REG_IsTriggerSourceSWStart  stm32l4xx_hal_adc.o
    0x08003604   0x08003604   0x0000001e   Code   RO          650    i.LL_ADC_SetChannelSamplingTime  stm32l4xx_hal_adc.o
    0x08003622   0x08003622   0x00000010   Code   RO          651    i.LL_ADC_SetOffsetState  stm32l4xx_hal_adc.o
    0x08003632   0x08003632   0x00000002   PAD
    0x08003634   0x08003634   0x00000034   Code   RO          477    i.LPUART1_IRQHandler  stm32l4xx_it.o
    0x08003668   0x08003668   0x000000b0   Code   RO          259    i.MX_ADC1_Init      adc.o
    0x08003718   0x08003718   0x0000002c   Code   RO          299    i.MX_DMA_Init       dma.o
    0x08003744   0x08003744   0x0000006c   Code   RO          233    i.MX_GPIO_Init      gpio.o
    0x080037b0   0x080037b0   0x00000048   Code   RO          409    i.MX_LPUART1_UART_Init  usart.o
    0x080037f8   0x080037f8   0x00000050   Code   RO          325    i.MX_SPI3_Init      spi.o
    0x08003848   0x08003848   0x00000048   Code   RO          367    i.MX_TIM6_Init      tim.o
    0x08003890   0x08003890   0x00000048   Code   RO          410    i.MX_USART1_UART_Init  usart.o
    0x080038d8   0x080038d8   0x00000048   Code   RO          411    i.MX_USART2_UART_Init  usart.o
    0x08003920   0x08003920   0x0000003c   Code   RO          412    i.MX_USART3_UART_Init  usart.o
    0x0800395c   0x0800395c   0x00000002   Code   RO          478    i.MemManage_Handler  stm32l4xx_it.o
    0x0800395e   0x0800395e   0x00000002   Code   RO          479    i.NMI_Handler       stm32l4xx_it.o
    0x08003960   0x08003960   0x00000002   Code   RO          480    i.PendSV_Handler    stm32l4xx_it.o
    0x08003962   0x08003962   0x00000002   PAD
    0x08003964   0x08003964   0x0000012c   Code   RO         1923    i.RCCEx_PLLSAI1_Config  stm32l4xx_hal_rcc_ex.o
    0x08003a90   0x08003a90   0x00000108   Code   RO         1924    i.RCCEx_PLLSAI2_Config  stm32l4xx_hal_rcc_ex.o
    0x08003b98   0x08003b98   0x0000007c   Code   RO         1816    i.RCC_SetFlashLatencyFromMSIRange  stm32l4xx_hal_rcc.o
    0x08003c14   0x08003c14   0x00000048   Code   RO         3064    i.SPI_EndRxTxTransaction  stm32l4xx_hal_spi.o
    0x08003c5c   0x08003c5c   0x000000ce   Code   RO         3069    i.SPI_WaitFifoStateUntilTimeout  stm32l4xx_hal_spi.o
    0x08003d2a   0x08003d2a   0x00000002   PAD
    0x08003d2c   0x08003d2c   0x000000b8   Code   RO         3070    i.SPI_WaitFlagStateUntilTimeout  stm32l4xx_hal_spi.o
    0x08003de4   0x08003de4   0x00000002   Code   RO          481    i.SVC_Handler       stm32l4xx_it.o
    0x08003de6   0x08003de6   0x00000004   Code   RO          482    i.SysTick_Handler   stm32l4xx_it.o
    0x08003dea   0x08003dea   0x0000008c   Code   RO           14    i.SystemClock_Config  main.o
    0x08003e76   0x08003e76   0x00000002   PAD
    0x08003e78   0x08003e78   0x00000044   Code   RO         4808    i.SystemInit        system_stm32l4xx.o
    0x08003ebc   0x08003ebc   0x0000000c   Code   RO          483    i.TIM6_DAC_IRQHandler  stm32l4xx_it.o
    0x08003ec8   0x08003ec8   0x000000c0   Code   RO         3461    i.TIM_Base_SetConfig  stm32l4xx_hal_tim.o
    0x08003f88   0x08003f88   0x000000c8   Code   RO         4409    i.UART_AdvFeatureConfig  stm32l4xx_hal_uart.o
    0x08004050   0x08004050   0x00000058   Code   RO         4410    i.UART_CheckIdleState  stm32l4xx_hal_uart.o
    0x080040a8   0x080040a8   0x00000014   Code   RO         4411    i.UART_DMAAbortOnError  stm32l4xx_hal_uart.o
    0x080040bc   0x080040bc   0x0000001e   Code   RO         4421    i.UART_EndRxTransfer  stm32l4xx_hal_uart.o
    0x080040da   0x080040da   0x0000005a   Code   RO         4423    i.UART_RxISR_16BIT  stm32l4xx_hal_uart.o
    0x08004134   0x08004134   0x0000005a   Code   RO         4424    i.UART_RxISR_8BIT   stm32l4xx_hal_uart.o
    0x0800418e   0x0800418e   0x00000002   PAD
    0x08004190   0x08004190   0x0000024c   Code   RO         4425    i.UART_SetConfig    stm32l4xx_hal_uart.o
    0x080043dc   0x080043dc   0x000000a4   Code   RO         4428    i.UART_WaitOnFlagUntilTimeout  stm32l4xx_hal_uart.o
    0x08004480   0x08004480   0x00000034   Code   RO          484    i.USART1_IRQHandler  stm32l4xx_it.o
    0x080044b4   0x080044b4   0x00000034   Code   RO          485    i.USART2_IRQHandler  stm32l4xx_it.o
    0x080044e8   0x080044e8   0x0000000c   Code   RO          486    i.USART3_IRQHandler  stm32l4xx_it.o
    0x080044f4   0x080044f4   0x00000002   Code   RO          487    i.UsageFault_Handler  stm32l4xx_it.o
    0x080044f6   0x080044f6   0x00000002   PAD
    0x080044f8   0x080044f8   0x00000020   Code   RO         5994    i.__0printf         mc_w.l(printfa.o)
    0x08004518   0x08004518   0x00000028   Code   RO         5996    i.__0sprintf        mc_w.l(printfa.o)
    0x08004540   0x08004540   0x00000020   Code   RO         2826    i.__NVIC_SetPriority  stm32l4xx_hal_cortex.o
    0x08004560   0x08004560   0x0000000e   Code   RO         6064    i.__scatterload_copy  mc_w.l(handlers.o)
    0x0800456e   0x0800456e   0x00000002   Code   RO         6065    i.__scatterload_null  mc_w.l(handlers.o)
    0x08004570   0x08004570   0x0000000e   Code   RO         6066    i.__scatterload_zeroinit  mc_w.l(handlers.o)
    0x0800457e   0x0800457e   0x00000016   Code   RO         5014    i.__show_title      gui.o
    0x08004594   0x08004594   0x00000098   Code   RO         5489    i.__task_before_nbiot_init  example_nbiot_aliyun_air.o
    0x0800462c   0x0800462c   0x0000018a   Code   RO         6001    i._fp_digits        mc_w.l(printfa.o)
    0x080047b6   0x080047b6   0x00000002   PAD
    0x080047b8   0x080047b8   0x000006e2   Code   RO         6002    i._printf_core      mc_w.l(printfa.o)
    0x08004e9a   0x08004e9a   0x00000024   Code   RO         6003    i._printf_post_padding  mc_w.l(printfa.o)
    0x08004ebe   0x08004ebe   0x0000002e   Code   RO         6004    i._printf_pre_padding  mc_w.l(printfa.o)
    0x08004eec   0x08004eec   0x0000000a   Code   RO         6006    i._sputc            mc_w.l(printfa.o)
    0x08004ef6   0x08004ef6   0x00000002   PAD
    0x08004ef8   0x08004ef8   0x00000014   Code   RO         5174    i.delay_init        delay.o
    0x08004f0c   0x08004f0c   0x0000001a   Code   RO         5175    i.delay_ms          delay.o
    0x08004f26   0x08004f26   0x00000002   PAD
    0x08004f28   0x08004f28   0x00000034   Code   RO         5176    i.delay_us          delay.o
    0x08004f5c   0x08004f5c   0x00000048   Code   RO         5536    i.drv_serial_init   at.lib(drv_serial.o)
    0x08004fa4   0x08004fa4   0x00000020   Code   RO         5538    i.drv_serial_tim_irhandle  at.lib(drv_serial.o)
    0x08004fc4   0x08004fc4   0x00000070   Code   RO         5539    i.drv_serial_usart_irhandle  at.lib(drv_serial.o)
    0x08005034   0x08005034   0x00000004   Code   RO         5490    i.example_nbiot_aliyun_air_task  example_nbiot_aliyun_air.o
    0x08005038   0x08005038   0x00000018   Code   RO          413    i.fputc             usart.o
    0x08005050   0x08005050   0x0000007c   Code   RO         5145    i.led_init          bsp_change.o
    0x080050cc   0x080050cc   0x00000080   Code   RO           15    i.main              main.o
    0x0800514c   0x0800514c   0x000000c4   Code   RO         5146    i.new_hard_init     bsp_change.o
    0x08005210   0x08005210   0x00000018   Code   RO         5110    i.power_init        power.o
    0x08005228   0x08005228   0x00000098   Code   RO         5018    i.show_smoke_gui    gui.o
    0x080052c0   0x080052c0   0x00000040   Data   RO         4809    .constdata          system_stm32l4xx.o
    0x08005300   0x08005300   0x00000008   Data   RO         4810    .constdata          system_stm32l4xx.o
    0x08005308   0x08005308   0x00004bb4   Data   RO         4870    .constdata          tftlcd.o
    0x08009ebc   0x08009ebc   0x00003e80   Data   RO         5025    .constdata          gui.o
    0x0800dd3c   0x0800dd3c   0x00000020   Data   RO         6062    Region$$Table       anon$$obj.o


    Execution Region RW_IRAM2 (Exec base: 0x10000000, Load base: 0x0800dd90, Size: 0x00000000, Max: 0x00008000, ABSOLUTE)

    **** No section assigned to this execution region ****


    Execution Region RW_IRAM1 (Exec base: 0x20000000, Load base: 0x0800dd5c, Size: 0x00002010, Max: 0x00018000, ABSOLUTE)

    Exec Addr    Load Addr    Size         Type   Attr      Idx    E Section Name        Object

    0x20000000   0x0800dd5c   0x0000000c   Data   RW         1088    .data               stm32l4xx_hal.o
    0x2000000c   0x0800dd68   0x00000004   Data   RW         4811    .data               system_stm32l4xx.o
    0x20000010   0x0800dd6c   0x00000004   Data   RW         4871    .data               tftlcd.o
    0x20000014   0x0800dd70   0x00000004   Data   RW         5177    .data               delay.o
    0x20000018   0x0800dd74   0x00000008   Data   RW         5235    .data               smoke.o
    0x20000020   0x0800dd7c   0x0000000a   Data   RW         5273    .data               ccs811.o
    0x2000002a   0x0800dd86   0x00000004   Data   RW         5542    .data               at.lib(drv_serial.o)
    0x2000002e   0x0800dd8a   0x00000002   PAD
    0x20000030   0x0800dd8c   0x00000004   Data   RW         6040    .data               mc_w.l(stdout.o)
    0x20000034        -       0x000000ac   Zero   RW          260    .bss                adc.o
    0x200000e0        -       0x00000064   Zero   RW          326    .bss                spi.o
    0x20000144        -       0x0000004c   Zero   RW          368    .bss                tim.o
    0x20000190        -       0x00000200   Zero   RW          414    .bss                usart.o
    0x20000390        -       0x00000480   Zero   RW         4869    .bss                tftlcd.o
    0x20000810        -       0x00000800   Zero   RW         5541    .bss                at.lib(drv_serial.o)
    0x20001010        -       0x00001000   Zero   RW            1    STACK               startup_stm32l476xx.o


==============================================================================

Image component sizes


      Code (inc. data)   RO Data    RW Data    ZI Data      Debug   Object Name

       324         40          0          0        172       1895   adc.o
       320         22          0          0          0       2084   bsp_change.o
         0          0          0         10          0        953   ccs811.o
        98          8          0          4          0       1963   delay.o
        44          4          0          0          0        794   dma.o
       156         34          0          0          0       2028   example_nbiot_aliyun_air.o
       108          8          0          0          0        939   gpio.o
       174         30      16000          0          0       2881   gui.o
       270         20          0          0          0     884068   main.o
       100         10          0          0          0        987   myiic.o
        24          8          0          0          0        521   power.o
         8          0          0          0          0       1402   serial_port.o
         0          0          0          8          0        573   smoke.o
       184         22          0          0        100       1729   spi.o
        36          8        392          0       4096        844   startup_stm32l476xx.o
       162         24          0         12          0      14461   stm32l4xx_hal.o
      2058        120          0          0          0      71585   stm32l4xx_hal_adc.o
       248         18          0          0          0      59939   stm32l4xx_hal_adc_ex.o
       222         14          0          0          0      34529   stm32l4xx_hal_cortex.o
       614         14          0          0          0       4522   stm32l4xx_hal_dma.o
       624         38          0          0          0       2700   stm32l4xx_hal_gpio.o
        44          6          0          0          0        870   stm32l4xx_hal_msp.o
       120         20          0          0          0       1386   stm32l4xx_hal_pwr_ex.o
      1968         98          0          0          0       6972   stm32l4xx_hal_rcc.o
      1506         44          0          0          0       4084   stm32l4xx_hal_rcc_ex.o
      1084          8          0          0          0       5846   stm32l4xx_hal_spi.o
       862         60          0          0          0       7576   stm32l4xx_hal_tim.o
       162         26          0          0          0       3120   stm32l4xx_hal_tim_ex.o
      2330         76          0          0          0      13723   stm32l4xx_hal_uart.o
         2          0          0          0          0       1020   stm32l4xx_hal_uart_ex.o
       212         48          0          0          0       7324   stm32l4xx_it.o
        68         12         72          4          0       1261   system_stm32l4xx.o
      1842         90      19380          4       1152      13733   tftlcd.o
       132         18          0          0         76       1642   tim.o
       652         60          0          0        512       4344   usart.o

    ----------------------------------------------------------------------
     16794       1008      35876         42       6108    1164298   Object Totals
         0          0         32          0          0          0   (incl. Generated)
        36          0          0          0          0          0   (incl. Padding)

    ----------------------------------------------------------------------

      Code (inc. data)   RO Data    RW Data    ZI Data      Debug   Library Member Name

       216         56          0          4       2048     731465   drv_serial.o
         0          0          0          0          0          0   entry.o
         0          0          0          0          0          0   entry10a.o
         0          0          0          0          0          0   entry11a.o
         8          4          0          0          0          0   entry2.o
         4          0          0          0          0          0   entry5.o
         0          0          0          0          0          0   entry7b.o
         0          0          0          0          0          0   entry8b.o
         8          4          0          0          0          0   entry9a.o
        30          0          0          0          0          0   handlers.o
        36          8          0          0          0         68   init.o
         0          0          0          0          0          0   iusefp.o
        30          0          0          0          0         68   llshl.o
        36          0          0          0          0         68   llsshr.o
        32          0          0          0          0         68   llushr.o
        36          0          0          0          0        108   memseta.o
      2320         96          0          0          0        604   printfa.o
         0          0          0          4          0          0   stdout.o
        44          0          0          0          0         80   uidiv.o
       104          0          0          0          0         92   uldiv.o
        48          0          0          0          0         68   cdrcmple.o
       350          0          0          0          0        148   dadd.o
       222          0          0          0          0        100   ddiv.o
       186          0          0          0          0        176   depilogue.o
        48          0          0          0          0         68   dfixul.o
       234          0          0          0          0         96   dmul.o

    ----------------------------------------------------------------------
      3998        168          0         10       2048     733277   Library Totals
         6          0          0          2          0          0   (incl. Padding)

    ----------------------------------------------------------------------

      Code (inc. data)   RO Data    RW Data    ZI Data      Debug   Library Name

       216         56          0          4       2048     731465   at.lib
      2688        112          0          4          0       1156   mc_w.l
      1088          0          0          0          0        656   mf_w.l

    ----------------------------------------------------------------------
      3998        168          0         10       2048     733277   Library Totals

    ----------------------------------------------------------------------

==============================================================================


      Code (inc. data)   RO Data    RW Data    ZI Data      Debug   

     20792       1176      35876         52       8156    1882843   Grand Totals
     20792       1176      35876         52       8156    1882843   ELF Image Totals
     20792       1176      35876         52          0          0   ROM Totals

==============================================================================

    Total RO  Size (Code + RO Data)                56668 (  55.34kB)
    Total RW  Size (RW Data + ZI Data)              8208 (   8.02kB)
    Total ROM Size (Code + RO Data + RW Data)      56720 (  55.39kB)

==============================================================================

