<html>
<body>
<pre>
<h1>µVision Build Log</h1>
<h2>Tool Versions:</h2>
IDE-Version: ¦ÌVision V5.29.0.0
Copyright (C) 2019 ARM Ltd and ARM Germany GmbH. All rights reserved.
License Information: czh marine0401, school, LIC=HF82M-XNRR8-799G1-C5QFH-W5ZIN-0UTA1
 
Tool Versions:
Toolchain:       MDK-ARM Professional  Version: 5.29.0.0
Toolchain Path:  C:\Keil_v5\ARM\ARMCC\Bin
C Compiler:      Armcc.exe V5.06 update 6 (build 750)
Assembler:       Armasm.exe V5.06 update 6 (build 750)
Linker/Locator:  ArmLink.exe V5.06 update 6 (build 750)
Library Manager: ArmAr.exe V5.06 update 6 (build 750)
Hex Converter:   FromElf.exe V5.06 update 6 (build 750)
CPU DLL:         SARMCM3.DLL V5.29.0.0
Dialog DLL:      DCM.DLL V1.17.3.0
Target DLL:      STLink\ST-LINKIII-KEIL_SWO.dll V3.0.7.0
Dialog DLL:      TCM.DLL V1.36.5.0
 
<h2>Project:</h2>
E:\GIT_CODE\ycyz_stm\demo_basic_0328\MDK-ARM\demo_basic.uvprojx
Project File Date:  03/31/2023

<h2>Output:</h2>
*** Using Compiler 'V5.06 update 6 (build 750)', folder: 'C:\Keil_v5\ARM\ARMCC\Bin'
Build target 'demo_basic'
compiling modbus.c...
../BSP/sensor/oxygen/oxygen.h(26): warning:  #1295-D: Deprecated declaration oxygenSensor_init - give arg types
  uint8_t oxygenSensor_init();	
../BSP/sensor/oxygen/oxygen.h(27): warning:  #1295-D: Deprecated declaration send_get_oxygenSensor_addr_msg - give arg types
  void send_get_oxygenSensor_addr_msg();
../BSP/sensor/oxygen/oxygen.h(29): warning:  #1-D: last line of file ends without a newline
  void send_set_mode(void);
..\example\modbus\modbus.c(61): warning:  #177-D: variable "st"  was declared but never referenced
        uint16_t st,nu;
..\example\modbus\modbus.c(61): warning:  #177-D: variable "nu"  was declared but never referenced
        uint16_t st,nu;
..\example\modbus\modbus.c(63): warning:  #177-D: variable "i"  was declared but never referenced
        uint8_t i;
..\example\modbus\modbus.c(64): warning:  #177-D: variable "addr_t"  was declared but never referenced
  			uint8_t addr_t;
..\example\modbus\modbus.c: 7 warnings, 0 errors
linking...
Program Size: Code=27536 RO-data=36040 RW-data=196 ZI-data=12836  
FromELF: creating hex file...
"demo_basic\demo_basic.axf" - 0 Error(s), 7 Warning(s).

<h2>Software Packages used:</h2>

Package Vendor: ARM
                http://www.keil.com/pack/ARM.CMSIS.5.6.0.pack
                ARM.CMSIS.5.6.0
                CMSIS (Cortex Microcontroller Software Interface Standard)
   * Component: CORE Version: 5.3.0

Package Vendor: Keil
                https://www.keil.com/pack/Keil.STM32L4xx_DFP.2.4.0.pack
                Keil.STM32L4xx_DFP.2.4.0
                STMicroelectronics STM32L4 Series Device Support, Drivers and Examples

<h2>Collection of Component include folders:</h2>
  .\RTE\_demo_basic
  C:\Users\marine0401\AppData\Local\Arm\Packs\ARM\CMSIS\5.6.0\CMSIS\Core\Include
  C:\Users\marine0401\AppData\Local\Arm\Packs\Keil\STM32L4xx_DFP\2.4.0\Drivers\CMSIS\Device\ST\STM32L4xx\Include

<h2>Collection of Component Files used:</h2>

   * Component: ARM::CMSIS:CORE:5.3.0
Build Time Elapsed:  00:00:05
</pre>
</body>
</html>
