Component: ARM Compiler 5.06 update 6 (build 750) Tool: armlink [4d35ed]

==============================================================================

Section Cross References

    startup_stm32l476xx.o(RESET) refers to startup_stm32l476xx.o(STACK) for __initial_sp
    startup_stm32l476xx.o(RESET) refers to startup_stm32l476xx.o(.text) for Reset_Handler
    startup_stm32l476xx.o(RESET) refers to stm32l4xx_it.o(i.NMI_Handler) for NMI_Handler
    startup_stm32l476xx.o(RESET) refers to stm32l4xx_it.o(i.HardFault_Handler) for HardFault_Handler
    startup_stm32l476xx.o(RESET) refers to stm32l4xx_it.o(i.MemManage_Handler) for MemManage_Handler
    startup_stm32l476xx.o(RESET) refers to stm32l4xx_it.o(i.BusFault_Handler) for BusFault_Handler
    startup_stm32l476xx.o(RESET) refers to stm32l4xx_it.o(i.UsageFault_Handler) for UsageFault_Handler
    startup_stm32l476xx.o(RESET) refers to port.o(.emb_text) for SVC_Handler
    startup_stm32l476xx.o(RESET) refers to stm32l4xx_it.o(i.DebugMon_Handler) for DebugMon_Handler
    startup_stm32l476xx.o(RESET) refers to port.o(i.SysTick_Handler) for SysTick_Handler
    startup_stm32l476xx.o(RESET) refers to stm32l4xx_it.o(i.DMA1_Channel1_IRQHandler) for DMA1_Channel1_IRQHandler
    startup_stm32l476xx.o(RESET) refers to stm32l4xx_it.o(i.TIM1_UP_TIM16_IRQHandler) for TIM1_UP_TIM16_IRQHandler
    startup_stm32l476xx.o(RESET) refers to stm32l4xx_it.o(i.USART1_IRQHandler) for USART1_IRQHandler
    startup_stm32l476xx.o(RESET) refers to stm32l4xx_it.o(i.USART2_IRQHandler) for USART2_IRQHandler
    startup_stm32l476xx.o(RESET) refers to stm32l4xx_it.o(i.USART3_IRQHandler) for USART3_IRQHandler
    startup_stm32l476xx.o(RESET) refers to stm32l4xx_it.o(i.TIM6_DAC_IRQHandler) for TIM6_DAC_IRQHandler
    startup_stm32l476xx.o(RESET) refers to stm32l4xx_it.o(i.TIM7_IRQHandler) for TIM7_IRQHandler
    startup_stm32l476xx.o(RESET) refers to stm32l4xx_it.o(i.LPUART1_IRQHandler) for LPUART1_IRQHandler
    startup_stm32l476xx.o(.text) refers to system_stm32l4xx.o(i.SystemInit) for SystemInit
    startup_stm32l476xx.o(.text) refers to entry.o(.ARM.Collect$$$$00000000) for __main
    main.o(i.HAL_TIM_PeriodElapsedCallback) refers to drv_serial.o(i.drv_serial_tim_irhandle) for drv_serial_tim_irhandle
    main.o(i.HAL_TIM_PeriodElapsedCallback) refers to stm32l4xx_hal.o(i.HAL_IncTick) for HAL_IncTick
    main.o(i.SystemClock_Config) refers to memseta.o(.text) for __aeabi_memclr4
    main.o(i.SystemClock_Config) refers to stm32l4xx_hal_rcc.o(i.HAL_RCC_OscConfig) for HAL_RCC_OscConfig
    main.o(i.SystemClock_Config) refers to stm32l4xx_hal_rcc.o(i.HAL_RCC_ClockConfig) for HAL_RCC_ClockConfig
    main.o(i.SystemClock_Config) refers to stm32l4xx_hal_rcc_ex.o(i.HAL_RCCEx_PeriphCLKConfig) for HAL_RCCEx_PeriphCLKConfig
    main.o(i.SystemClock_Config) refers to stm32l4xx_hal_pwr_ex.o(i.HAL_PWREx_ControlVoltageScaling) for HAL_PWREx_ControlVoltageScaling
    main.o(i.main) refers to stm32l4xx_hal.o(i.HAL_Init) for HAL_Init
    main.o(i.main) refers to main.o(i.SystemClock_Config) for SystemClock_Config
    main.o(i.main) refers to gpio.o(i.MX_GPIO_Init) for MX_GPIO_Init
    main.o(i.main) refers to dma.o(i.MX_DMA_Init) for MX_DMA_Init
    main.o(i.main) refers to spi.o(i.MX_SPI3_Init) for MX_SPI3_Init
    main.o(i.main) refers to tim.o(i.MX_TIM6_Init) for MX_TIM6_Init
    main.o(i.main) refers to usart.o(i.MX_USART2_UART_Init) for MX_USART2_UART_Init
    main.o(i.main) refers to usart.o(i.MX_USART3_UART_Init) for MX_USART3_UART_Init
    main.o(i.main) refers to adc.o(i.MX_ADC1_Init) for MX_ADC1_Init
    main.o(i.main) refers to usart.o(i.MX_LPUART1_UART_Init) for MX_LPUART1_UART_Init
    main.o(i.main) refers to usart.o(i.MX_USART1_UART_Init) for MX_USART1_UART_Init
    main.o(i.main) refers to tim.o(i.MX_TIM7_Init) for MX_TIM7_Init
    main.o(i.main) refers to delay.o(i.delay_init) for delay_init
    main.o(i.main) refers to drv_serial.o(i.drv_serial_init) for drv_serial_init
    main.o(i.main) refers to modbus.o(i.ModBus_Init) for ModBus_Init
    main.o(i.main) refers to power.o(i.power_init) for power_init
    main.o(i.main) refers to bsp_change.o(i.new_hard_init) for new_hard_init
    main.o(i.main) refers to tftlcd.o(i.LCD_Init) for LCD_Init
    main.o(i.main) refers to stm32l4xx_hal_gpio.o(i.HAL_GPIO_WritePin) for HAL_GPIO_WritePin
    main.o(i.main) refers to cmsis_os.o(i.osDelay) for osDelay
    main.o(i.main) refers to freertos.o(i.MX_FREERTOS_Init) for MX_FREERTOS_Init
    main.o(i.main) refers to cmsis_os.o(i.osKernelStart) for osKernelStart
    gpio.o(i.MX_GPIO_Init) refers to memseta.o(.text) for __aeabi_memclr4
    gpio.o(i.MX_GPIO_Init) refers to stm32l4xx_hal_gpio.o(i.HAL_GPIO_WritePin) for HAL_GPIO_WritePin
    gpio.o(i.MX_GPIO_Init) refers to stm32l4xx_hal_gpio.o(i.HAL_GPIO_Init) for HAL_GPIO_Init
    freertos.o(i.MX_FREERTOS_Init) refers to memcpya.o(.text) for __aeabi_memcpy4
    freertos.o(i.MX_FREERTOS_Init) refers to cmsis_os.o(i.osThreadCreate) for osThreadCreate
[...]
    prvTaskExitError                         0x08006009   Thumb Code    36  port.o(i.prvTaskExitError)
    i.prvTaskIsTaskSuspended                 0x08006030   Section        0  tasks.o(i.prvTaskIsTaskSuspended)
    prvTaskIsTaskSuspended                   0x08006031   Thumb Code    48  tasks.o(i.prvTaskIsTaskSuspended)
    i.pvPortMalloc                           0x08006064   Section        0  heap_4.o(i.pvPortMalloc)
    i.pxPortInitialiseStack                  0x08006140   Section        0  port.o(i.pxPortInitialiseStack)
    i.readOxygenThread                       0x0800616c   Section        0  freertos.o(i.readOxygenThread)
    i.readPHValThread                        0x08006234   Section        0  freertos.o(i.readPHValThread)
    i.send_get_attribute                     0x08006290   Section        0  oxygen.o(i.send_get_attribute)
    i.show_smoke_gui                         0x08006330   Section        0  gui.o(i.show_smoke_gui)
    i.show_wifi_state                        0x080063c8   Section        0  gui.o(i.show_wifi_state)
    i.uxListRemove                           0x08006424   Section        0  list.o(i.uxListRemove)
    i.vApplicationGetIdleTaskMemory          0x0800644c   Section        0  freertos.o(i.vApplicationGetIdleTaskMemory)
    i.vListInitialise                        0x08006460   Section        0  list.o(i.vListInitialise)
    i.vListInitialiseItem                    0x08006476   Section        0  list.o(i.vListInitialiseItem)
    i.vListInsert                            0x0800647c   Section        0  list.o(i.vListInsert)
    i.vListInsertEnd                         0x080064ac   Section        0  list.o(i.vListInsertEnd)
    i.vPortEnterCritical                     0x080064c4   Section        0  port.o(i.vPortEnterCritical)
    i.vPortExitCritical                      0x08006504   Section        0  port.o(i.vPortExitCritical)
    i.vPortFree                              0x0800652c   Section        0  heap_4.o(i.vPortFree)
    i.vPortSetupTimerInterrupt               0x08006590   Section        0  port.o(i.vPortSetupTimerInterrupt)
    i.vPortValidateInterruptPriority         0x080065b4   Section        0  port.o(i.vPortValidateInterruptPriority)
    i.vTaskDelay                             0x08006608   Section        0  tasks.o(i.vTaskDelay)
    i.vTaskDelete                            0x08006654   Section        0  tasks.o(i.vTaskDelete)
    i.vTaskResume                            0x08006700   Section        0  tasks.o(i.vTaskResume)
    i.vTaskStartScheduler                    0x0800677c   Section        0  tasks.o(i.vTaskStartScheduler)
    i.vTaskSuspend                           0x080067e8   Section        0  tasks.o(i.vTaskSuspend)
    i.vTaskSuspendAll                        0x080068a4   Section        0  tasks.o(i.vTaskSuspendAll)
    i.vTaskSwitchContext                     0x080068b4   Section        0  tasks.o(i.vTaskSwitchContext)
    i.xPortStartScheduler                    0x08006910   Section        0  port.o(i.xPortStartScheduler)
    i.xQueueGiveFromISR                      0x08006a04   Section        0  queue.o(i.xQueueGiveFromISR)
    i.xTaskCreate                            0x08006aa0   Section        0  tasks.o(i.xTaskCreate)
    i.xTaskCreateStatic                      0x08006b00   Section        0  tasks.o(i.xTaskCreateStatic)
    i.xTaskIncrementTick                     0x08006b58   Section        0  tasks.o(i.xTaskIncrementTick)
    i.xTaskRemoveFromEventList               0x08006c24   Section        0  tasks.o(i.xTaskRemoveFromEventList)
    i.xTaskResumeAll                         0x08006c98   Section        0  tasks.o(i.xTaskResumeAll)
    .constdata                               0x08006d5c   Section      112  freertos.o(.constdata)
    .constdata                               0x08006dcc   Section    19380  tftlcd.o(.constdata)
    .constdata                               0x0800b980   Section    16000  gui.o(.constdata)
    .constdata                               0x0800f800   Section       64  system_stm32l4xx.o(.constdata)
    .constdata                               0x0800f840   Section        8  system_stm32l4xx.o(.constdata)
    .conststring                             0x0800f848   Section       52  freertos.o(.conststring)
    .data                                    0x20000000   Section        4  freertos.o(.data)
    .data                                    0x20000004   Section       16  freertos.o(.data)
    .data                                    0x20000014   Section        4  stm32l4xx_it.o(.data)
    .data                                    0x20000018   Section        4  tftlcd.o(.data)
    .data                                    0x2000001c   Section        3  oxygen.o(.data)
    .data                                    0x2000001f   Section        1  oxygen.o(.data)
    .data                                    0x20000020   Section        4  delay.o(.data)
    fac_us                                   0x20000020   Data           4  delay.o(.data)
    .data                                    0x20000024   Section       10  ccs811.o(.data)
    .data                                    0x20000030   Section        8  smoke.o(.data)
    .data                                    0x20000038   Section        8  serial_port.o(.data)
    .data                                    0x20000040   Section        3  modbus.o(.data)
    .data                                    0x20000044   Section       12  stm32l4xx_hal.o(.data)
    .data                                    0x20000050   Section        4  system_stm32l4xx.o(.data)
    .data                                    0x20000054   Section       60  tasks.o(.data)
    uxDeletedTasksWaitingCleanUp             0x20000058   Data           4  tasks.o(.data)
    uxCurrentNumberOfTasks                   0x2000005c   Data           4  tasks.o(.data)
    xTickCount                               0x20000060   Data           4  tasks.o(.data)
    uxTopReadyPriority                       0x20000064   Data           4  tasks.o(.data)
    xSchedulerRunning                        0x20000068   Data           4  tasks.o(.data)
    xPendedTicks                             0x2000006c   Data           4  tasks.o(.data)
    xYieldPending                            0x20000070   Data           4  tasks.o(.data)
    xNumOfOverflows                          0x20000074   Data           4  tasks.o(.data)
    uxTaskNumber                             0x20000078   Data           4  tasks.o(.data)
    xNextTaskUnblockTime                     0x2000007c   Data           4  tasks.o(.data)
    xIdleTaskHandle                          0x20000080   Data           4  tasks.o(.data)
    uxSchedulerSuspended                     0x20000084   Data           4  tasks.o(.data)
    pxDelayedTaskList                        0x20000088   Data           4  tasks.o(.data)
    pxOverflowDelayedTaskList                0x2000008c   Data           4  tasks.o(.data)
    .data                                    0x20000090   Section       32  heap_4.o(.data)
    pxEnd                                    0x20000090   Data           4  heap_4.o(.data)
    xFreeBytesRemaining                      0x20000094   Data           4  heap_4.o(.data)
    xMinimumEverFreeBytesRemaining           0x20000098   Data           4  heap_4.o(.data)
    xNumberOfSuccessfulAllocations           0x2000009c   Data           4  heap_4.o(.data)
    xNumberOfSuccessfulFrees                 0x200000a0   Data           4  heap_4.o(.data)
    xBlockAllocatedBit                       0x200000a4   Data           4  heap_4.o(.data)
    xStart                                   0x200000a8   Data           8  heap_4.o(.data)
    .data                                    0x200000b0   Section       12  port.o(.data)
    ucMaxSysCallPriority                     0x200000b0   Data           1  port.o(.data)
    uxCriticalNesting                        0x200000b4   Data           4  port.o(.data)
    ulMaxPRIGROUPValue                       0x200000b8   Data           4  port.o(.data)
    .data                                    0x200000bc   Section        4  drv_serial.o(.data)
    .data                                    0x200000c0   Section        4  stdout.o(.data)
    .bss                                     0x200000c4   Section      596  freertos.o(.bss)
    xIdleTaskTCBBuffer                       0x200000c4   Data          84  freertos.o(.bss)
    xIdleStack                               0x20000118   Data         512  freertos.o(.bss)
    .bss                                     0x20000318   Section      172  adc.o(.bss)
    .bss                                     0x200003c4   Section      528  usart.o(.bss)
    .bss                                     0x200005d4   Section      100  spi.o(.bss)
    .bss                                     0x20000638   Section      152  tim.o(.bss)
    .bss                                     0x200006d0   Section       24  stm32l4xx_it.o(.bss)
    .bss                                     0x200006e8   Section       76  stm32l4xx_hal_timebase_tim.o(.bss)
    .bss                                     0x20000734   Section     1152  tftlcd.o(.bss)
    lcd_buf                                  0x20000734   Data        1152  tftlcd.o(.bss)
    .bss                                     0x20000bb4   Section       12  ph.o(.bss)
    .bss                                     0x20000bc0   Section       39  oxygen.o(.bss)
    .bss                                     0x20000be7   Section       24  serial_port.o(.bss)
    .bss                                     0x20000c00   Section      576  modbus.o(.bss)
    .bss                                     0x20000e40   Section      240  tasks.o(.bss)
    pxReadyTasksLists                        0x20000e40   Data         140  tasks.o(.bss)
    xDelayedTaskList1                        0x20000ecc   Data          20  tasks.o(.bss)
    xDelayedTaskList2                        0x20000ee0   Data          20  tasks.o(.bss)
    xPendingReadyList                        0x20000ef4   Data          20  tasks.o(.bss)
    xTasksWaitingTermination                 0x20000f08   Data          20  tasks.o(.bss)
    xSuspendedTaskList                       0x20000f1c   Data          20  tasks.o(.bss)
    .bss                                     0x20000f30   Section     3000  heap_4.o(.bss)
    ucHeap                                   0x20000f30   Data        3000  heap_4.o(.bss)
    .bss                                     0x20001ae8   Section     2048  drv_serial.o(.bss)
    STACK                                    0x200022e8   Section     4096  startup_stm32l476xx.o(STACK)

    Global Symbols

    Symbol Name                              Value     Ov Type        Size  Object(Section)

    BuildAttributes$$THM_ISAv4$E$P$D$K$B$S$7EM$VFPi3$EXTD16$VFPS$VFMA$PE$A:L22UL41UL21$X:L11$S22US41US21$IEEE1$IW$USESV6$~STKCKD$USESV7$~SHL$OTIME$ROPI$EBA8$MICROLIB$REQ8$PRES8$EABIv2 0x00000000   Number         0  anon$$obj.o ABSOLUTE
    __ARM_use_no_argv                        0x00000000   Number         0  main.o ABSOLUTE
    _printf_a                                0x00000000   Number         0  stubs.o ABSOLUTE
    _printf_c                                0x00000000   Number         0  stubs.o ABSOLUTE
    _printf_charcount                        0x00000000   Number         0  stubs.o ABSOLUTE
    _printf_d                                0x00000000   Number         0  stubs.o ABSOLUTE
    _printf_e                                0x00000000   Number         0  stubs.o ABSOLUTE
    _printf_f                                0x00000000   Number         0  stubs.o ABSOLUTE
    _printf_flags                            0x00000000   Number         0  stubs.o ABSOLUTE
    _printf_fp_dec                           0x00000000   Number         0  stubs.o ABSOLUTE
    _printf_fp_hex                           0x00000000   Number         0  stubs.o ABSOLUTE
    _printf_g                                0x00000000   Number         0  stubs.o ABSOLUTE
    _printf_i                                0x00000000   Number         0  stubs.o ABSOLUTE
    _printf_int_dec                          0x00000000   Number         0  stubs.o ABSOLUTE
    _printf_l                                0x00000000   Number         0  stubs.o ABSOLUTE
    _printf_lc                               0x00000000   Number         0  stubs.o ABSOLUTE
    _printf_ll                               0x00000000   Number         0  stubs.o ABSOLUTE
    _printf_lld                              0x00000000   Number         0  stubs.o ABSOLUTE
    _printf_lli                              0x00000000   Number         0  stubs.o ABSOLUTE
    _printf_llo                              0x00000000   Number         0  stubs.o ABSOLUTE
    _printf_llu                              0x00000000   Number         0  stubs.o ABSOLUTE
    _printf_llx                              0x00000000   Number         0  stubs.o ABSOLUTE
    _printf_longlong_dec                     0x00000000   Number         0  stubs.o ABSOLUTE
    _printf_longlong_hex                     0x00000000   Number         0  stubs.o ABSOLUTE
    _printf_longlong_oct                     0x00000000   Number         0  stubs.o ABSOLUTE
    _printf_ls                               0x00000000   Number         0  stubs.o ABSOLUTE
    _printf_mbtowc                           0x00000000   Number         0  stubs.o ABSOLUTE
    _printf_n                                0x00000000   Number         0  stubs.o ABSOLUTE
    _printf_o                                0x00000000   Number         0  stubs.o ABSOLUTE
    _printf_p                                0x00000000   Number         0  stubs.o ABSOLUTE
    _printf_percent                          0x00000000   Number         0  stubs.o ABSOLUTE
    _printf_pre_padding                      0x00000000   Number         0  stubs.o ABSOLUTE
    _printf_return_value                     0x00000000   Number         0  stubs.o ABSOLUTE
    _printf_s                                0x00000000   Number         0  stubs.o ABSOLUTE
    _printf_sizespec                         0x00000000   Number         0  stubs.o ABSOLUTE
    _printf_str                              0x00000000   Number         0  stubs.o ABSOLUTE
    _printf_truncate_signed                  0x00000000   Number         0  stubs.o ABSOLUTE
    _printf_truncate_unsigned                0x00000000   Number         0  stubs.o ABSOLUTE
    _printf_u                                0x00000000   Number         0  stubs.o ABSOLUTE
    _printf_wc                               0x00000000   Number         0  stubs.o ABSOLUTE
    _printf_wctomb                           0x00000000   Number         0  stubs.o ABSOLUTE
    _printf_widthprec                        0x00000000   Number         0  stubs.o ABSOLUTE
    _printf_x                                0x00000000   Number         0  stubs.o ABSOLUTE
    __cpp_initialize__aeabi_                  - Undefined Weak Reference
    __cxa_finalize                            - Undefined Weak Reference
    __decompress                              - Undefined Weak Reference
    _clock_init                               - Undefined Weak Reference
    _microlib_exit                            - Undefined Weak Reference
    __Vectors_Size                           0x00000188   Number         0  startup_stm32l476xx.o ABSOLUTE
    __Vectors                                0x08000000   Data           4  startup_stm32l476xx.o(RESET)
    __Vectors_End                            0x08000188   Data           0  startup_stm32l476xx.o(RESET)
    __main                                   0x08000189   Thumb Code     0  entry.o(.ARM.Collect$$$$00000000)
    _main_stk                                0x08000189   Thumb Code     0  entry2.o(.ARM.Collect$$$$00000001)
    _main_scatterload                        0x0800018d   Thumb Code     0  entry5.o(.ARM.Collect$$$$00000004)
    __main_after_scatterload                 0x08000191   Thumb Code     0  entry5.o(.ARM.Collect$$$$00000004)
    _main_clock                              0x08000191   Thumb Code     0  entry7b.o(.ARM.Collect$$$$00000008)
    _main_cpp_init                           0x08000191   Thumb Code     0  entry8b.o(.ARM.Collect$$$$0000000A)
    _main_init                               0x08000191   Thumb Code     0  entry9a.o(.ARM.Collect$$$$0000000B)
    __rt_final_cpp                           0x08000199   Thumb Code     0  entry10a.o(.ARM.Collect$$$$0000000D)
    __rt_final_exit                          0x08000199   Thumb Code     0  entry11a.o(.ARM.Collect$$$$0000000F)
    SVC_Handler                              0x0800019d   Thumb Code    28  port.o(.emb_text)
    __asm___6_port_c_39a90d8d__prvStartFirstTask 0x080001bd   Thumb Code    36  port.o(.emb_text)
    __asm___6_port_c_39a90d8d__prvEnableVFP  0x080001e5   Thumb Code    16  port.o(.emb_text)
    PendSV_Handler                           0x080001f9   Thumb Code    88  port.o(.emb_text)
    vPortGetIPSR                             0x08000255   Thumb Code     6  port.o(.emb_text)
    Reset_Handler                            0x0800027d   Thumb Code     8  startup_stm32l476xx.o(.text)
    ADC1_2_IRQHandler                        0x08000297   Thumb Code     0  startup_stm32l476xx.o(.text)
    ADC3_IRQHandler                          0x08000297   Thumb Code     0  startup_stm32l476xx.o(.text)
    CAN1_RX0_IRQHandler                      0x08000297   Thumb Code     0  startup_stm32l476xx.o(.text)
    CAN1_RX1_IRQHandler                      0x08000297   Thumb Code     0  startup_stm32l476xx.o(.text)
    CAN1_SCE_IRQHandler                      0x08000297   Thumb Code     0  startup_stm32l476xx.o(.text)
    CAN1_TX_IRQHandler                       0x08000297   Thumb Code     0  startup_stm32l476xx.o(.text)
    COMP_IRQHandler                          0x08000297   Thumb Code     0  startup_stm32l476xx.o(.text)
    DFSDM1_FLT0_IRQHandler                   0x08000297   Thumb Code     0  startup_stm32l476xx.o(.text)
    DFSDM1_FLT1_IRQHandler                   0x08000297   Thumb Code     0  startup_stm32l476xx.o(.text)
    DFSDM1_FLT2_IRQHandler                   0x08000297   Thumb Code     0  startup_stm32l476xx.o(.text)
    DFSDM1_FLT3_IRQHandler                   0x08000297   Thumb Code     0  startup_stm32l476xx.o(.text)
    DMA1_Channel2_IRQHandler                 0x08000297   Thumb Code     0  startup_stm32l476xx.o(.text)
    DMA1_Channel3_IRQHandler                 0x08000297   Thumb Code     0  startup_stm32l476xx.o(.text)
    DMA1_Channel4_IRQHandler                 0x08000297   Thumb Code     0  startup_stm32l476xx.o(.text)
    DMA1_Channel5_IRQHandler                 0x08000297   Thumb Code     0  startup_stm32l476xx.o(.text)
    DMA1_Channel6_IRQHandler                 0x08000297   Thumb Code     0  startup_stm32l476xx.o(.text)
    DMA1_Channel7_IRQHandler                 0x08000297   Thumb Code     0  startup_stm32l476xx.o(.text)
    DMA2_Channel1_IRQHandler                 0x08000297   Thumb Code     0  startup_stm32l476xx.o(.text)
    DMA2_Channel2_IRQHandler                 0x08000297   Thumb Code     0  startup_stm32l476xx.o(.text)
    DMA2_Channel3_IRQHandler                 0x08000297   Thumb Code     0  startup_stm32l476xx.o(.text)
    DMA2_Channel4_IRQHandler                 0x08000297   Thumb Code     0  startup_stm32l476xx.o(.text)
    DMA2_Channel5_IRQHandler                 0x08000297   Thumb Code     0  startup_stm32l476xx.o(.text)
    DMA2_Channel6_IRQHandler                 0x08000297   Thumb Code     0  startup_stm32l476xx.o(.text)
    DMA2_Channel7_IRQHandler                 0x08000297   Thumb Code     0  startup_stm32l476xx.o(.text)
    EXTI0_IRQHandler                         0x08000297   Thumb Code     0  startup_stm32l476xx.o(.text)
    EXTI15_10_IRQHandler                     0x08000297   Thumb Code     0  startup_stm32l476xx.o(.text)
    EXTI1_IRQHandler                         0x08000297   Thumb Code     0  startup_stm32l476xx.o(.text)
    EXTI2_IRQHandler                         0x08000297   Thumb Code     0  startup_stm32l476xx.o(.text)
    EXTI3_IRQHandler                         0x08000297   Thumb Code     0  startup_stm32l476xx.o(.text)
    EXTI4_IRQHandler                         0x08000297   Thumb Code     0  startup_stm32l476xx.o(.text)
    EXTI9_5_IRQHandler                       0x08000297   Thumb Code     0  startup_stm32l476xx.o(.text)
    FLASH_IRQHandler                         0x08000297   Thumb Code     0  startup_stm32l476xx.o(.text)
    FMC_IRQHandler                           0x08000297   Thumb Code     0  startup_stm32l476xx.o(.text)
    FPU_IRQHandler                           0x08000297   Thumb Code     0  startup_stm32l476xx.o(.text)
    I2C1_ER_IRQHandler                       0x08000297   Thumb Code     0  startup_stm32l476xx.o(.text)
    I2C1_EV_IRQHandler                       0x08000297   Thumb Code     0  startup_stm32l476xx.o(.text)
    I2C2_ER_IRQHandler                       0x08000297   Thumb Code     0  startup_stm32l476xx.o(.text)
    I2C2_EV_IRQHandler                       0x08000297   Thumb Code     0  startup_stm32l476xx.o(.text)
    I2C3_ER_IRQHandler                       0x08000297   Thumb Code     0  startup_stm32l476xx.o(.text)
    I2C3_EV_IRQHandler                       0x08000297   Thumb Code     0  startup_stm32l476xx.o(.text)
    LCD_IRQHandler                           0x08000297   Thumb Code     0  startup_stm32l476xx.o(.text)
    LPTIM1_IRQHandler                        0x08000297   Thumb Code     0  startup_stm32l476xx.o(.text)
    LPTIM2_IRQHandler                        0x08000297   Thumb Code     0  startup_stm32l476xx.o(.text)
    OTG_FS_IRQHandler                        0x08000297   Thumb Code     0  startup_stm32l476xx.o(.text)
    PVD_PVM_IRQHandler                       0x08000297   Thumb Code     0  startup_stm32l476xx.o(.text)
    QUADSPI_IRQHandler                       0x08000297   Thumb Code     0  startup_stm32l476xx.o(.text)
    RCC_IRQHandler                           0x08000297   Thumb Code     0  startup_stm32l476xx.o(.text)
    RNG_IRQHandler                           0x08000297   Thumb Code     0  startup_stm32l476xx.o(.text)
    RTC_Alarm_IRQHandler                     0x08000297   Thumb Code     0  startup_stm32l476xx.o(.text)
    RTC_WKUP_IRQHandler                      0x08000297   Thumb Code     0  startup_stm32l476xx.o(.text)
    SAI1_IRQHandler                          0x08000297   Thumb Code     0  startup_stm32l476xx.o(.text)
    SAI2_IRQHandler                          0x08000297   Thumb Code     0  startup_stm32l476xx.o(.text)
    SDMMC1_IRQHandler                        0x08000297   Thumb Code     0  startup_stm32l476xx.o(.text)
    SPI1_IRQHandler                          0x08000297   Thumb Code     0  startup_stm32l476xx.o(.text)
    SPI2_IRQHandler                          0x08000297   Thumb Code     0  startup_stm32l476xx.o(.text)
    SPI3_IRQHandler                          0x08000297   Thumb Code     0  startup_stm32l476xx.o(.text)
    SWPMI1_IRQHandler                        0x08000297   Thumb Code     0  startup_stm32l476xx.o(.text)
    TAMP_STAMP_IRQHandler                    0x08000297   Thumb Code     0  startup_stm32l476xx.o(.text)
    TIM1_BRK_TIM15_IRQHandler                0x08000297   Thumb Code     0  startup_stm32l476xx.o(.text)
    TIM1_CC_IRQHandler                       0x08000297   Thumb Code     0  startup_stm32l476xx.o(.text)
    TIM1_TRG_COM_TIM17_IRQHandler            0x08000297   Thumb Code     0  startup_stm32l476xx.o(.text)
    TIM2_IRQHandler                          0x08000297   Thumb Code     0  startup_stm32l476xx.o(.text)
    TIM3_IRQHandler                          0x08000297   Thumb Code     0  startup_stm32l476xx.o(.text)
    TIM4_IRQHandler                          0x08000297   Thumb Code     0  startup_stm32l476xx.o(.text)
    TIM5_IRQHandler                          0x08000297   Thumb Code     0  startup_stm32l476xx.o(.text)
    TIM8_BRK_IRQHandler                      0x08000297   Thumb Code     0  startup_stm32l476xx.o(.text)
    TIM8_CC_IRQHandler                       0x08000297   Thumb Code     0  startup_stm32l476xx.o(.text)
    TIM8_TRG_COM_IRQHandler                  0x08000297   Thumb Code     0  startup_stm32l476xx.o(.text)
    TIM8_UP_IRQHandler                       0x08000297   Thumb Code     0  startup_stm32l476xx.o(.text)
    TSC_IRQHandler                           0x08000297   Thumb Code     0  startup_stm32l476xx.o(.text)
    UART4_IRQHandler                         0x08000297   Thumb Code     0  startup_stm32l476xx.o(.text)
    UART5_IRQHandler                         0x08000297   Thumb Code     0  startup_stm32l476xx.o(.text)
    WWDG_IRQHandler                          0x08000297   Thumb Code     0  startup_stm32l476xx.o(.text)
    __aeabi_uldivmod                         0x080002a1   Thumb Code    98  uldiv.o(.text)
    __aeabi_memcpy                           0x08000309   Thumb Code    36  memcpya.o(.text)
    __aeabi_memcpy4                          0x08000309   Thumb Code     0  memcpya.o(.text)
    __aeabi_memcpy8                          0x08000309   Thumb Code     0  memcpya.o(.text)
    __aeabi_memset                           0x0800032d   Thumb Code    14  memseta.o(.text)
    __aeabi_memset4                          0x0800032d   Thumb Code     0  memseta.o(.text)
    __aeabi_memset8                          0x0800032d   Thumb Code     0  memseta.o(.text)
    __aeabi_memclr                           0x0800033b   Thumb Code     4  memseta.o(.text)
    __aeabi_memclr4                          0x0800033b   Thumb Code     0  memseta.o(.text)
    __aeabi_memclr8                          0x0800033b   Thumb Code     0  memseta.o(.text)
    memset                                   0x0800033f   Thumb Code    18  memseta.o(.text)
    __aeabi_dmul                             0x08000351   Thumb Code   228  dmul.o(.text)
    __aeabi_ddiv                             0x0800043b   Thumb Code   222  ddiv.o(.text)
    __aeabi_ui2d                             0x08000519   Thumb Code    26  dfltui.o(.text)
    __aeabi_f2d                              0x08000533   Thumb Code    38  f2d.o(.text)
    __aeabi_d2f                              0x08000559   Thumb Code    56  d2f.o(.text)
    __aeabi_uidiv                            0x08000591   Thumb Code     0  uidiv.o(.text)
    __aeabi_uidivmod                         0x08000591   Thumb Code    44  uidiv.o(.text)
    __aeabi_llsl                             0x080005bd   Thumb Code    30  llshl.o(.text)
    _ll_shift_l                              0x080005bd   Thumb Code     0  llshl.o(.text)
    __aeabi_llsr                             0x080005db   Thumb Code    32  llushr.o(.text)
    _ll_ushift_r                             0x080005db   Thumb Code     0  llushr.o(.text)
    __I$use$fp                               0x080005fb   Thumb Code     0  iusefp.o(.text)
    _float_round                             0x080005fb   Thumb Code    18  fepilogue.o(.text)
    _float_epilogue                          0x0800060d   Thumb Code    92  fepilogue.o(.text)
    _double_round                            0x08000669   Thumb Code    30  depilogue.o(.text)
    _double_epilogue                         0x08000687   Thumb Code   156  depilogue.o(.text)
    __aeabi_dadd                             0x08000723   Thumb Code   322  dadd.o(.text)
    __aeabi_dsub                             0x08000865   Thumb Code     6  dadd.o(.text)
    __aeabi_drsub                            0x0800086b   Thumb Code     6  dadd.o(.text)
    __aeabi_d2ulz                            0x08000881   Thumb Code    48  dfixul.o(.text)
    __aeabi_cdrcmple                         0x080008b1   Thumb Code    48  cdrcmple.o(.text)
    __scatterload                            0x080008e1   Thumb Code    28  init.o(.text)
    __scatterload_rt2                        0x080008e1   Thumb Code     0  init.o(.text)
    __aeabi_lasr                             0x08000905   Thumb Code    36  llsshr.o(.text)
    _ll_sshift_r                             0x08000905   Thumb Code     0  llsshr.o(.text)
    ADC_DMAConvCplt                          0x08000929   Thumb Code   104  stm32l4xx_hal_adc.o(i.ADC_DMAConvCplt)
    ADC_DMAError                             0x08000991   Thumb Code    26  stm32l4xx_hal_adc.o(i.ADC_DMAError)
    ADC_DMAHalfConvCplt                      0x080009ab   Thumb Code    10  stm32l4xx_hal_adc.o(i.ADC_DMAHalfConvCplt)
    ADC_Enable                               0x080009b5   Thumb Code   154  stm32l4xx_hal_adc.o(i.ADC_Enable)
    BusFault_Handler                         0x08000a61   Thumb Code     2  stm32l4xx_it.o(i.BusFault_Handler)
    CRC16_IN                                 0x08000a65   Thumb Code    84  modbus.o(i.CRC16_IN)
    DMA1_Channel1_IRQHandler                 0x08000ac1   Thumb Code     6  stm32l4xx_it.o(i.DMA1_Channel1_IRQHandler)
    DebugMon_Handler                         0x08000afb   Thumb Code     2  stm32l4xx_it.o(i.DebugMon_Handler)
    Error_Handler                            0x08000afd   Thumb Code     2  main.o(i.Error_Handler)
    HAL_ADCEx_MultiModeConfigChannel         0x08000b01   Thumb Code   234  stm32l4xx_hal_adc_ex.o(i.HAL_ADCEx_MultiModeConfigChannel)
    HAL_ADC_ConfigChannel                    0x08000bfd   Thumb Code   970  stm32l4xx_hal_adc.o(i.HAL_ADC_ConfigChannel)
    HAL_ADC_ConvCpltCallback                 0x08000fff   Thumb Code     2  stm32l4xx_hal_adc.o(i.HAL_ADC_ConvCpltCallback)
    HAL_ADC_ConvHalfCpltCallback             0x08001001   Thumb Code     2  stm32l4xx_hal_adc.o(i.HAL_ADC_ConvHalfCpltCallback)
    HAL_ADC_ErrorCallback                    0x08001003   Thumb Code     2  stm32l4xx_hal_adc.o(i.HAL_ADC_ErrorCallback)
    HAL_ADC_Init                             0x08001005   Thumb Code   420  stm32l4xx_hal_adc.o(i.HAL_ADC_Init)
    HAL_ADC_MspInit                          0x080011d1   Thumb Code   126  adc.o(i.HAL_ADC_MspInit)
    HAL_ADC_Start_DMA                        0x08001265   Thumb Code   234  stm32l4xx_hal_adc.o(i.HAL_ADC_Start_DMA)
    HAL_DMA_Abort                            0x08001371   Thumb Code    74  stm32l4xx_hal_dma.o(i.HAL_DMA_Abort)
    HAL_DMA_Abort_IT                         0x080013bb   Thumb Code    78  stm32l4xx_hal_dma.o(i.HAL_DMA_Abort_IT)
    HAL_DMA_IRQHandler                       0x08001409   Thumb Code   186  stm32l4xx_hal_dma.o(i.HAL_DMA_IRQHandler)
    HAL_DMA_Init                             0x080014c5   Thumb Code   178  stm32l4xx_hal_dma.o(i.HAL_DMA_Init)
    HAL_DMA_Start_IT                         0x08001585   Thumb Code   112  stm32l4xx_hal_dma.o(i.HAL_DMA_Start_IT)
    HAL_GPIO_Init                            0x080015f5   Thumb Code   500  stm32l4xx_hal_gpio.o(i.HAL_GPIO_Init)
    HAL_GPIO_WritePin                        0x08001813   Thumb Code    10  stm32l4xx_hal_gpio.o(i.HAL_GPIO_WritePin)
    HAL_GetTick                              0x0800181d   Thumb Code     6  stm32l4xx_hal.o(i.HAL_GetTick)
    HAL_IncTick                              0x08001829   Thumb Code    12  stm32l4xx_hal.o(i.HAL_IncTick)
    HAL_Init                                 0x08001839   Thumb Code    30  stm32l4xx_hal.o(i.HAL_Init)
    HAL_InitTick                             0x08001859   Thumb Code    98  stm32l4xx_hal_timebase_tim.o(i.HAL_InitTick)
    HAL_MspInit                              0x080018cd   Thumb Code    48  stm32l4xx_hal_msp.o(i.HAL_MspInit)
    HAL_NVIC_EnableIRQ                       0x08001901   Thumb Code    26  stm32l4xx_hal_cortex.o(i.HAL_NVIC_EnableIRQ)
    HAL_NVIC_SetPriority                     0x0800191d   Thumb Code    60  stm32l4xx_hal_cortex.o(i.HAL_NVIC_SetPriority)
    HAL_NVIC_SetPriorityGrouping             0x0800195d   Thumb Code    26  stm32l4xx_hal_cortex.o(i.HAL_NVIC_SetPriorityGrouping)
    HAL_PWREx_ControlVoltageScaling          0x08001981   Thumb Code    90  stm32l4xx_hal_pwr_ex.o(i.HAL_PWREx_ControlVoltageScaling)
    HAL_PWREx_GetVoltageRange                0x080019e9   Thumb Code    10  stm32l4xx_hal_pwr_ex.o(i.HAL_PWREx_GetVoltageRange)
    HAL_RCCEx_PeriphCLKConfig                0x080019f9   Thumb Code   928  stm32l4xx_hal_rcc_ex.o(i.HAL_RCCEx_PeriphCLKConfig)
    HAL_RCC_ClockConfig                      0x08001da9   Thumb Code   304  stm32l4xx_hal_rcc.o(i.HAL_RCC_ClockConfig)
    HAL_RCC_GetClockConfig                   0x08001eed   Thumb Code    54  stm32l4xx_hal_rcc.o(i.HAL_RCC_GetClockConfig)
    HAL_RCC_GetPCLK1Freq                     0x08001f2d   Thumb Code    24  stm32l4xx_hal_rcc.o(i.HAL_RCC_GetPCLK1Freq)
    HAL_RCC_GetPCLK2Freq                     0x08001f51   Thumb Code    24  stm32l4xx_hal_rcc.o(i.HAL_RCC_GetPCLK2Freq)
    HAL_RCC_GetSysClockFreq                  0x08001f75   Thumb Code   150  stm32l4xx_hal_rcc.o(i.HAL_RCC_GetSysClockFreq)
    HAL_RCC_OscConfig                        0x08002019   Thumb Code  1294  stm32l4xx_hal_rcc.o(i.HAL_RCC_OscConfig)
    HAL_SPI_Init                             0x08002531   Thumb Code   224  stm32l4xx_hal_spi.o(i.HAL_SPI_Init)
    HAL_SPI_MspInit                          0x08002611   Thumb Code    90  spi.o(i.HAL_SPI_MspInit)
    HAL_SPI_Transmit                         0x08002679   Thumb Code   392  stm32l4xx_hal_spi.o(i.HAL_SPI_Transmit)
    HAL_SYSTICK_CLKSourceConfig              0x08002807   Thumb Code    24  stm32l4xx_hal_cortex.o(i.HAL_SYSTICK_CLKSourceConfig)
    HAL_TIMEx_Break2Callback                 0x0800281f   Thumb Code     2  stm32l4xx_hal_tim_ex.o(i.HAL_TIMEx_Break2Callback)
    HAL_TIMEx_BreakCallback                  0x08002821   Thumb Code     2  stm32l4xx_hal_tim_ex.o(i.HAL_TIMEx_BreakCallback)
    HAL_TIMEx_CommutCallback                 0x08002823   Thumb Code     2  stm32l4xx_hal_tim_ex.o(i.HAL_TIMEx_CommutCallback)
    HAL_TIMEx_MasterConfigSynchronization    0x08002825   Thumb Code   130  stm32l4xx_hal_tim_ex.o(i.HAL_TIMEx_MasterConfigSynchronization)
    HAL_TIM_Base_Init                        0x080028c1   Thumb Code    98  stm32l4xx_hal_tim.o(i.HAL_TIM_Base_Init)
    HAL_TIM_Base_MspInit                     0x08002925   Thumb Code    86  tim.o(i.HAL_TIM_Base_MspInit)
    HAL_TIM_Base_Start_IT                    0x08002989   Thumb Code   100  stm32l4xx_hal_tim.o(i.HAL_TIM_Base_Start_IT)
    HAL_TIM_Base_Stop_IT                     0x08002a09   Thumb Code    48  stm32l4xx_hal_tim.o(i.HAL_TIM_Base_Stop_IT)
    HAL_TIM_IC_CaptureCallback               0x08002a39   Thumb Code     2  stm32l4xx_hal_tim.o(i.HAL_TIM_IC_CaptureCallback)
    HAL_TIM_IRQHandler                       0x08002a3b   Thumb Code   388  stm32l4xx_hal_tim.o(i.HAL_TIM_IRQHandler)
    HAL_TIM_OC_DelayElapsedCallback          0x08002bbf   Thumb Code     2  stm32l4xx_hal_tim.o(i.HAL_TIM_OC_DelayElapsedCallback)
    HAL_TIM_PWM_PulseFinishedCallback        0x08002bc1   Thumb Code     2  stm32l4xx_hal_tim.o(i.HAL_TIM_PWM_PulseFinishedCallback)
    HAL_TIM_PeriodElapsedCallback            0x08002bc5   Thumb Code    26  main.o(i.HAL_TIM_PeriodElapsedCallback)
    HAL_TIM_TriggerCallback                  0x08002be5   Thumb Code     2  stm32l4xx_hal_tim.o(i.HAL_TIM_TriggerCallback)
    HAL_UARTEx_RxEventCallback               0x08002be7   Thumb Code     2  stm32l4xx_hal_uart.o(i.HAL_UARTEx_RxEventCallback)
    HAL_UARTEx_WakeupCallback                0x08002be9   Thumb Code     2  stm32l4xx_hal_uart_ex.o(i.HAL_UARTEx_WakeupCallback)
    HAL_UART_ErrorCallback                   0x08002beb   Thumb Code     2  stm32l4xx_hal_uart.o(i.HAL_UART_ErrorCallback)
    HAL_UART_IRQHandler                      0x08002bed   Thumb Code   652  stm32l4xx_hal_uart.o(i.HAL_UART_IRQHandler)
    HAL_UART_Init                            0x08002e81   Thumb Code   102  stm32l4xx_hal_uart.o(i.HAL_UART_Init)
    HAL_UART_MspInit                         0x08002ee9   Thumb Code   328  usart.o(i.HAL_UART_MspInit)
    HAL_UART_Receive                         0x08003049   Thumb Code   248  stm32l4xx_hal_uart.o(i.HAL_UART_Receive)
    HAL_UART_Receive_IT                      0x08003149   Thumb Code    78  stm32l4xx_hal_uart.o(i.HAL_UART_Receive_IT)
    HAL_UART_RxCpltCallback                  0x0800319d   Thumb Code   382  serial_port.o(i.HAL_UART_RxCpltCallback)
    HAL_UART_Transmit                        0x0800334d   Thumb Code   182  stm32l4xx_hal_uart.o(i.HAL_UART_Transmit)
    HAL_UART_Transmit_IT                     0x08003405   Thumb Code   102  stm32l4xx_hal_uart.o(i.HAL_UART_Transmit_IT)
    HAL_UART_TxCpltCallback                  0x08003475   Thumb Code    40  serial_port.o(i.HAL_UART_TxCpltCallback)
    HardFault_Handler                        0x080034bd   Thumb Code     2  stm32l4xx_it.o(i.HardFault_Handler)
    IIC_Init                                 0x080034c1   Thumb Code    90  myiic.o(i.IIC_Init)
    LCD_Address_Set                          0x08003525   Thumb Code    82  tftlcd.o(i.LCD_Address_Set)
    LCD_Clear                                0x08003579   Thumb Code    80  tftlcd.o(i.LCD_Clear)
    LCD_DrawLine                             0x080035d1   Thumb Code   224  tftlcd.o(i.LCD_DrawLine)
    LCD_Draw_Point                           0x080036cd   Thumb Code    22  tftlcd.o(i.LCD_Draw_Point)
    LCD_Fill                                 0x080036e9   Thumb Code   122  tftlcd.o(i.LCD_Fill)
    LCD_Init                                 0x080037f1   Thumb Code   412  tftlcd.o(i.LCD_Init)
    LCD_ShowChar                             0x08003995   Thumb Code   300  tftlcd.o(i.LCD_ShowChar)
    LCD_ShowString                           0x08003ad7   Thumb Code    76  tftlcd.o(i.LCD_ShowString)
    LCD_Show_Image                           0x08003b25   Thumb Code    64  tftlcd.o(i.LCD_Show_Image)
    LCD_WriteData                            0x08003b69   Thumb Code    14  tftlcd.o(i.LCD_WriteData)
    LCD_Write_HalfWord                       0x08003bb5   Thumb Code    36  tftlcd.o(i.LCD_Write_HalfWord)
    LPUART1_IRQHandler                       0x08003c41   Thumb Code     6  stm32l4xx_it.o(i.LPUART1_IRQHandler)
    MX_ADC1_Init                             0x08003c4d   Thumb Code   158  adc.o(i.MX_ADC1_Init)
    MX_DMA_Init                              0x08003cfd   Thumb Code    40  dma.o(i.MX_DMA_Init)
    MX_FREERTOS_Init                         0x08003d29   Thumb Code   114  freertos.o(i.MX_FREERTOS_Init)
    MX_GPIO_Init                             0x08003da5   Thumb Code   100  gpio.o(i.MX_GPIO_Init)
    MX_LPUART1_UART_Init                     0x08003e11   Thumb Code    62  usart.o(i.MX_LPUART1_UART_Init)
    MX_SPI3_Init                             0x08003e59   Thumb Code    72  spi.o(i.MX_SPI3_Init)
    MX_TIM6_Init                             0x08003ea9   Thumb Code    64  tim.o(i.MX_TIM6_Init)
    MX_TIM7_Init                             0x08003ef1   Thumb Code    62  tim.o(i.MX_TIM7_Init)
    MX_USART1_UART_Init                      0x08003f39   Thumb Code    64  usart.o(i.MX_USART1_UART_Init)
    MX_USART2_UART_Init                      0x08003f81   Thumb Code    52  usart.o(i.MX_USART2_UART_Init)
    MX_USART3_UART_Init                      0x08003fbd   Thumb Code    52  usart.o(i.MX_USART3_UART_Init)
    MemManage_Handler                        0x08003ff9   Thumb Code     2  stm32l4xx_it.o(i.MemManage_Handler)
    ModBusParse                              0x08003ffd   Thumb Code    58  modbus.o(i.ModBusParse)
    ModBus_Init                              0x08004045   Thumb Code    28  modbus.o(i.ModBus_Init)
    ModBus_SetAddress                        0x08004069   Thumb Code     6  modbus.o(i.ModBus_SetAddress)
    NMI_Handler                              0x08004075   Thumb Code     2  stm32l4xx_it.o(i.NMI_Handler)
    SysTick_Handler                          0x08004511   Thumb Code    38  port.o(i.SysTick_Handler)
    SystemClock_Config                       0x0800453d   Thumb Code   156  main.o(i.SystemClock_Config)
    SystemInit                               0x080045d9   Thumb Code    56  system_stm32l4xx.o(i.SystemInit)
    TIM1_UP_TIM16_IRQHandler                 0x0800461d   Thumb Code     6  stm32l4xx_it.o(i.TIM1_UP_TIM16_IRQHandler)
    TIM6_DAC_IRQHandler                      0x08004629   Thumb Code     6  stm32l4xx_it.o(i.TIM6_DAC_IRQHandler)
    TIM7_IRQHandler                          0x08004635   Thumb Code    80  stm32l4xx_it.o(i.TIM7_IRQHandler)
    TIM_Base_SetConfig                       0x080046b5   Thumb Code   160  stm32l4xx_hal_tim.o(i.TIM_Base_SetConfig)
    UART_AdvFeatureConfig                    0x08004775   Thumb Code   200  stm32l4xx_hal_uart.o(i.UART_AdvFeatureConfig)
    UART_CheckIdleState                      0x0800483d   Thumb Code    92  stm32l4xx_hal_uart.o(i.UART_CheckIdleState)
    UART_SetConfig                           0x08004a35   Thumb Code   542  stm32l4xx_hal_uart.o(i.UART_SetConfig)
    UART_Start_Receive_IT                    0x08004c7d   Thumb Code   176  stm32l4xx_hal_uart.o(i.UART_Start_Receive_IT)
    UART_WaitOnFlagUntilTimeout              0x08004dd1   Thumb Code   198  stm32l4xx_hal_uart.o(i.UART_WaitOnFlagUntilTimeout)
    USART1_IRQHandler                        0x08004e99   Thumb Code   226  stm32l4xx_it.o(i.USART1_IRQHandler)
    USART2_IRQHandler                        0x08004f8d   Thumb Code    42  stm32l4xx_it.o(i.USART2_IRQHandler)
    USART3_IRQHandler                        0x08004fc5   Thumb Code     6  stm32l4xx_it.o(i.USART3_IRQHandler)
    UsageFault_Handler                       0x08004fd1   Thumb Code     2  stm32l4xx_it.o(i.UsageFault_Handler)
    __0printf                                0x08004fd5   Thumb Code    22  printfa.o(i.__0printf)
    __1printf                                0x08004fd5   Thumb Code     0  printfa.o(i.__0printf)
    __2printf                                0x08004fd5   Thumb Code     0  printfa.o(i.__0printf)
    __c89printf                              0x08004fd5   Thumb Code     0  printfa.o(i.__0printf)
    printf                                   0x08004fd5   Thumb Code     0  printfa.o(i.__0printf)
    __scatterload_copy                       0x08005015   Thumb Code    14  handlers.o(i.__scatterload_copy)
    __scatterload_null                       0x08005023   Thumb Code     2  handlers.o(i.__scatterload_null)
    __scatterload_zeroinit                   0x08005025   Thumb Code    14  handlers.o(i.__scatterload_zeroinit)
    __show_title                             0x08005033   Thumb Code    22  gui.o(i.__show_title)
    delay_init                               0x08005909   Thumb Code    16  delay.o(i.delay_init)
    drv_serial_init                          0x0800591d   Thumb Code    48  drv_serial.o(i.drv_serial_init)
    drv_serial_tim_irhandle                  0x08005965   Thumb Code    24  drv_serial.o(i.drv_serial_tim_irhandle)
    drv_serial_usart_irhandle                0x08005985   Thumb Code    88  drv_serial.o(i.drv_serial_usart_irhandle)
    example_nbiot_aliyun_air_task            0x080059f5   Thumb Code    28  example_nbiot_aliyun_air.o(i.example_nbiot_aliyun_air_task)
    fputc                                    0x08005a15   Thumb Code    20  usart.o(i.fputc)
    initThread                               0x08005a2d   Thumb Code    56  freertos.o(i.initThread)
    iotThread                                0x08005a91   Thumb Code    16  freertos.o(i.iotThread)
    main                                     0x08005b1d   Thumb Code   112  main.o(i.main)
    new_hard_init                            0x08005ba1   Thumb Code   182  bsp_change.o(i.new_hard_init)
    osDelay                                  0x08005c65   Thumb Code    14  cmsis_os.o(i.osDelay)
    osKernelStart                            0x08005c73   Thumb Code    10  cmsis_os.o(i.osKernelStart)
    osThreadCreate                           0x08005c7d   Thumb Code    84  cmsis_os.o(i.osThreadCreate)
    power_init                               0x08005cd1   Thumb Code    16  power.o(i.power_init)
    pvPortMalloc                             0x08006065   Thumb Code   216  heap_4.o(i.pvPortMalloc)
    pxPortInitialiseStack                    0x08006141   Thumb Code    40  port.o(i.pxPortInitialiseStack)
    readOxygenThread                         0x0800616d   Thumb Code   100  freertos.o(i.readOxygenThread)
    readPHValThread                          0x08006235   Thumb Code    52  freertos.o(i.readPHValThread)
    send_get_attribute                       0x08006291   Thumb Code   120  oxygen.o(i.send_get_attribute)
    show_smoke_gui                           0x08006331   Thumb Code   122  gui.o(i.show_smoke_gui)
    show_wifi_state                          0x080063c9   Thumb Code    62  gui.o(i.show_wifi_state)
    uxListRemove                             0x08006425   Thumb Code    38  list.o(i.uxListRemove)
    vApplicationGetIdleTaskMemory            0x0800644d   Thumb Code    16  freertos.o(i.vApplicationGetIdleTaskMemory)
    vListInitialise                          0x08006461   Thumb Code    22  list.o(i.vListInitialise)
    vListInitialiseItem                      0x08006477   Thumb Code     6  list.o(i.vListInitialiseItem)
    vListInsert                              0x0800647d   Thumb Code    48  list.o(i.vListInsert)
    vListInsertEnd                           0x080064ad   Thumb Code    24  list.o(i.vListInsertEnd)
    vPortEnterCritical                       0x080064c5   Thumb Code    54  port.o(i.vPortEnterCritical)
    vPortExitCritical                        0x08006505   Thumb Code    34  port.o(i.vPortExitCritical)
    vPortFree                                0x0800652d   Thumb Code    94  heap_4.o(i.vPortFree)
    vPortSetupTimerInterrupt                 0x08006591   Thumb Code    32  port.o(i.vPortSetupTimerInterrupt)
    vPortValidateInterruptPriority           0x080065b5   Thumb Code    74  port.o(i.vPortValidateInterruptPriority)
    vTaskDelay                               0x08006609   Thumb Code    66  tasks.o(i.vTaskDelay)
    vTaskDelete                              0x08006655   Thumb Code   158  tasks.o(i.vTaskDelete)
    vTaskResume                              0x08006701   Thumb Code   112  tasks.o(i.vTaskResume)
    vTaskStartScheduler                      0x0800677d   Thumb Code    90  tasks.o(i.vTaskStartScheduler)
    vTaskSuspend                             0x080067e9   Thumb Code   174  tasks.o(i.vTaskSuspend)
    vTaskSuspendAll                          0x080068a5   Thumb Code    10  tasks.o(i.vTaskSuspendAll)
    vTaskSwitchContext                       0x080068b5   Thumb Code    82  tasks.o(i.vTaskSwitchContext)
    xPortStartScheduler                      0x08006911   Thumb Code   222  port.o(i.xPortStartScheduler)
    xQueueGiveFromISR                        0x08006a05   Thumb Code   156  queue.o(i.xQueueGiveFromISR)
    xTaskCreate                              0x08006aa1   Thumb Code    90  tasks.o(i.xTaskCreate)
    xTaskCreateStatic                        0x08006b01   Thumb Code    86  tasks.o(i.xTaskCreateStatic)
    xTaskIncrementTick                       0x08006b59   Thumb Code   194  tasks.o(i.xTaskIncrementTick)
    xTaskRemoveFromEventList                 0x08006c25   Thumb Code   108  tasks.o(i.xTaskRemoveFromEventList)
    xTaskResumeAll                           0x08006c99   Thumb Code   182  tasks.o(i.xTaskResumeAll)
    asc2_1206                                0x08006dcc   Data        1140  tftlcd.o(.constdata)
    asc2_1608                                0x08007240   Data        1520  tftlcd.o(.constdata)
    asc2_2412                                0x08007830   Data        4560  tftlcd.o(.constdata)
    asc2_3216                                0x08008a00   Data       12160  tftlcd.o(.constdata)
    gImage_temp                              0x0800b980   Data        3200  gui.o(.constdata)
    gImage_battery                           0x0800c600   Data        3200  gui.o(.constdata)
    gImage_wifi_on                           0x0800d280   Data        3200  gui.o(.constdata)
    gImage_wifi_off                          0x0800df00   Data        3200  gui.o(.constdata)
    gImage_smoke                             0x0800eb80   Data        3200  gui.o(.constdata)
    AHBPrescTable                            0x0800f800   Data          16  system_stm32l4xx.o(.constdata)
    MSIRangeTable                            0x0800f810   Data          48  system_stm32l4xx.o(.constdata)
    APBPrescTable                            0x0800f840   Data           8  system_stm32l4xx.o(.constdata)
    Region$$Table$$Base                      0x0800f87c   Number         0  anon$$obj.o(Region$$Table)
    Region$$Table$$Limit                     0x0800f89c   Number         0  anon$$obj.o(Region$$Table)
    BinarySemaphore                          0x20000000   Data           4  freertos.o(.data)
    iotTaskHandle                            0x20000004   Data           4  freertos.o(.data)
    readPHValTaskHandle                      0x20000008   Data           4  freertos.o(.data)
    readOxygenTaskHandle                     0x2000000c   Data           4  freertos.o(.data)
    initTaskHandle                           0x20000010   Data           4  freertos.o(.data)
    UART1_RX_CNT                             0x20000014   Data           1  stm32l4xx_it.o(.data)
    UART1_HEAD_BUF                           0x20000015   Data           3  stm32l4xx_it.o(.data)
    POINT_COLOR                              0x20000018   Data           2  tftlcd.o(.data)
    BACK_COLOR                               0x2000001a   Data           2  tftlcd.o(.data)
    LPUART1_RX_STATUS                        0x2000001c   Data           1  oxygen.o(.data)
    LPUART1_RX_CNT                           0x2000001d   Data           1  oxygen.o(.data)
    oxygen_res                               0x2000001e   Data           1  oxygen.o(.data)
    RS485_FrameFlag                          0x2000001f   Data           1  oxygen.o(.data)
    temp                                     0x20000024   Data           1  ccs811.o(.data)
    IID                                      0x20000025   Data           1  ccs811.o(.data)
    Boot_Version                             0x20000026   Data           1  ccs811.o(.data)
    App_Version                              0x20000027   Data           1  ccs811.o(.data)
    Status                                   0x20000028   Data           1  ccs811.o(.data)
    MeasureMode                              0x20000029   Data           1  ccs811.o(.data)
    eco2                                     0x2000002a   Data           2  ccs811.o(.data)
    tvoc                                     0x2000002c   Data           2  ccs811.o(.data)
    ADC_ConvertedValue                       0x20000030   Data           8  smoke.o(.data)
    _UART1_RX_CNT                            0x20000038   Data           1  serial_port.o(.data)
    res                                      0x20000039   Data           1  serial_port.o(.data)
    Uart3Ready                               0x2000003a   Data           1  serial_port.o(.data)
    UartLPReady                              0x2000003b   Data           1  serial_port.o(.data)
    UartReady                                0x2000003c   Data           1  serial_port.o(.data)
    _UART1_HEAD_BUF                          0x2000003d   Data           3  serial_port.o(.data)
    mb_buf_in_count                          0x20000040   Data           1  modbus.o(.data)
    mb_addr                                  0x20000041   Data           1  modbus.o(.data)
    mb_buf_out_count                         0x20000042   Data           1  modbus.o(.data)
    uwTickFreq                               0x20000044   Data           1  stm32l4xx_hal.o(.data)
    uwTickPrio                               0x20000048   Data           4  stm32l4xx_hal.o(.data)
    uwTick                                   0x2000004c   Data           4  stm32l4xx_hal.o(.data)
    SystemCoreClock                          0x20000050   Data           4  system_stm32l4xx.o(.data)
    pxCurrentTCB                             0x20000054   Data           4  tasks.o(.data)
    rx_data                                  0x200000bc   Data           1  drv_serial.o(.data)
    rx_flag                                  0x200000bd   Data           1  drv_serial.o(.data)
    rx_cnt                                   0x200000be   Data           2  drv_serial.o(.data)
    __stdout                                 0x200000c0   Data           4  stdout.o(.data)
    hadc1                                    0x20000318   Data         100  adc.o(.bss)
    hdma_adc1                                0x2000037c   Data          72  adc.o(.bss)
    hlpuart1                                 0x200003c4   Data         132  usart.o(.bss)
    huart1                                   0x20000448   Data         132  usart.o(.bss)
    huart2                                   0x200004cc   Data         132  usart.o(.bss)
    huart3                                   0x20000550   Data         132  usart.o(.bss)
    hspi3                                    0x200005d4   Data         100  spi.o(.bss)
    htim6                                    0x20000638   Data          76  tim.o(.bss)
    htim7                                    0x20000684   Data          76  tim.o(.bss)
    UART1_RX_BUF                             0x200006d0   Data          24  stm32l4xx_it.o(.bss)
    htim1                                    0x200006e8   Data          76  stm32l4xx_hal_timebase_tim.o(.bss)
    PHsensor                                 0x20000bb4   Data          12  ph.o(.bss)
    LPUART1_RX_BUF                           0x20000bc0   Data          24  oxygen.o(.bss)
    OxygenSensor                             0x20000bd8   Data          15  oxygen.o(.bss)
    _UART1_RX_BUF                            0x20000be7   Data          24  serial_port.o(.bss)
    mb_reg                                   0x20000c00   Data          64  modbus.o(.bss)
    mb_buf_in                                0x20000c40   Data         256  modbus.o(.bss)
    mb_buf_out                               0x20000d40   Data         256  modbus.o(.bss)
    rx_buff                                  0x20001ae8   Data        1024  drv_serial.o(.bss)
    tx_buff                                  0x20001ee8   Data        1024  drv_serial.o(.bss)
    __initial_sp                             0x200032e8   Data           0  startup_stm32l476xx.o(STACK)



==============================================================================

Memory Map of the image

  Image Entry point : 0x08000189

  Load Region LR_IROM1 (Base: 0x08000000, Size: 0x0000f960, Max: 0x00100000, ABSOLUTE)

    Execution Region ER_IROM1 (Exec base: 0x08000000, Load base: 0x08000000, Size: 0x0000f89c, Max: 0x00100000, ABSOLUTE)

    Exec Addr    Load Addr    Size         Type   Attr      Idx    E Section Name        Object

    0x08000000   0x08000000   0x00000188   Data   RO            3    RESET               startup_stm32l476xx.o
    0x08000188   0x08000188   0x00000000   Code   RO         7468  * .ARM.Collect$$$$00000000  mc_w.l(entry.o)
    0x08000188   0x08000188   0x00000004   Code   RO         7758    .ARM.Collect$$$$00000001  mc_w.l(entry2.o)
    0x0800018c   0x0800018c   0x00000004   Code   RO         7761    .ARM.Collect$$$$00000004  mc_w.l(entry5.o)
    0x08000190   0x08000190   0x00000000   Code   RO         7763    .ARM.Collect$$$$00000008  mc_w.l(entry7b.o)
    0x08000190   0x08000190   0x00000000   Code   RO         7765    .ARM.Collect$$$$0000000A  mc_w.l(entry8b.o)
    0x08000190   0x08000190   0x00000008   Code   RO         7766    .ARM.Collect$$$$0000000B  mc_w.l(entry9a.o)
    0x08000198   0x08000198   0x00000000   Code   RO         7768    .ARM.Collect$$$$0000000D  mc_w.l(entry10a.o)
    0x08000198   0x08000198   0x00000000   Code   RO         7770    .ARM.Collect$$$$0000000F  mc_w.l(entry11a.o)
    0x08000198   0x08000198   0x00000004   Code   RO         7759    .ARM.Collect$$$$00002712  mc_w.l(entry2.o)
    0x0800019c   0x0800019c   0x000000de   Code   RO         7173    .emb_text           port.o
    0x0800027a   0x0800027a   0x00000002   PAD
    0x0800027c   0x0800027c   0x00000024   Code   RO            4    .text               startup_stm32l476xx.o
    0x080002a0   0x080002a0   0x00000068   Code   RO         7471    .text               mc_w.l(uldiv.o)
    0x08000308   0x08000308   0x00000024   Code   RO         7473    .text               mc_w.l(memcpya.o)
    0x0800032c   0x0800032c   0x00000024   Code   RO         7477    .text               mc_w.l(memseta.o)
    0x08000350   0x08000350   0x000000ea   Code   RO         7746    .text               mf_w.l(dmul.o)
    0x0800043a   0x0800043a   0x000000de   Code   RO         7748    .text               mf_w.l(ddiv.o)
    0x08000518   0x08000518   0x0000001a   Code   RO         7752    .text               mf_w.l(dfltui.o)
    0x08000532   0x08000532   0x00000026   Code   RO         7754    .text               mf_w.l(f2d.o)
    0x08000558   0x08000558   0x00000038   Code   RO         7756    .text               mf_w.l(d2f.o)
    0x08000590   0x08000590   0x0000002c   Code   RO         7773    .text               mc_w.l(uidiv.o)
    0x080005bc   0x080005bc   0x0000001e   Code   RO         7775    .text               mc_w.l(llshl.o)
    0x080005da   0x080005da   0x00000020   Code   RO         7777    .text               mc_w.l(llushr.o)
    0x080005fa   0x080005fa   0x00000000   Code   RO         7779    .text               mc_w.l(iusefp.o)
    0x080005fa   0x080005fa   0x0000006e   Code   RO         7780    .text               mf_w.l(fepilogue.o)
    0x08000668   0x08000668   0x000000ba   Code   RO         7782    .text               mf_w.l(depilogue.o)
    0x08000722   0x08000722   0x0000015e   Code   RO         7784    .text               mf_w.l(dadd.o)
    0x08000880   0x08000880   0x00000030   Code   RO         7786    .text               mf_w.l(dfixul.o)
    0x080008b0   0x080008b0   0x00000030   Code   RO         7788    .text               mf_w.l(cdrcmple.o)
    0x080008e0   0x080008e0   0x00000024   Code   RO         7790    .text               mc_w.l(init.o)
    0x08000904   0x08000904   0x00000024   Code   RO         7792    .text               mc_w.l(llsshr.o)
    0x08000928   0x08000928   0x00000068   Code   RO         1664    i.ADC_DMAConvCplt   stm32l4xx_hal_adc.o
    0x08000990   0x08000990   0x0000001a   Code   RO         1665    i.ADC_DMAError      stm32l4xx_hal_adc.o
    0x080009aa   0x080009aa   0x0000000a   Code   RO         1666    i.ADC_DMAHalfConvCplt  stm32l4xx_hal_adc.o
    0x080009b4   0x080009b4   0x000000ac   Code   RO         1668    i.ADC_Enable        stm32l4xx_hal_adc.o
    0x08000a60   0x08000a60   0x00000002   Code   RO          621    i.BusFault_Handler  stm32l4xx_it.o
    0x08000a62   0x08000a62   0x00000002   PAD
    0x08000a64   0x08000a64   0x0000005c   Code   RO         1596    i.CRC16_IN          modbus.o
    0x08000ac0   0x08000ac0   0x0000000c   Code   RO          622    i.DMA1_Channel1_IRQHandler  stm32l4xx_it.o
    0x08000acc   0x08000acc   0x0000002e   Code   RO         3392    i.DMA_SetConfig     stm32l4xx_hal_dma.o
    0x08000afa   0x08000afa   0x00000002   Code   RO          623    i.DebugMon_Handler  stm32l4xx_it.o
    0x08000afc   0x08000afc   0x00000002   Code   RO           13    i.Error_Handler     main.o
    0x08000afe   0x08000afe   0x00000002   PAD
    0x08000b00   0x08000b00   0x000000fc   Code   RO         1911    i.HAL_ADCEx_MultiModeConfigChannel  stm32l4xx_hal_adc_ex.o
    0x08000bfc   0x08000bfc   0x00000402   Code   RO         1670    i.HAL_ADC_ConfigChannel  stm32l4xx_hal_adc.o
    0x08000ffe   0x08000ffe   0x00000002   Code   RO         1671    i.HAL_ADC_ConvCpltCallback  stm32l4xx_hal_adc.o
    0x08001000   0x08001000   0x00000002   Code   RO         1672    i.HAL_ADC_ConvHalfCpltCallback  stm32l4xx_hal_adc.o
    0x08001002   0x08001002   0x00000002   Code   RO         1674    i.HAL_ADC_ErrorCallback  stm32l4xx_hal_adc.o
    0x08001004   0x08001004   0x000001cc   Code   RO         1679    i.HAL_ADC_Init      stm32l4xx_hal_adc.o
    0x080011d0   0x080011d0   0x00000094   Code   RO          400    i.HAL_ADC_MspInit   adc.o
    0x08001264   0x08001264   0x0000010c   Code   RO         1686    i.HAL_ADC_Start_DMA  stm32l4xx_hal_adc.o
    0x08001370   0x08001370   0x0000004a   Code   RO         3393    i.HAL_DMA_Abort     stm32l4xx_hal_dma.o
    0x080013ba   0x080013ba   0x0000004e   Code   RO         3394    i.HAL_DMA_Abort_IT  stm32l4xx_hal_dma.o
    0x08001408   0x08001408   0x000000ba   Code   RO         3398    i.HAL_DMA_IRQHandler  stm32l4xx_hal_dma.o
    0x080014c2   0x080014c2   0x00000002   PAD
    0x080014c4   0x080014c4   0x000000c0   Code   RO         3399    i.HAL_DMA_Init      stm32l4xx_hal_dma.o
    0x08001584   0x08001584   0x00000070   Code   RO         3403    i.HAL_DMA_Start_IT  stm32l4xx_hal_dma.o
    0x080015f4   0x080015f4   0x0000021e   Code   RO         3329    i.HAL_GPIO_Init     stm32l4xx_hal_gpio.o
    0x08001812   0x08001812   0x0000000a   Code   RO         3333    i.HAL_GPIO_WritePin  stm32l4xx_hal_gpio.o
    0x0800181c   0x0800181c   0x0000000c   Code   RO         2111    i.HAL_GetTick       stm32l4xx_hal.o
    0x08001828   0x08001828   0x00000010   Code   RO         2117    i.HAL_IncTick       stm32l4xx_hal.o
    0x08001838   0x08001838   0x0000001e   Code   RO         2118    i.HAL_Init          stm32l4xx_hal.o
    0x08001856   0x08001856   0x00000002   PAD
    0x08001858   0x08001858   0x00000074   Code   RO          766    i.HAL_InitTick      stm32l4xx_hal_timebase_tim.o
    0x080018cc   0x080018cc   0x00000034   Code   RO          742    i.HAL_MspInit       stm32l4xx_hal_msp.o
    0x08001900   0x08001900   0x0000001a   Code   RO         3888    i.HAL_NVIC_EnableIRQ  stm32l4xx_hal_cortex.o
    0x0800191a   0x0800191a   0x00000002   PAD
    0x0800191c   0x0800191c   0x00000040   Code   RO         3894    i.HAL_NVIC_SetPriority  stm32l4xx_hal_cortex.o
    0x0800195c   0x0800195c   0x00000024   Code   RO         3895    i.HAL_NVIC_SetPriorityGrouping  stm32l4xx_hal_cortex.o
    0x08001980   0x08001980   0x00000068   Code   RO         3620    i.HAL_PWREx_ControlVoltageScaling  stm32l4xx_hal_pwr_ex.o
    0x080019e8   0x080019e8   0x00000010   Code   RO         3653    i.HAL_PWREx_GetVoltageRange  stm32l4xx_hal_pwr_ex.o
    0x080019f8   0x080019f8   0x000003ae   Code   RO         2982    i.HAL_RCCEx_PeriphCLKConfig  stm32l4xx_hal_rcc_ex.o
    0x08001da6   0x08001da6   0x00000002   PAD
    0x08001da8   0x08001da8   0x00000144   Code   RO         2861    i.HAL_RCC_ClockConfig  stm32l4xx_hal_rcc.o
    0x08001eec   0x08001eec   0x00000040   Code   RO         2864    i.HAL_RCC_GetClockConfig  stm32l4xx_hal_rcc.o
    0x08001f2c   0x08001f2c   0x00000024   Code   RO         2867    i.HAL_RCC_GetPCLK1Freq  stm32l4xx_hal_rcc.o
    0x08001f50   0x08001f50   0x00000024   Code   RO         2868    i.HAL_RCC_GetPCLK2Freq  stm32l4xx_hal_rcc.o
    0x08001f74   0x08001f74   0x000000a4   Code   RO         2870    i.HAL_RCC_GetSysClockFreq  stm32l4xx_hal_rcc.o
    0x08002018   0x08002018   0x00000518   Code   RO         2873    i.HAL_RCC_OscConfig  stm32l4xx_hal_rcc.o
    0x08002530   0x08002530   0x000000e0   Code   RO         4577    i.HAL_SPI_Init      stm32l4xx_hal_spi.o
    0x08002610   0x08002610   0x00000068   Code   RO          532    i.HAL_SPI_MspInit   spi.o
    0x08002678   0x08002678   0x0000018e   Code   RO         4585    i.HAL_SPI_Transmit  stm32l4xx_hal_spi.o
    0x08002806   0x08002806   0x00000018   Code   RO         3897    i.HAL_SYSTICK_CLKSourceConfig  stm32l4xx_hal_cortex.o
    0x0800281e   0x0800281e   0x00000002   Code   RO         5633    i.HAL_TIMEx_Break2Callback  stm32l4xx_hal_tim_ex.o
    0x08002820   0x08002820   0x00000002   Code   RO         5634    i.HAL_TIMEx_BreakCallback  stm32l4xx_hal_tim_ex.o
    0x08002822   0x08002822   0x00000002   Code   RO         5635    i.HAL_TIMEx_CommutCallback  stm32l4xx_hal_tim_ex.o
    0x08002824   0x08002824   0x0000009c   Code   RO         5655    i.HAL_TIMEx_MasterConfigSynchronization  stm32l4xx_hal_tim_ex.o
    0x080028c0   0x080028c0   0x00000062   Code   RO         4919    i.HAL_TIM_Base_Init  stm32l4xx_hal_tim.o
    0x08002922   0x08002922   0x00000002   PAD
    0x08002924   0x08002924   0x00000064   Code   RO          574    i.HAL_TIM_Base_MspInit  tim.o
    0x08002988   0x08002988   0x00000080   Code   RO         4924    i.HAL_TIM_Base_Start_IT  stm32l4xx_hal_tim.o
    0x08002a08   0x08002a08   0x00000030   Code   RO         4927    i.HAL_TIM_Base_Stop_IT  stm32l4xx_hal_tim.o
    0x08002a38   0x08002a38   0x00000002   Code   RO         4953    i.HAL_TIM_IC_CaptureCallback  stm32l4xx_hal_tim.o
    0x08002a3a   0x08002a3a   0x00000184   Code   RO         4967    i.HAL_TIM_IRQHandler  stm32l4xx_hal_tim.o
    0x08002bbe   0x08002bbe   0x00000002   Code   RO         4970    i.HAL_TIM_OC_DelayElapsedCallback  stm32l4xx_hal_tim.o
    0x08002bc0   0x08002bc0   0x00000002   Code   RO         4997    i.HAL_TIM_PWM_PulseFinishedCallback  stm32l4xx_hal_tim.o
    0x08002bc2   0x08002bc2   0x00000002   PAD
    0x08002bc4   0x08002bc4   0x00000020   Code   RO           14    i.HAL_TIM_PeriodElapsedCallback  main.o
    0x08002be4   0x08002be4   0x00000002   Code   RO         5010    i.HAL_TIM_TriggerCallback  stm32l4xx_hal_tim.o
    0x08002be6   0x08002be6   0x00000002   Code   RO         4099    i.HAL_UARTEx_RxEventCallback  stm32l4xx_hal_uart.o
    0x08002be8   0x08002be8   0x00000002   Code   RO         4492    i.HAL_UARTEx_WakeupCallback  stm32l4xx_hal_uart_ex.o
    0x08002bea   0x08002bea   0x00000002   Code   RO         4115    i.HAL_UART_ErrorCallback  stm32l4xx_hal_uart.o
    0x08002bec   0x08002bec   0x00000294   Code   RO         4118    i.HAL_UART_IRQHandler  stm32l4xx_hal_uart.o
    0x08002e80   0x08002e80   0x00000066   Code   RO         4119    i.HAL_UART_Init     stm32l4xx_hal_uart.o
    0x08002ee6   0x08002ee6   0x00000002   PAD
    0x08002ee8   0x08002ee8   0x00000160   Code   RO          466    i.HAL_UART_MspInit  usart.o
    0x08003048   0x08003048   0x000000fe   Code   RO         4122    i.HAL_UART_Receive  stm32l4xx_hal_uart.o
    0x08003146   0x08003146   0x00000002   PAD
    0x08003148   0x08003148   0x00000054   Code   RO         4124    i.HAL_UART_Receive_IT  stm32l4xx_hal_uart.o
    0x0800319c   0x0800319c   0x000001b0   Code   RO         1466    i.HAL_UART_RxCpltCallback  serial_port.o
    0x0800334c   0x0800334c   0x000000b6   Code   RO         4128    i.HAL_UART_Transmit  stm32l4xx_hal_uart.o
    0x08003402   0x08003402   0x00000002   PAD
    0x08003404   0x08003404   0x00000070   Code   RO         4130    i.HAL_UART_Transmit_IT  stm32l4xx_hal_uart.o
    0x08003474   0x08003474   0x00000048   Code   RO         1467    i.HAL_UART_TxCpltCallback  serial_port.o
    0x080034bc   0x080034bc   0x00000002   Code   RO          624    i.HardFault_Handler  stm32l4xx_it.o
    0x080034be   0x080034be   0x00000002   PAD
    0x080034c0   0x080034c0   0x00000064   Code   RO         1332    i.IIC_Init          myiic.o
    0x08003524   0x08003524   0x00000052   Code   RO          805    i.LCD_Address_Set   tftlcd.o
    0x08003576   0x08003576   0x00000002   PAD
    0x08003578   0x08003578   0x00000058   Code   RO          806    i.LCD_Clear         tftlcd.o
    0x080035d0   0x080035d0   0x000000fc   Code   RO          809    i.LCD_DrawLine      tftlcd.o
    0x080036cc   0x080036cc   0x0000001c   Code   RO          813    i.LCD_Draw_Point    tftlcd.o
    0x080036e8   0x080036e8   0x0000008a   Code   RO          814    i.LCD_Fill          tftlcd.o
    0x08003772   0x08003772   0x00000002   PAD
    0x08003774   0x08003774   0x0000007c   Code   RO          815    i.LCD_Gpio_Init     tftlcd.o
    0x080037f0   0x080037f0   0x000001a0   Code   RO          816    i.LCD_Init          tftlcd.o
    0x08003990   0x08003990   0x00000004   Code   RO          819    i.LCD_SPI_Send      tftlcd.o
    0x08003994   0x08003994   0x00000142   Code   RO          820    i.LCD_ShowChar      tftlcd.o
    0x08003ad6   0x08003ad6   0x0000004c   Code   RO          822    i.LCD_ShowString    tftlcd.o
    0x08003b22   0x08003b22   0x00000002   PAD
    0x08003b24   0x08003b24   0x00000044   Code   RO          823    i.LCD_Show_Image    tftlcd.o
    0x08003b68   0x08003b68   0x00000014   Code   RO          825    i.LCD_WriteData     tftlcd.o
    0x08003b7c   0x08003b7c   0x0000001c   Code   RO          826    i.LCD_Write_Cmd     tftlcd.o
    0x08003b98   0x08003b98   0x0000001c   Code   RO          827    i.LCD_Write_Data    tftlcd.o
    0x08003bb4   0x08003bb4   0x00000028   Code   RO          828    i.LCD_Write_HalfWord  tftlcd.o
    0x08003bdc   0x08003bdc   0x0000000c   Code   RO         1692    i.LL_ADC_GetOffsetChannel  stm32l4xx_hal_adc.o
    0x08003be8   0x08003be8   0x00000008   Code   RO         1693    i.LL_ADC_INJ_IsConversionOngoing  stm32l4xx_hal_adc.o
    0x08003bf0   0x08003bf0   0x00000008   Code   RO         1694    i.LL_ADC_REG_IsConversionOngoing  stm32l4xx_hal_adc.o
    0x08003bf8   0x08003bf8   0x00000008   Code   RO         1921    i.LL_ADC_REG_IsConversionOngoing  stm32l4xx_hal_adc_ex.o
    0x08003c00   0x08003c00   0x00000010   Code   RO         1695    i.LL_ADC_REG_IsTriggerSourceSWStart  stm32l4xx_hal_adc.o
    0x08003c10   0x08003c10   0x0000001e   Code   RO         1697    i.LL_ADC_SetChannelSamplingTime  stm32l4xx_hal_adc.o
    0x08003c2e   0x08003c2e   0x00000010   Code   RO         1698    i.LL_ADC_SetOffsetState  stm32l4xx_hal_adc.o
    0x08003c3e   0x08003c3e   0x00000002   PAD
    0x08003c40   0x08003c40   0x0000000c   Code   RO          625    i.LPUART1_IRQHandler  stm32l4xx_it.o
    0x08003c4c   0x08003c4c   0x000000b0   Code   RO          401    i.MX_ADC1_Init      adc.o
    0x08003cfc   0x08003cfc   0x0000002c   Code   RO          441    i.MX_DMA_Init       dma.o
    0x08003d28   0x08003d28   0x0000007c   Code   RO          316    i.MX_FREERTOS_Init  freertos.o
    0x08003da4   0x08003da4   0x0000006c   Code   RO          292    i.MX_GPIO_Init      gpio.o
    0x08003e10   0x08003e10   0x00000048   Code   RO          467    i.MX_LPUART1_UART_Init  usart.o
    0x08003e58   0x08003e58   0x00000050   Code   RO          533    i.MX_SPI3_Init      spi.o
    0x08003ea8   0x08003ea8   0x00000048   Code   RO          575    i.MX_TIM6_Init      tim.o
    0x08003ef0   0x08003ef0   0x00000048   Code   RO          576    i.MX_TIM7_Init      tim.o
    0x08003f38   0x08003f38   0x00000048   Code   RO          468    i.MX_USART1_UART_Init  usart.o
    0x08003f80   0x08003f80   0x0000003c   Code   RO          469    i.MX_USART2_UART_Init  usart.o
    0x08003fbc   0x08003fbc   0x0000003c   Code   RO          470    i.MX_USART3_UART_Init  usart.o
    0x08003ff8   0x08003ff8   0x00000002   Code   RO          626    i.MemManage_Handler  stm32l4xx_it.o
    0x08003ffa   0x08003ffa   0x00000002   PAD
    0x08003ffc   0x08003ffc   0x00000048   Code   RO         1598    i.ModBusParse       modbus.o
    0x08004044   0x08004044   0x00000024   Code   RO         1600    i.ModBus_Init       modbus.o
    0x08004068   0x08004068   0x0000000c   Code   RO         1601    i.ModBus_SetAddress  modbus.o
    0x08004074   0x08004074   0x00000002   Code   RO          627    i.NMI_Handler       stm32l4xx_it.o
    0x08004076   0x08004076   0x00000002   PAD
    0x08004078   0x08004078   0x0000012c   Code   RO         2986    i.RCCEx_PLLSAI1_Config  stm32l4xx_hal_rcc_ex.o
    0x080041a4   0x080041a4   0x00000108   Code   RO         2987    i.RCCEx_PLLSAI2_Config  stm32l4xx_hal_rcc_ex.o
    0x080042ac   0x080042ac   0x0000007c   Code   RO         2874    i.RCC_SetFlashLatencyFromMSIRange  stm32l4xx_hal_rcc.o
    0x08004328   0x08004328   0x00000048   Code   RO         4615    i.SPI_EndRxTxTransaction  stm32l4xx_hal_spi.o
    0x08004370   0x08004370   0x000000e6   Code   RO         4620    i.SPI_WaitFifoStateUntilTimeout  stm32l4xx_hal_spi.o
    0x08004456   0x08004456   0x00000002   PAD
    0x08004458   0x08004458   0x000000b8   Code   RO         4621    i.SPI_WaitFlagStateUntilTimeout  stm32l4xx_hal_spi.o
    0x08004510   0x08004510   0x0000002c   Code   RO         7174    i.SysTick_Handler   port.o
    0x0800453c   0x0800453c   0x0000009c   Code   RO           15    i.SystemClock_Config  main.o
    0x080045d8   0x080045d8   0x00000044   Code   RO         5919    i.SystemInit        system_stm32l4xx.o
    0x0800461c   0x0800461c   0x0000000c   Code   RO          628    i.TIM1_UP_TIM16_IRQHandler  stm32l4xx_it.o
    0x08004628   0x08004628   0x0000000c   Code   RO          629    i.TIM6_DAC_IRQHandler  stm32l4xx_it.o
    0x08004634   0x08004634   0x00000080   Code   RO          630    i.TIM7_IRQHandler   stm32l4xx_it.o
    0x080046b4   0x080046b4   0x000000c0   Code   RO         5012    i.TIM_Base_SetConfig  stm32l4xx_hal_tim.o
    0x08004774   0x08004774   0x000000c8   Code   RO         4133    i.UART_AdvFeatureConfig  stm32l4xx_hal_uart.o
    0x0800483c   0x0800483c   0x0000005c   Code   RO         4134    i.UART_CheckIdleState  stm32l4xx_hal_uart.o
    0x08004898   0x08004898   0x00000014   Code   RO         4135    i.UART_DMAAbortOnError  stm32l4xx_hal_uart.o
    0x080048ac   0x080048ac   0x0000004a   Code   RO         4145    i.UART_EndRxTransfer  stm32l4xx_hal_uart.o
    0x080048f6   0x080048f6   0x0000009e   Code   RO         4147    i.UART_RxISR_16BIT  stm32l4xx_hal_uart.o
    0x08004994   0x08004994   0x0000009e   Code   RO         4148    i.UART_RxISR_8BIT   stm32l4xx_hal_uart.o
    0x08004a32   0x08004a32   0x00000002   PAD
    0x08004a34   0x08004a34   0x00000248   Code   RO         4149    i.UART_SetConfig    stm32l4xx_hal_uart.o
    0x08004c7c   0x08004c7c   0x000000b8   Code   RO         4151    i.UART_Start_Receive_IT  stm32l4xx_hal_uart.o
    0x08004d34   0x08004d34   0x00000050   Code   RO         4152    i.UART_TxISR_16BIT  stm32l4xx_hal_uart.o
    0x08004d84   0x08004d84   0x0000004c   Code   RO         4153    i.UART_TxISR_8BIT   stm32l4xx_hal_uart.o
    0x08004dd0   0x08004dd0   0x000000c6   Code   RO         4154    i.UART_WaitOnFlagUntilTimeout  stm32l4xx_hal_uart.o
    0x08004e96   0x08004e96   0x00000002   PAD
    0x08004e98   0x08004e98   0x000000f4   Code   RO          631    i.USART1_IRQHandler  stm32l4xx_it.o
    0x08004f8c   0x08004f8c   0x00000038   Code   RO          632    i.USART2_IRQHandler  stm32l4xx_it.o
    0x08004fc4   0x08004fc4   0x0000000c   Code   RO          633    i.USART3_IRQHandler  stm32l4xx_it.o
    0x08004fd0   0x08004fd0   0x00000002   Code   RO          634    i.UsageFault_Handler  stm32l4xx_it.o
    0x08004fd2   0x08004fd2   0x00000002   PAD
    0x08004fd4   0x08004fd4   0x00000020   Code   RO         7718    i.__0printf         mc_w.l(printfa.o)
    0x08004ff4   0x08004ff4   0x00000020   Code   RO         3901    i.__NVIC_SetPriority  stm32l4xx_hal_cortex.o
    0x08005014   0x08005014   0x0000000e   Code   RO         7796    i.__scatterload_copy  mc_w.l(handlers.o)
    0x08005022   0x08005022   0x00000002   Code   RO         7797    i.__scatterload_null  mc_w.l(handlers.o)
    0x08005024   0x08005024   0x0000000e   Code   RO         7798    i.__scatterload_zeroinit  mc_w.l(handlers.o)
    0x08005032   0x08005032   0x00000016   Code   RO          974    i.__show_title      gui.o
    0x08005048   0x08005048   0x0000018a   Code   RO         7725    i._fp_digits        mc_w.l(printfa.o)
    0x080051d2   0x080051d2   0x00000002   PAD
    0x080051d4   0x080051d4   0x000006e2   Code   RO         7726    i._printf_core      mc_w.l(printfa.o)
    0x080058b6   0x080058b6   0x00000024   Code   RO         7727    i._printf_post_padding  mc_w.l(printfa.o)
    0x080058da   0x080058da   0x0000002e   Code   RO         7728    i._printf_pre_padding  mc_w.l(printfa.o)
    0x08005908   0x08005908   0x00000014   Code   RO         1219    i.delay_init        delay.o
    0x0800591c   0x0800591c   0x00000048   Code   RO         7258    i.drv_serial_init   at.lib(drv_serial.o)
    0x08005964   0x08005964   0x00000020   Code   RO         7260    i.drv_serial_tim_irhandle  at.lib(drv_serial.o)
    0x08005984   0x08005984   0x00000070   Code   RO         7261    i.drv_serial_usart_irhandle  at.lib(drv_serial.o)
    0x080059f4   0x080059f4   0x00000020   Code   RO         1555    i.example_nbiot_aliyun_air_task  example_nbiot_aliyun_air.o
    0x08005a14   0x08005a14   0x00000018   Code   RO          471    i.fputc             usart.o
    0x08005a2c   0x08005a2c   0x00000064   Code   RO          317    i.initThread        freertos.o
    0x08005a90   0x08005a90   0x00000010   Code   RO          318    i.iotThread         freertos.o
    0x08005aa0   0x08005aa0   0x0000007c   Code   RO         1069    i.led_init          bsp_change.o
    0x08005b1c   0x08005b1c   0x00000078   Code   RO           16    i.main              main.o
    0x08005b94   0x08005b94   0x0000000c   Code   RO         6739    i.makeFreeRtosPriority  cmsis_os.o
    0x08005ba0   0x08005ba0   0x000000c4   Code   RO         1070    i.new_hard_init     bsp_change.o
    0x08005c64   0x08005c64   0x0000000e   Code   RO         6741    i.osDelay           cmsis_os.o
    0x08005c72   0x08005c72   0x0000000a   Code   RO         6744    i.osKernelStart     cmsis_os.o
    0x08005c7c   0x08005c7c   0x00000054   Code   RO         6778    i.osThreadCreate    cmsis_os.o
    0x08005cd0   0x08005cd0   0x00000018   Code   RO         1102    i.power_init        power.o
    0x08005ce8   0x08005ce8   0x00000070   Code   RO         6421    i.prvAddCurrentTaskToDelayedList  tasks.o
    0x08005d58   0x08005d58   0x000000d0   Code   RO         6422    i.prvAddNewTaskToReadyList  tasks.o
    0x08005e28   0x08005e28   0x00000034   Code   RO         6423    i.prvDeleteTCB      tasks.o
    0x08005e5c   0x08005e5c   0x00000048   Code   RO         7106    i.prvHeapInit       heap_4.o
    0x08005ea4   0x08005ea4   0x00000060   Code   RO         6424    i.prvIdleTask       tasks.o
    0x08005f04   0x08005f04   0x00000098   Code   RO         6425    i.prvInitialiseNewTask  tasks.o
    0x08005f9c   0x08005f9c   0x0000004c   Code   RO         7107    i.prvInsertBlockIntoFreeList  heap_4.o
    0x08005fe8   0x08005fe8   0x00000020   Code   RO         6426    i.prvResetNextTaskUnblockTime  tasks.o
    0x08006008   0x08006008   0x00000028   Code   RO         7175    i.prvTaskExitError  port.o
    0x08006030   0x08006030   0x00000034   Code   RO         6427    i.prvTaskIsTaskSuspended  tasks.o
    0x08006064   0x08006064   0x000000dc   Code   RO         7108    i.pvPortMalloc      heap_4.o
    0x08006140   0x08006140   0x0000002c   Code   RO         7176    i.pxPortInitialiseStack  port.o
    0x0800616c   0x0800616c   0x000000c8   Code   RO          319    i.readOxygenThread  freertos.o
    0x08006234   0x08006234   0x0000005c   Code   RO          320    i.readPHValThread   freertos.o
    0x08006290   0x08006290   0x000000a0   Code   RO         1171    i.send_get_attribute  oxygen.o
    0x08006330   0x08006330   0x00000098   Code   RO          978    i.show_smoke_gui    gui.o
    0x080063c8   0x080063c8   0x0000005c   Code   RO          984    i.show_wifi_state   gui.o
    0x08006424   0x08006424   0x00000026   Code   RO         6057    i.uxListRemove      list.o
    0x0800644a   0x0800644a   0x00000002   PAD
    0x0800644c   0x0800644c   0x00000014   Code   RO          321    i.vApplicationGetIdleTaskMemory  freertos.o
    0x08006460   0x08006460   0x00000016   Code   RO         6058    i.vListInitialise   list.o
    0x08006476   0x08006476   0x00000006   Code   RO         6059    i.vListInitialiseItem  list.o
    0x0800647c   0x0800647c   0x00000030   Code   RO         6060    i.vListInsert       list.o
    0x080064ac   0x080064ac   0x00000018   Code   RO         6061    i.vListInsertEnd    list.o
    0x080064c4   0x080064c4   0x00000040   Code   RO         7178    i.vPortEnterCritical  port.o
    0x08006504   0x08006504   0x00000028   Code   RO         7179    i.vPortExitCritical  port.o
    0x0800652c   0x0800652c   0x00000064   Code   RO         7109    i.vPortFree         heap_4.o
    0x08006590   0x08006590   0x00000024   Code   RO         7180    i.vPortSetupTimerInterrupt  port.o
    0x080065b4   0x080065b4   0x00000054   Code   RO         7181    i.vPortValidateInterruptPriority  port.o
    0x08006608   0x08006608   0x0000004c   Code   RO         6435    i.vTaskDelay        tasks.o
    0x08006654   0x08006654   0x000000ac   Code   RO         6436    i.vTaskDelete       tasks.o
    0x08006700   0x08006700   0x0000007c   Code   RO         6446    i.vTaskResume       tasks.o
    0x0800677c   0x0800677c   0x0000006c   Code   RO         6448    i.vTaskStartScheduler  tasks.o
    0x080067e8   0x080067e8   0x000000bc   Code   RO         6449    i.vTaskSuspend      tasks.o
    0x080068a4   0x080068a4   0x00000010   Code   RO         6450    i.vTaskSuspendAll   tasks.o
    0x080068b4   0x080068b4   0x0000005c   Code   RO         6451    i.vTaskSwitchContext  tasks.o
    0x08006910   0x08006910   0x000000f4   Code   RO         7182    i.xPortStartScheduler  port.o
    0x08006a04   0x08006a04   0x0000009c   Code   RO         6116    i.xQueueGiveFromISR  queue.o
    0x08006aa0   0x08006aa0   0x00000060   Code   RO         6454    i.xTaskCreate       tasks.o
    0x08006b00   0x08006b00   0x00000056   Code   RO         6455    i.xTaskCreateStatic  tasks.o
    0x08006b56   0x08006b56   0x00000002   PAD
    0x08006b58   0x08006b58   0x000000cc   Code   RO         6462    i.xTaskIncrementTick  tasks.o
    0x08006c24   0x08006c24   0x00000074   Code   RO         6467    i.xTaskRemoveFromEventList  tasks.o
    0x08006c98   0x08006c98   0x000000c4   Code   RO         6468    i.xTaskResumeAll    tasks.o
    0x08006d5c   0x08006d5c   0x00000070   Data   RO          323    .constdata          freertos.o
    0x08006dcc   0x08006dcc   0x00004bb4   Data   RO          830    .constdata          tftlcd.o
    0x0800b980   0x0800b980   0x00003e80   Data   RO          985    .constdata          gui.o
    0x0800f800   0x0800f800   0x00000040   Data   RO         5920    .constdata          system_stm32l4xx.o
    0x0800f840   0x0800f840   0x00000008   Data   RO         5921    .constdata          system_stm32l4xx.o
    0x0800f848   0x0800f848   0x00000034   Data   RO          324    .conststring        freertos.o
    0x0800f87c   0x0800f87c   0x00000020   Data   RO         7794    Region$$Table       anon$$obj.o


    Execution Region RW_IRAM2 (Exec base: 0x10000000, Load base: 0x0800f960, Size: 0x00000000, Max: 0x00008000, ABSOLUTE)

    **** No section assigned to this execution region ****


    Execution Region RW_IRAM1 (Exec base: 0x20000000, Load base: 0x0800f89c, Size: 0x000032e8, Max: 0x00018000, ABSOLUTE)

    Exec Addr    Load Addr    Size         Type   Attr      Idx    E Section Name        Object

    0x20000000   0x0800f89c   0x00000004   Data   RW          325    .data               freertos.o
    0x20000004   0x0800f8a0   0x00000010   Data   RW          326    .data               freertos.o
    0x20000014   0x0800f8b0   0x00000004   Data   RW          637    .data               stm32l4xx_it.o
    0x20000018   0x0800f8b4   0x00000004   Data   RW          831    .data               tftlcd.o
    0x2000001c   0x0800f8b8   0x00000003   Data   RW         1175    .data               oxygen.o
    0x2000001f   0x0800f8bb   0x00000001   Data   RW         1177    .data               oxygen.o
    0x20000020   0x0800f8bc   0x00000004   Data   RW         1222    .data               delay.o
    0x20000024   0x0800f8c0   0x0000000a   Data   RW         1289    .data               ccs811.o
    0x2000002e   0x0800f8ca   0x00000002   PAD
    0x20000030   0x0800f8cc   0x00000008   Data   RW         1432    .data               smoke.o
    0x20000038   0x0800f8d4   0x00000008   Data   RW         1470    .data               serial_port.o
    0x20000040   0x0800f8dc   0x00000003   Data   RW         1604    .data               modbus.o
    0x20000043   0x0800f8df   0x00000001   PAD
    0x20000044   0x0800f8e0   0x0000000c   Data   RW         2135    .data               stm32l4xx_hal.o
    0x20000050   0x0800f8ec   0x00000004   Data   RW         5922    .data               system_stm32l4xx.o
    0x20000054   0x0800f8f0   0x0000003c   Data   RW         6471    .data               tasks.o
    0x20000090   0x0800f92c   0x00000020   Data   RW         7115    .data               heap_4.o
    0x200000b0   0x0800f94c   0x0000000c   Data   RW         7183    .data               port.o
    0x200000bc   0x0800f958   0x00000004   Data   RW         7264    .data               at.lib(drv_serial.o)
    0x200000c0   0x0800f95c   0x00000004   Data   RW         7772    .data               mc_w.l(stdout.o)
    0x200000c4        -       0x00000254   Zero   RW          322    .bss                freertos.o
    0x20000318        -       0x000000ac   Zero   RW          402    .bss                adc.o
    0x200003c4        -       0x00000210   Zero   RW          472    .bss                usart.o
    0x200005d4        -       0x00000064   Zero   RW          534    .bss                spi.o
    0x20000638        -       0x00000098   Zero   RW          577    .bss                tim.o
    0x200006d0        -       0x00000018   Zero   RW          635    .bss                stm32l4xx_it.o
    0x200006e8        -       0x0000004c   Zero   RW          769    .bss                stm32l4xx_hal_timebase_tim.o
    0x20000734        -       0x00000480   Zero   RW          829    .bss                tftlcd.o
    0x20000bb4        -       0x0000000c   Zero   RW         1138    .bss                ph.o
    0x20000bc0        -       0x00000027   Zero   RW         1173    .bss                oxygen.o
    0x20000be7        -       0x00000018   Zero   RW         1468    .bss                serial_port.o
    0x20000bff   0x0800f960   0x00000001   PAD
    0x20000c00        -       0x00000240   Zero   RW         1603    .bss                modbus.o
    0x20000e40        -       0x000000f0   Zero   RW         6470    .bss                tasks.o
    0x20000f30        -       0x00000bb8   Zero   RW         7114    .bss                heap_4.o
    0x20001ae8        -       0x00000800   Zero   RW         7263    .bss                at.lib(drv_serial.o)
    0x200022e8        -       0x00001000   Zero   RW            1    STACK               startup_stm32l476xx.o


==============================================================================

Image component sizes


      Code (inc. data)   RO Data    RW Data    ZI Data      Debug   Object Name

       324         40          0          0        172       1819   adc.o
       320         22          0          0          0       2020   bsp_change.o
         0          0          0         10          0        905   ccs811.o
       120          0          0          0          0      23173   cmsis_os.o
        20          4          0          4          0        681   delay.o
        44          4          0          0          0        750   dma.o
         0          0          0          0          0      19916   event_groups.o
        32          4          0          0          0       1456   example_nbiot_aliyun_air.o
       552        198        164         20        596       4873   freertos.o
       108          8          0          0          0        891   gpio.o
       266         60      16000          0          0       3183   gui.o
       468         22          0         32       3000       7323   heap_4.o
       138          0          0          0          0       3462   list.o
       310         14          0          0          0     918940   main.o
       212         36          0          3        576       3306   modbus.o
       100         10          0          0          0        943   myiic.o
       160         40          0          4         39       2095   oxygen.o
         0          0          0          0         12        551   ph.o
       818         82          0         12          0      11689   port.o
        24          8          0          0          0        497   power.o
       156          0          0          0          0       6204   queue.o
       504         82          0          8         24       2496   serial_port.o
         0          0          0          8          0        529   smoke.o
       184         22          0          0        100       1649   spi.o
        36          8        392          0       4096        824   startup_stm32l476xx.o
        58         10          0         12          0      12982   stm32l4xx_hal.o
      2162        142          0          0          0      71349   stm32l4xx_hal_adc.o
       260         18          0          0          0      59919   stm32l4xx_hal_adc_ex.o
       182         14          0          0          0      33592   stm32l4xx_hal_cortex.o
       688         14          0          0          0       5078   stm32l4xx_hal_dma.o
       552         36          0          0          0       2320   stm32l4xx_hal_gpio.o
        52          4          0          0          0        838   stm32l4xx_hal_msp.o
       120         20          0          0          0       1338   stm32l4xx_hal_pwr_ex.o
      2052        108          0          0          0       7477   stm32l4xx_hal_rcc.o
      1506         44          0          0          0       4004   stm32l4xx_hal_rcc_ex.o
      1108         10          0          0          0       5794   stm32l4xx_hal_spi.o
       862         60          0          0          0       7396   stm32l4xx_hal_tim.o
       162         26          0          0          0       3040   stm32l4xx_hal_tim_ex.o
       116         18          0          0         76       1383   stm32l4xx_hal_timebase_tim.o
      3222         94          0          0          0      17333   stm32l4xx_hal_uart.o
         2          0          0          0          0        988   stm32l4xx_hal_uart_ex.o
       500        110          0          4         24       7805   stm32l4xx_it.o
         0          0          0          0          0        392   stream_buffer.o
        68         12         72          4          0       1197   system_stm32l4xx.o
      2178        164          0         60        240      23628   tasks.o
      1714         90      19380          4       1152      12087   tftlcd.o
       244         32          0          0        152       2183   tim.o
       640         62          0          0        528       4200   usart.o

    ----------------------------------------------------------------------
     23394       1752      36040        188      10788    1306498   Object Totals
         0          0         32          0          0          0   (incl. Generated)
        50          0          0          3          1          0   (incl. Padding)

    ----------------------------------------------------------------------

      Code (inc. data)   RO Data    RW Data    ZI Data      Debug   Library Member Name

       216         56          0          4       2048     731465   drv_serial.o
         0          0          0          0          0          0   entry.o
         0          0          0          0          0          0   entry10a.o
         0          0          0          0          0          0   entry11a.o
         8          4          0          0          0          0   entry2.o
         4          0          0          0          0          0   entry5.o
         0          0          0          0          0          0   entry7b.o
         0          0          0          0          0          0   entry8b.o
         8          4          0          0          0          0   entry9a.o
        30          0          0          0          0          0   handlers.o
        36          8          0          0          0         68   init.o
         0          0          0          0          0          0   iusefp.o
        30          0          0          0          0         68   llshl.o
        36          0          0          0          0         68   llsshr.o
        32          0          0          0          0         68   llushr.o
        36          0          0          0          0         68   memcpya.o
        36          0          0          0          0        108   memseta.o
      2270         90          0          0          0        452   printfa.o
         0          0          0          4          0          0   stdout.o
        44          0          0          0          0         80   uidiv.o
       104          0          0          0          0         92   uldiv.o
        48          0          0          0          0         68   cdrcmple.o
        56          0          0          0          0         88   d2f.o
       350          0          0          0          0        148   dadd.o
       222          0          0          0          0        100   ddiv.o
       186          0          0          0          0        176   depilogue.o
        48          0          0          0          0         68   dfixul.o
        26          0          0          0          0         76   dfltui.o
       234          0          0          0          0         96   dmul.o
        38          0          0          0          0         68   f2d.o
       110          0          0          0          0        168   fepilogue.o

    ----------------------------------------------------------------------
      4210        162          0          8       2048     733593   Library Totals
         2          0          0          0          0          0   (incl. Padding)

    ----------------------------------------------------------------------

      Code (inc. data)   RO Data    RW Data    ZI Data      Debug   Library Name

       216         56          0          4       2048     731465   at.lib
      2674        106          0          4          0       1072   mc_w.l
      1318          0          0          0          0       1056   mf_w.l

    ----------------------------------------------------------------------
      4210        162          0          8       2048     733593   Library Totals

    ----------------------------------------------------------------------

==============================================================================


      Code (inc. data)   RO Data    RW Data    ZI Data      Debug   

     27604       1914      36040        196      12836    2019755   Grand Totals
     27604       1914      36040        196      12836    2019755   ELF Image Totals
     27604       1914      36040        196          0          0   ROM Totals

==============================================================================

    Total RO  Size (Code + RO Data)                63644 (  62.15kB)
    Total RW  Size (RW Data + ZI Data)             13032 (  12.73kB)
    Total ROM Size (Code + RO Data + RW Data)      63840 (  62.34kB)

==============================================================================

